login as: eltex-pg1-v13
Server refused our key
eltex-pg1-v13@217.71.138.1's password: 
Linux eltex-2026-spring 6.1.0-44-amd64 #1 SMP PREEMPT_DYNAMIC Debian 6.1.164-1 (2026-03-09) x86_64

The programs included with the Debian GNU/Linux system are free software;
the exact distribution terms for each program are described in the
individual files in /usr/share/doc/*/copyright.

Debian GNU/Linux comes with ABSOLUTELY NO WARRANTY, to the extent
permitted by applicable law.
Last login: Sat May  2 18:27:23 2026 from 104.28.212.74

eltex-pg1-v13@eltex-2026-spring-23:55>topwd

/home/eltex-pg1-v13
eltex-pg1-v13@eltex-2026-spring-23:55>touch practice2_${}U}S}E}R}_part2.log

eltex-pg1-v13@eltex-2026-spring-23:55>journalctl -b 20

Hint: You are currently not seeing messages from other users and the system.

      Users in groups 'adm', 'systemd-journal' can see all messages.

      Pass -q to turn off this notice.

Data from the specified boot (+20) is not available: No such boot ID in journal

eltex-pg1-v13@eltex-2026-spring-23:55>journalctl -b 20

Hint: You are currently not seeing messages from other users and the system.

      Users in groups 'adm', 'systemd-journal' can see all messages.

      Pass -q to turn off this notice.


 01 22:27:33 eltex-2026-spring systemd[2168]: Queued start job for default target default.target.
 01 22:27:33 eltex-2026-spring systemd[2168]: Created slice app.slice - User Application Slice.
 01 22:27:33 eltex-2026-spring systemd[2168]: Reached target paths.target - Paths.
 01 22:27:33 eltex-2026-spring systemd[2168]: Reached target timers.target - Timers.
 01 22:27:33 eltex-2026-spring systemd[2168]: Starting dbus.socket - D-Bus User Message Bus Socket...
 01 22:27:33 eltex-2026-spring systemd[2168]: Listening on dbus.socket - D-Bus User Message Bus Socket.
 01 22:27:33 eltex-2026-spring systemd[2168]: Reached target sockets.target - Sockets.
 01 22:27:33 eltex-2026-spring systemd[2168]: Reached target basic.target - Basic System.
 01 22:27:33 eltex-2026-spring systemd[2168]: Reached target default.target - Main User Target.
 01 22:27:33 eltex-2026-spring systemd[2168]: Startup finished in 136ms.
 01 23:14:10 eltex-2026-spring systemd[2168]: Activating special unit exit.target...
 01 23:14:10 eltex-2026-spring systemd[2168]: Stopped target default.target - Main User Target.
 01 23:14:10 eltex-2026-spring systemd[2168]: Stopped target basic.target - Basic System.
 01 23:14:10 eltex-2026-spring systemd[2168]: Stopped target paths.target - Paths.
 01 23:14:10 eltex-2026-spring systemd[2168]: Stopped target sockets.target - Sockets.
 01 23:14:10 eltex-2026-spring systemd[2168]: Stopped target timers.target - Timers.
 01 23:14:10 eltex-2026-spring systemd[2168]: Closed dbus.socket - D-Bus User Message Bus Socket.
 01 23:14:10 eltex-2026-spring systemd[2168]: Removed slice app.slice - User Application Slice.
 01 23:14:10 eltex-2026-spring systemd[2168]: Reached target shutdown.target - Shutdown.
 01 23:14:10 eltex-2026-spring systemd[2168]: Finished systemd-exit.service - Exit the Session.
 01 23:14:10 eltex-2026-spring systemd[2168]: Reached target exit.target - Exit the Session.
 01 23:14:47 eltex-2026-spring systemd[2213]: Queued start job for default target default.target.
 01 23:14:47 eltex-2026-spring systemd[2213]: Created slice app.slice - User Application Slice.
 01 23:14:47 eltex-2026-spring systemd[2213]: Reached target paths.target - Paths.
 01 23:14:47 eltex-2026-spring systemd[2213]: Reached target timers.target - Timers.
 01 23:14:47 eltex-2026-spring systemd[2213]: Starting dbus.socket - D-Bus User Message Bus Socket...
 01 23:14:47 eltex-2026-spring systemd[2213]: Listening on dbus.socket - D-Bus User Message Bus Socket.
 01 23:14:47 eltex-2026-spring systemd[2213]: Reached target sockets.target - Sockets.
 01 23:14:47 eltex-2026-spring systemd[2213]: Reached target basic.target - Basic System.
 01 23:14:47 eltex-2026-spring systemd[2213]: Reached target default.target - Main User Target.
 01 23:14:47 eltex-2026-spring systemd[2213]: Startup finished in 137ms.
 02 00:03:28 eltex-2026-spring systemd[2213]: Activating special unit exit.target...
 02 00:03:28 eltex-2026-spring systemd[2213]: Stopped target default.target - Main User Target.
 02 00:03:28 eltex-2026-spring systemd[2213]: Stopped target basic.target - Basic System.
 02 00:03:28 eltex-2026-spring systemd[2213]: Stopped target paths.target - Paths.
 02 00:03:28 eltex-2026-spring systemd[2213]: Stopped target sockets.target - Sockets.
 02 00:03:28 eltex-2026-spring systemd[2213]: Stopped target timers.target - Timers.
 02 00:03:28 eltex-2026-spring systemd[2213]: Closed dbus.socket - D-Bus User Message Bus Socket.
 02 00:03:28 eltex-2026-spring systemd[2213]: Removed slice app.slice - User Application Slice.
 02 00:03:28 eltex-2026-spring systemd[2213]: Reached target shutdown.target - Shutdown.
 02 00:03:28 eltex-2026-spring systemd[2213]: Finished systemd-exit.service - Exit the Session.
 02 00:03:28 eltex-2026-spring systemd[2213]: Reached target exit.target - Exit the Session.
 02 18:27:23 eltex-2026-spring systemd[2783]: Queued start job for default target default.target.
 02 18:27:23 eltex-2026-spring systemd[2783]: Created slice app.slice - User Application Slice.
 02 18:27:23 eltex-2026-spring systemd[2783]: Reached target paths.target - Paths.
 02 18:27:23 eltex-2026-spring systemd[2783]: Reached target timers.target - Timers.
 02 18:27:23 eltex-2026-spring systemd[2783]: Starting dbus.socket - D-Bus User Message Bus Socket...
 02 18:27:23 eltex-2026-spring systemd[2783]: Listening on dbus.socket - D-Bus User Message Bus Socket.
lines 1-48

eltex-pg1-v13@eltex-2026-spring-23:55>journalssh root@172.16.9.187

Welcome to Ubuntu 24.04.2 LTS (GNU/Linux 6.8.0-110-generic x86_64)

 * Documentation:  https://help.ubuntu.com
 * Management:     https://landscape.canonical.com
 * Support:        https://ubuntu.com/pro

 System information as of Sun May  3 05:07:55 PM UTC 2026

  System load:  0.0                Processes:              113
  Usage of /:   42.6% of 14.66GB   Users logged in:        0
  Memory usage: 7%                 IPv4 address for ens18: 172.16.9.187
  Swap usage:   0%

 * Strictly confined Kubernetes makes edge and IoT secure. Learn how MicroK8s
   just raised the bar for easy, resilient and secure K8s cluster deployment.

   https://ubuntu.com/engage/secure-kubernetes-at-the-edge

Expanded Security Maintenance for Applications is not enabled.

95 updates can be applied immediately.
To see these additional updates run: apt list --upgradable

1 additional security update can be applied with ESM Apps.
Learn more about enabling ESM Apps service at https://ubuntu.com/esm


bakuk aleksandr
Last login: Sat May  2 11:27:50 2026 from 172.16.8.4

root@eltex-practice2-pg1-v13:~# journalctl -b S 


Apr 29 01:29:58 localhost kernel: Linux version 6.8.0-110-generic (buildd@lcy02-amd64-115) (x86_64-linux-gnu-gcc-13 (Ubuntu 13.3.0-6ubuntu2~24.04.1) 13.3.0, GNU ld (GNU Binutils for Ubuntu>
Apr 29 01:29:58 localhost kernel: Command line: BOOT_IMAGE=/vmlinuz-6.8.0-110-generic root=/dev/mapper/ubuntu--vg-ubuntu--lv ro
Apr 29 01:29:58 localhost kernel: KERNEL supported cpus:
Apr 29 01:29:58 localhost kernel:   Intel GenuineIntel
Apr 29 01:29:58 localhost kernel:   AMD AuthenticAMD
Apr 29 01:29:58 localhost kernel:   Hygon HygonGenuine
Apr 29 01:29:58 localhost kernel:   Centaur CentaurHauls
Apr 29 01:29:58 localhost kernel:   zhaoxin   Shanghai  
Apr 29 01:29:58 localhost kernel: BIOS-provided physical RAM map:
Apr 29 01:29:58 localhost kernel: BIOS-e820: [mem 0x0000000000000000-0x000000000009fbff] usable
Apr 29 01:29:58 localhost kernel: BIOS-e820: [mem 0x000000000009fc00-0x000000000009ffff] reserved
Apr 29 01:29:58 localhost kernel: BIOS-e820: [mem 0x00000000000f0000-0x00000000000fffff] reserved
Apr 29 01:29:58 localhost kernel: BIOS-e820: [mem 0x0000000000100000-0x00000000bffd9fff] usable
Apr 29 01:29:58 localhost kernel: BIOS-e820: [mem 0x00000000bffda000-0x00000000bfffffff] reserved
Apr 29 01:29:58 localhost kernel: BIOS-e820: [mem 0x00000000feffc000-0x00000000feffffff] reserved
Apr 29 01:29:58 localhost kernel: BIOS-e820: [mem 0x00000000fffc0000-0x00000000ffffffff] reserved
Apr 29 01:29:58 localhost kernel: BIOS-e820: [mem 0x0000000100000000-0x000000013fffffff] usable
Apr 29 01:29:58 localhost kernel: NX (Execute Disable) protection: active
Apr 29 01:29:58 localhost kernel: APIC: Static calls initialized
Apr 29 01:29:58 localhost kernel: SMBIOS 2.8 present.
Apr 29 01:29:58 localhost kernel: DMI: QEMU Standard PC (i440FX + PIIX, 1996), BIOS rel-1.17.0-0-gb52ca86e094d-prebuilt.qemu.org 04/01/2014
Apr 29 01:29:58 localhost kernel: Hypervisor detected: KVM
Apr 29 01:29:58 localhost kernel: kvm-clock: Using msrs 4b564d01 and 4b564d00
Apr 29 01:29:58 localhost kernel: kvm-clock: using sched offset of 11947040525 cycles
Apr 29 01:29:58 localhost kernel: clocksource: kvm-clock: mask: 0xffffffffffffffff max_cycles: 0x1cd42e4dffb, max_idle_ns: 881590591483 ns
Apr 29 01:29:58 localhost kernel: tsc: Detected 3066.774 MHz processor
Apr 29 01:29:58 localhost kernel: e820: update [mem 0x00000000-0x00000fff] usable ==> reserved
Apr 29 01:29:58 localhost kernel: e820: remove [mem 0x000a0000-0x000fffff] usable
Apr 29 01:29:58 localhost kernel: last_pfn = 0x140000 max_arch_pfn = 0x400000000
Apr 29 01:29:58 localhost kernel: MTRR map: 4 entries (3 fixed + 1 variable; max 19), built from 8 variable MTRRs
Apr 29 01:29:58 localhost kernel: x86/PAT: Configuration [0-7]: WB  WC  UC- UC  WB  WP  UC- WT  
Apr 29 01:29:58 localhost kernel: last_pfn = 0xbffda max_arch_pfn = 0x400000000
Apr 29 01:29:58 localhost kernel: found SMP MP-table at [mem 0x000f5490-0x000f549f]
Apr 29 01:29:58 localhost kernel: RAMDISK: [mem 0x2ee47000-0x3371afff]
Apr 29 01:29:58 localhost kernel: ACPI: Early table checksum verification disabled
Apr 29 01:29:58 localhost kernel: ACPI: RSDP 0x00000000000F5290 000014 (v00 BOCHS )
Apr 29 01:29:58 localhost kernel: ACPI: RSDT 0x00000000BFFE3B5F 000034 (v01 BOCHS  BXPC     00000001 BXPC 00000001)
Apr 29 01:29:58 localhost kernel: ACPI: FACP 0x00000000BFFE3979 000074 (v01 BOCHS  BXPC     00000001 BXPC 00000001)
Apr 29 01:29:58 localhost kernel: ACPI: DSDT 0x00000000BFFDF040 004939 (v01 BOCHS  BXPC     00000001 BXPC 00000001)
Apr 29 01:29:58 localhost kernel: ACPI: FACS 0x00000000BFFDF000 000040
Apr 29 01:29:58 localhost kernel: ACPI: APIC 0x00000000BFFE39ED 000080 (v03 BOCHS  BXPC     00000001 BXPC 00000001)
Apr 29 01:29:58 localhost kernel: ACPI: SSDT 0x00000000BFFE3A6D 0000CA (v01 BOCHS  VMGENID  00000001 BXPC 00000001)
Apr 29 01:29:58 localhost kernel: ACPI: WAET 0x00000000BFFE3B37 000028 (v01 BOCHS  BXPC     00000001 BXPC 00000001)
Apr 29 01:29:58 localhost kernel: ACPI: Reserving FACP table memory at [mem 0xbffe3979-0xbffe39ec]
Apr 29 01:29:58 localhost kernel: ACPI: Reserving DSDT table memory at [mem 0xbffdf040-0xbffe3978]
Apr 29 01:29:58 localhost kernel: ACPI: Reserving FACS table memory at [mem 0xbffdf000-0xbffdf03f]
Apr 29 01:29:58 localhost kernel: ACPI: Reserving APIC table memory at [mem 0xbffe39ed-0xbffe3a6c]
Apr 29 01:29:58 localhost kernel: ACPI: Reserving SSDT table memory at [mem 0xbffe3a6d-0xbffe3b36]
lines 1-48

root@eltex-practice2-pg1-v13:~# journalalctl -bS ""2"0"2"6"-"2"9"-""""0"4"-"2"9"  1:29:58 - - u n t i l  " " 2026-04-29 1"  :30:18

Failed to parse boot descriptor 'S'

root@eltex-practice2-pg1-v13:~# journalctl -bS "2026-04-29 1:29:58" --until "2026-04-29 1:30:18"  --since


Apr 29 01:29:58 localhost kernel: Linux version 6.8.0-110-generic (buildd@lcy02-amd64-115) (x86_64-linux-gnu-gcc-13 (Ubuntu 13.3.0-6ubuntu2~24.04.1) 13.3.0, GNU ld (GNU Binutils for Ubuntu>
Apr 29 01:29:58 localhost kernel: Command line: BOOT_IMAGE=/vmlinuz-6.8.0-110-generic root=/dev/mapper/ubuntu--vg-ubuntu--lv ro
Apr 29 01:29:58 localhost kernel: KERNEL supported cpus:
Apr 29 01:29:58 localhost kernel:   Intel GenuineIntel
Apr 29 01:29:58 localhost kernel:   AMD AuthenticAMD
Apr 29 01:29:58 localhost kernel:   Hygon HygonGenuine
Apr 29 01:29:58 localhost kernel:   Centaur CentaurHauls
Apr 29 01:29:58 localhost kernel:   zhaoxin   Shanghai  
Apr 29 01:29:58 localhost kernel: BIOS-provided physical RAM map:
Apr 29 01:29:58 localhost kernel: BIOS-e820: [mem 0x0000000000000000-0x000000000009fbff] usable
Apr 29 01:29:58 localhost kernel: BIOS-e820: [mem 0x000000000009fc00-0x000000000009ffff] reserved
Apr 29 01:29:58 localhost kernel: BIOS-e820: [mem 0x00000000000f0000-0x00000000000fffff] reserved
Apr 29 01:29:58 localhost kernel: BIOS-e820: [mem 0x0000000000100000-0x00000000bffd9fff] usable
Apr 29 01:29:58 localhost kernel: BIOS-e820: [mem 0x00000000bffda000-0x00000000bfffffff] reserved
Apr 29 01:29:58 localhost kernel: BIOS-e820: [mem 0x00000000feffc000-0x00000000feffffff] reserved
Apr 29 01:29:58 localhost kernel: BIOS-e820: [mem 0x00000000fffc0000-0x00000000ffffffff] reserved
Apr 29 01:29:58 localhost kernel: BIOS-e820: [mem 0x0000000100000000-0x000000013fffffff] usable
Apr 29 01:29:58 localhost kernel: NX (Execute Disable) protection: active
Apr 29 01:29:58 localhost kernel: APIC: Static calls initialized
Apr 29 01:29:58 localhost kernel: SMBIOS 2.8 present.
Apr 29 01:29:58 localhost kernel: DMI: QEMU Standard PC (i440FX + PIIX, 1996), BIOS rel-1.17.0-0-gb52ca86e094d-prebuilt.qemu.org 04/01/2014
Apr 29 01:29:58 localhost kernel: Hypervisor detected: KVM
Apr 29 01:29:58 localhost kernel: kvm-clock: Using msrs 4b564d01 and 4b564d00
Apr 29 01:29:58 localhost kernel: kvm-clock: using sched offset of 11947040525 cycles
Apr 29 01:29:58 localhost kernel: clocksource: kvm-clock: mask: 0xffffffffffffffff max_cycles: 0x1cd42e4dffb, max_idle_ns: 881590591483 ns
Apr 29 01:29:58 localhost kernel: tsc: Detected 3066.774 MHz processor
Apr 29 01:29:58 localhost kernel: e820: update [mem 0x00000000-0x00000fff] usable ==> reserved
Apr 29 01:29:58 localhost kernel: e820: remove [mem 0x000a0000-0x000fffff] usable
Apr 29 01:29:58 localhost kernel: last_pfn = 0x140000 max_arch_pfn = 0x400000000
Apr 29 01:29:58 localhost kernel: MTRR map: 4 entries (3 fixed + 1 variable; max 19), built from 8 variable MTRRs
Apr 29 01:29:58 localhost kernel: x86/PAT: Configuration [0-7]: WB  WC  UC- UC  WB  WP  UC- WT  
Apr 29 01:29:58 localhost kernel: last_pfn = 0xbffda max_arch_pfn = 0x400000000
Apr 29 01:29:58 localhost kernel: found SMP MP-table at [mem 0x000f5490-0x000f549f]
Apr 29 01:29:58 localhost kernel: RAMDISK: [mem 0x2ee47000-0x3371afff]
Apr 29 01:29:58 localhost kernel: ACPI: Early table checksum verification disabled
Apr 29 01:29:58 localhost kernel: ACPI: RSDP 0x00000000000F5290 000014 (v00 BOCHS )
Apr 29 01:29:58 localhost kernel: ACPI: RSDT 0x00000000BFFE3B5F 000034 (v01 BOCHS  BXPC     00000001 BXPC 00000001)
Apr 29 01:29:58 localhost kernel: ACPI: FACP 0x00000000BFFE3979 000074 (v01 BOCHS  BXPC     00000001 BXPC 00000001)
Apr 29 01:29:58 localhost kernel: ACPI: DSDT 0x00000000BFFDF040 004939 (v01 BOCHS  BXPC     00000001 BXPC 00000001)
Apr 29 01:29:58 localhost kernel: ACPI: FACS 0x00000000BFFDF000 000040
Apr 29 01:29:58 localhost kernel: ACPI: APIC 0x00000000BFFE39ED 000080 (v03 BOCHS  BXPC     00000001 BXPC 00000001)
Apr 29 01:29:58 localhost kernel: ACPI: SSDT 0x00000000BFFE3A6D 0000CA (v01 BOCHS  VMGENID  00000001 BXPC 00000001)
Apr 29 01:29:58 localhost kernel: ACPI: WAET 0x00000000BFFE3B37 000028 (v01 BOCHS  BXPC     00000001 BXPC 00000001)
Apr 29 01:29:58 localhost kernel: ACPI: Reserving FACP table memory at [mem 0xbffe3979-0xbffe39ec]
Apr 29 01:29:58 localhost kernel: ACPI: Reserving DSDT table memory at [mem 0xbffdf040-0xbffe3978]
Apr 29 01:29:58 localhost kernel: ACPI: Reserving FACS table memory at [mem 0xbffdf000-0xbffdf03f]
Apr 29 01:29:58 localhost kernel: ACPI: Reserving APIC table memory at [mem 0xbffe39ed-0xbffe3a6c]
Apr 29 01:29:58 localhost kernel: ACPI: Reserving SSDT table memory at [mem 0xbffe3a6d-0xbffe3b36]
lines 1-48
Apr 29 01:29:58 localhost kernel: ACPI: Reserving WAET table memory at [mem 0xbffe3b37-0xbffe3b5e]
lines 2-49
Apr 29 01:29:58 localhost kernel: No NUMA configuration found
lines 3-50
Apr 29 01:29:58 localhost kernel: Faking a node at [mem 0x0000000000000000-0x000000013fffffff]
lines 4-51
Apr 29 01:29:58 localhost kernel: NODE_DATA(0) allocated [mem 0x13ffd5000-0x13fffffff]
lines 5-52
Apr 29 01:29:58 localhost kernel: Zone ranges:
lines 6-53
Apr 29 01:29:58 localhost kernel:   DMA      [mem 0x0000000000001000-0x0000000000ffffff]
lines 7-54
Apr 29 01:29:58 localhost kernel:   DMA32    [mem 0x0000000001000000-0x00000000ffffffff]
lines 8-55
Apr 29 01:29:58 localhost kernel:   Normal   [mem 0x0000000100000000-0x000000013fffffff]
lines 9-56
Apr 29 01:29:58 localhost kernel:   Device   empty
lines 10-57
Apr 29 01:29:58 localhost kernel: Movable zone start for each node
lines 11-58
Apr 29 01:29:58 localhost kernel: Early memory node ranges
lines 12-59
Apr 29 01:29:58 localhost kernel:   node   0: [mem 0x0000000000001000-0x000000000009efff]
lines 13-60
Apr 29 01:29:58 localhost kernel:   node   0: [mem 0x0000000000100000-0x00000000bffd9fff]
lines 14-61
Apr 29 01:29:58 localhost kernel:   node   0: [mem 0x0000000100000000-0x000000013fffffff]
lines 15-62
Apr 29 01:29:58 localhost kernel: Initmem setup node 0 [mem 0x0000000000001000-0x000000013fffffff]
lines 16-63
Apr 29 01:29:58 localhost kernel: On node 0, zone DMA: 1 pages in unavailable ranges
lines 17-64
Apr 29 01:29:58 localhost kernel: On node 0, zone DMA: 97 pages in unavailable ranges
lines 18-65
Apr 29 01:29:58 localhost kernel: On node 0, zone Normal: 38 pages in unavailable ranges
lines 19-66
Apr 29 01:29:58 localhost kernel: ACPI: PM-Timer IO Port: 0x608
lines 20-67
Apr 29 01:29:58 localhost kernel: ACPI: LAPIC_NMI (acpi_id[0xff] dfl dfl lint[0x1])
lines 21-68
Apr 29 01:29:58 localhost kernel: IOAPIC[0]: apic_id 0, version 17, address 0xfec00000, GSI 0-23
lines 22-69
Apr 29 01:29:58 localhost kernel: ACPI: INT_SRC_OVR (bus 0 bus_irq 0 global_irq 2 dfl dfl)
lines 23-70
Apr 29 01:29:58 localhost kernel: ACPI: INT_SRC_OVR (bus 0 bus_irq 5 global_irq 5 high level)
lines 24-71
Apr 29 01:29:58 localhost kernel: ACPI: INT_SRC_OVR (bus 0 bus_irq 9 global_irq 9 high level)
lines 25-72
Apr 29 01:29:58 localhost kernel: ACPI: INT_SRC_OVR (bus 0 bus_irq 10 global_irq 10 high level)
lines 26-73
Apr 29 01:29:58 localhost kernel: ACPI: INT_SRC_OVR (bus 0 bus_irq 11 global_irq 11 high level)
lines 27-74
Apr 29 01:29:58 localhost kernel: ACPI: Using ACPI (MADT) for SMP configuration information
lines 28-75
Apr 29 01:29:58 localhost kernel: smpboot: Allowing 2 CPUs, 0 hotplug CPUs
lines 29-76
Apr 29 01:29:58 localhost kernel: kvm-guest: APIC: eoi() replaced with kvm_guest_apic_eoi_write()
lines 30-77
Apr 29 01:29:58 localhost kernel: PM: hibernation: Registered nosave memory: [mem 0x00000000-0x00000fff]
lines 31-78
Apr 29 01:29:58 localhost kernel: PM: hibernation: Registered nosave memory: [mem 0x0009f000-0x000fffff]
lines 32-79
Apr 29 01:29:58 localhost kernel: PM: hibernation: Registered nosave memory: [mem 0xbffda000-0xffffffff]
lines 33-80
Apr 29 01:29:58 localhost kernel: [mem 0xc0000000-0xfeffbfff] available for PCI devices
lines 34-81
Apr 29 01:29:58 localhost kernel: Booting paravirtualized kernel on KVM
lines 35-82
Apr 29 01:29:58 localhost kernel: clocksource: refined-jiffies: mask: 0xffffffff max_cycles: 0xffffffff, max_idle_ns: 1910969940391419 ns
lines 36-83
Apr 29 01:29:58 localhost kernel: setup_percpu: NR_CPUS:8192 nr_cpumask_bits:2 nr_cpu_ids:2 nr_node_ids:1
lines 37-84
Apr 29 01:29:58 localhost kernel: percpu: Embedded 86 pages/cpu s229376 r8192 d114688 u1048576
lines 38-85
Apr 29 01:29:58 localhost kernel: pcpu-alloc: s229376 r8192 d114688 u1048576 alloc=1*2097152
lines 39-86
Apr 29 01:29:58 localhost kernel: pcpu-alloc: [0] 0 1 
lines 40-87
Apr 29 01:29:58 localhost kernel: kvm-guest: PV spinlocks enabled
lines 41-88
Apr 29 01:29:58 localhost kernel: PV qspinlock hash table entries: 256 (order: 0, 4096 bytes, linear)
lines 42-89
Apr 29 01:29:58 localhost kernel: Kernel command line: BOOT_IMAGE=/vmlinuz-6.8.0-110-generic root=/dev/mapper/ubuntu--vg-ubuntu--lv ro
lines 43-90
Apr 29 01:29:58 localhost kernel: Dentry cache hash table entries: 524288 (order: 10, 4194304 bytes, linear)
lines 44-91
Apr 29 01:29:58 localhost kernel: Inode-cache hash table entries: 262144 (order: 9, 2097152 bytes, linear)
lines 45-92
Apr 29 01:29:58 localhost kernel: Fallback order for Node 0: 0 
lines 46-93
Apr 29 01:29:58 localhost kernel: Built 1 zonelists, mobility grouping on.  Total pages: 1031898
lines 47-94
Apr 29 01:29:58 localhost kernel: Policy zone: Normal
lines 48-95
Apr 29 01:29:58 localhost kernel: mem auto-init: stack:all(zero), heap alloc:on, heap free:off
lines 49-96
Apr 29 01:29:58 localhost kernel: software IO TLB: area num 2.
lines 50-97
Apr 29 01:29:58 localhost kernel: Memory: 3926060K/4193760K available (22528K kernel code, 4438K rwdata, 14412K rodata, 4924K init, 4788K bss, 267440K reserved, 0K cma-reserved)
lines 51-98
Apr 29 01:29:58 localhost kernel: SLUB: HWalign=64, Order=0-3, MinObjects=0, CPUs=2, Nodes=1
lines 52-99
Apr 29 01:29:58 localhost kernel: Kernel/User page tables isolation: enabled
lines 53-100
Apr 29 01:29:58 localhost kernel: ftrace: allocating 58282 entries in 228 pages
lines 54-101
Apr 29 01:29:58 localhost kernel: ftrace: allocated 228 pages with 4 groups
lines 55-102
Apr 29 01:29:58 localhost kernel: Dynamic Preempt: voluntary
lines 56-103
Apr 29 01:29:58 localhost kernel: rcu: Preemptible hierarchical RCU implementation.
lines 57-104
Apr 29 01:29:58 localhost kernel: rcu:         RCU restricting CPUs from NR_CPUS=8192 to nr_cpu_ids=2.
lines 58-105
Apr 29 01:29:58 localhost kernel:         Trampoline variant of Tasks RCU enabled.
lines 59-106
Apr 29 01:29:58 localhost kernel:         Rude variant of Tasks RCU enabled.
lines 60-107
Apr 29 01:29:58 localhost kernel:         Tracing variant of Tasks RCU enabled.
lines 61-108
Apr 29 01:29:58 localhost kernel: rcu: RCU calculated value of scheduler-enlistment delay is 100 jiffies.
lines 62-109
Apr 29 01:29:58 localhost kernel: rcu: Adjusting geometry for rcu_fanout_leaf=16, nr_cpu_ids=2
lines 63-110
Apr 29 01:29:58 localhost kernel: RCU Tasks: Setting shift to 1 and lim to 1 rcu_task_cb_adjust=1 rcu_task_cpu_ids=2.
lines 64-111
Apr 29 01:29:58 localhost kernel: RCU Tasks Rude: Setting shift to 1 and lim to 1 rcu_task_cb_adjust=1 rcu_task_cpu_ids=2.
lines 65-112
Apr 29 01:29:58 localhost kernel: RCU Tasks Trace: Setting shift to 1 and lim to 1 rcu_task_cb_adjust=1 rcu_task_cpu_ids=2.
lines 66-113
Apr 29 01:29:58 localhost kernel: NR_IRQS: 524544, nr_irqs: 440, preallocated irqs: 16
lines 67-114
Apr 29 01:29:58 localhost kernel: rcu: srcu_init: Setting srcu_struct sizes based on contention.
lines 68-115
Apr 29 01:29:58 localhost kernel: Console: colour dummy device 80x25
lines 69-116
Apr 29 01:29:58 localhost kernel: printk: legacy console [tty0] enabled
lines 70-117
Apr 29 01:29:58 localhost kernel: ACPI: Core revision 20230628
lines 71-118
Apr 29 01:29:58 localhost kernel: APIC: Switch to symmetric I/O mode setup
lines 72-119
Apr 29 01:29:58 localhost kernel: x2apic enabled
lines 73-120
Apr 29 01:29:58 localhost kernel: APIC: Switched APIC routing to: physical x2apic
lines 74-121
Apr 29 01:29:58 localhost kernel: ..TIMER: vector=0x30 apic1=0 pin1=2 apic2=-1 pin2=-1
lines 75-122
Apr 29 01:29:58 localhost kernel: clocksource: tsc-early: mask: 0xffffffffffffffff max_cycles: 0x2c34ac38ef8, max_idle_ns: 440795267375 ns
lines 76-123
Apr 29 01:29:58 localhost kernel: Calibrating delay loop (skipped) preset value.. 6133.54 BogoMIPS (lpj=3066774)
lines 77-124
Apr 29 01:29:58 localhost kernel: Last level iTLB entries: 4KB 0, 2MB 0, 4MB 0
lines 78-125
Apr 29 01:29:58 localhost kernel: Last level dTLB entries: 4KB 0, 2MB 0, 4MB 0, 1GB 0
lines 79-126
Apr 29 01:29:58 localhost kernel: Spectre V1 : Mitigation: usercopy/swapgs barriers and __user pointer sanitization
lines 80-127
Apr 29 01:29:58 localhost kernel: Spectre V2 : Mitigation: Retpolines
lines 81-128
Apr 29 01:29:58 localhost kernel: Spectre V2 : Spectre v2 / SpectreRSB: Filling RSB on context switch and VMEXIT
lines 82-129
Apr 29 01:29:58 localhost kernel: Speculative Store Bypass: Vulnerable
lines 83-130
Apr 29 01:29:58 localhost kernel: MDS: Vulnerable: Clear CPU buffers attempted, no microcode
lines 84-131
Apr 29 01:29:58 localhost kernel: MMIO Stale Data: Unknown: No mitigations
lines 85-132
Apr 29 01:29:58 localhost kernel: active return thunk: its_return_thunk
lines 86-133
Apr 29 01:29:58 localhost kernel: ITS: Mitigation: Aligned branch/return thunks
lines 87-134
Apr 29 01:29:58 localhost kernel: x86/fpu: x87 FPU will use FXSAVE
lines 88-135
Apr 29 01:29:58 localhost kernel: Freeing SMP alternatives memory: 48K
lines 89-136
Apr 29 01:29:58 localhost kernel: pid_max: default: 32768 minimum: 301
lines 90-137
Apr 29 01:29:58 localhost kernel: LSM: initializing lsm=lockdown,capability,landlock,yama,apparmor,integrity
lines 91-138
Apr 29 01:29:58 localhost kernel: landlock: Up and running.
lines 92-139
Apr 29 01:29:58 localhost kernel: Yama: becoming mindful.
lines 93-140
Apr 29 01:29:58 localhost kernel: AppArmor: AppArmor initialized
lines 94-141
Apr 29 01:29:58 localhost kernel: Mount-cache hash table entries: 8192 (order: 4, 65536 bytes, linear)
lines 95-142
Apr 29 01:29:58 localhost kernel: Mountpoint-cache hash table entries: 8192 (order: 4, 65536 bytes, linear)
lines 96-143
Apr 29 01:29:58 localhost kernel: smpboot: CPU0: Intel QEMU Virtual CPU version 2.5+ (family: 0xf, model: 0x6b, stepping: 0x1)
lines 97-144
Apr 29 01:29:58 localhost kernel: Performance Events: unsupported Netburst CPU model 107 no PMU driver, software events only.
lines 98-145
Apr 29 01:29:58 localhost kernel: signal: max sigframe size: 1440
lines 99-146
Apr 29 01:29:58 localhost kernel: rcu: Hierarchical SRCU implementation.
lines 100-147
Apr 29 01:29:58 localhost kernel: rcu:         Max phase no-delay instances is 400.
lines 101-148
Apr 29 01:29:58 localhost kernel: NMI watchdog: Perf NMI watchdog permanently disabled
lines 102-149
Apr 29 01:29:58 localhost kernel: smp: Bringing up secondary CPUs ...
lines 103-150
Apr 29 01:29:58 localhost kernel: smpboot: x86: Booting SMP configuration:
lines 104-151
Apr 29 01:29:58 localhost kernel: .... node  #0, CPUs:      #1
lines 105-152
Apr 29 01:29:58 localhost kernel: smp: Brought up 1 node, 2 CPUs
lines 106-153
Apr 29 01:29:58 localhost kernel: smpboot: Max logical packages: 1
lines 107-154
Apr 29 01:29:58 localhost kernel: smpboot: Total of 2 processors activated (12267.09 BogoMIPS)
lines 108-155
Apr 29 01:29:58 localhost kernel: devtmpfs: initialized
lines 109-156
Apr 29 01:29:58 localhost kernel: x86/mm: Memory block size: 128MB
lines 110-157
Apr 29 01:29:58 localhost kernel: clocksource: jiffies: mask: 0xffffffff max_cycles: 0xffffffff, max_idle_ns: 1911260446275000 ns
lines 111-158
Apr 29 01:29:58 localhost kernel: futex hash table entries: 512 (order: 3, 32768 bytes, linear)
lines 112-159
Apr 29 01:29:58 localhost kernel: pinctrl core: initialized pinctrl subsystem
lines 113-160
Apr 29 01:29:58 localhost kernel: PM: RTC time: 01:29:53, date: 2026-04-29
lines 114-161
Apr 29 01:29:58 localhost kernel: NET: Registered PF_NETLINK/PF_ROUTE protocol family
lines 115-162
Apr 29 01:29:58 localhost kernel: DMA: preallocated 512 KiB GFP_KERNEL pool for atomic allocations
lines 116-163
Apr 29 01:29:58 localhost kernel: DMA: preallocated 512 KiB GFP_KERNEL|GFP_DMA pool for atomic allocations
lines 117-164
Apr 29 01:29:58 localhost kernel: DMA: preallocated 512 KiB GFP_KERNEL|GFP_DMA32 pool for atomic allocations
lines 118-165
Apr 29 01:29:58 localhost kernel: audit: initializing netlink subsys (disabled)
lines 119-166
Apr 29 01:29:58 localhost kernel: audit: type=2000 audit(1777426194.558:1): state=initialized audit_enabled=0 res=1
lines 120-167
Apr 29 01:29:58 localhost kernel: thermal_sys: Registered thermal governor 'fair_share'
lines 121-168
Apr 29 01:29:58 localhost kernel: thermal_sys: Registered thermal governor 'bang_bang'
lines 122-169
Apr 29 01:29:58 localhost kernel: thermal_sys: Registered thermal governor 'step_wise'
lines 123-170
Apr 29 01:29:58 localhost kernel: thermal_sys: Registered thermal governor 'user_space'
lines 124-171
Apr 29 01:29:58 localhost kernel: thermal_sys: Registered thermal governor 'power_allocator'
lines 125-172
Apr 29 01:29:58 localhost kernel: cpuidle: using governor ladder
lines 126-173
Apr 29 01:29:58 localhost kernel: cpuidle: using governor menu
lines 127-174
Apr 29 01:29:58 localhost kernel: acpiphp: ACPI Hot Plug PCI Controller Driver version: 0.5
lines 128-175
Apr 29 01:29:58 localhost kernel: PCI: Using configuration type 1 for base access
lines 129-176
Apr 29 01:29:58 localhost kernel: kprobes: kprobe jump-optimization is enabled. All kprobes are optimized if possible.
lines 130-177
Apr 29 01:29:58 localhost kernel: HugeTLB: registered 2.00 MiB page size, pre-allocated 0 pages
lines 131-178
Apr 29 01:29:58 localhost kernel: HugeTLB: 28 KiB vmemmap can be freed for a 2.00 MiB page
lines 132-179
Apr 29 01:29:58 localhost kernel: fbcon: Taking over console
lines 133-180
Apr 29 01:29:58 localhost kernel: ACPI: Added _OSI(Module Device)
lines 134-181
Apr 29 01:29:58 localhost kernel: ACPI: Added _OSI(Processor Device)
lines 135-182
Apr 29 01:29:58 localhost kernel: ACPI: Added _OSI(Processor Aggregator Device)
lines 136-183
Apr 29 01:29:58 localhost kernel: ACPI: 2 ACPI AML tables successfully acquired and loaded
lines 137-184
Apr 29 01:29:58 localhost kernel: ACPI: _OSC evaluation for CPUs failed, trying _PDC
lines 138-185
Apr 29 01:29:58 localhost kernel: ACPI: Interpreter enabled
lines 139-186
Apr 29 01:29:58 localhost kernel: ACPI: PM: (supports S0 S5)
lines 140-187
Apr 29 01:29:58 localhost kernel: ACPI: Using IOAPIC for interrupt routing
lines 141-188
Apr 29 01:29:58 localhost kernel: PCI: Using host bridge windows from ACPI; if necessary, use "pci=nocrs" and report a bug
lines 142-189
Apr 29 01:29:58 localhost kernel: PCI: Using E820 reservations for host bridge windows
lines 143-190
Apr 29 01:29:58 localhost kernel: ACPI: Enabled 3 GPEs in block 00 to 0F
lines 144-191
Apr 29 01:29:58 localhost kernel: ACPI: PCI Root Bridge [PCI0] (domain 0000 [bus 00-ff])
lines 145-192
Apr 29 01:29:58 localhost kernel: acpi PNP0A03:00: _OSC: OS supports [ASPM ClockPM Segments MSI EDR HPX-Type3]
lines 146-193
Apr 29 01:29:58 localhost kernel: acpi PNP0A03:00: _OSC: not requesting OS control; OS requires [ExtendedConfig ASPM ClockPM MSI]
lines 147-194
Apr 29 01:29:58 localhost kernel: acpi PNP0A03:00: fail to add MMCONFIG information, can't access extended configuration space under this bridge
lines 148-195
Apr 29 01:29:58 localhost kernel: acpiphp: Slot [3] registered
lines 149-196
Apr 29 01:29:58 localhost kernel: acpiphp: Slot [8] registered
lines 150-197
Apr 29 01:29:58 localhost kernel: acpiphp: Slot [18] registered
lines 151-198
Apr 29 01:29:58 localhost kernel: acpiphp: Slot [4] registered
lines 152-199
Apr 29 01:29:58 localhost kernel: acpiphp: Slot [6] registered
lines 153-200
Apr 29 01:29:58 localhost kernel: acpiphp: Slot [7] registered
lines 154-201
Apr 29 01:29:58 localhost kernel: acpiphp: Slot [9] registered
lines 155-202
Apr 29 01:29:58 localhost kernel: acpiphp: Slot [10] registered
lines 156-203
Apr 29 01:29:58 localhost kernel: acpiphp: Slot [11] registered
lines 157-204
Apr 29 01:29:58 localhost kernel: acpiphp: Slot [12] registered
lines 158-205
Apr 29 01:29:58 localhost kernel: acpiphp: Slot [13] registered
lines 159-206
Apr 29 01:29:58 localhost kernel: acpiphp: Slot [14] registered
lines 160-207
Apr 29 01:29:58 localhost kernel: acpiphp: Slot [15] registered
lines 161-208
Apr 29 01:29:58 localhost kernel: acpiphp: Slot [16] registered
lines 162-209
Apr 29 01:29:58 localhost kernel: acpiphp: Slot [17] registered
lines 163-210
Apr 29 01:29:58 localhost kernel: acpiphp: Slot [19] registered
lines 164-211
Apr 29 01:29:58 localhost kernel: acpiphp: Slot [20] registered
lines 165-212
Apr 29 01:29:58 localhost kernel: acpiphp: Slot [21] registered
lines 166-213
Apr 29 01:29:58 localhost kernel: acpiphp: Slot [22] registered
lines 167-214
Apr 29 01:29:58 localhost kernel: acpiphp: Slot [23] registered
lines 168-215
Apr 29 01:29:58 localhost kernel: acpiphp: Slot [24] registered
lines 169-216
Apr 29 01:29:58 localhost kernel: acpiphp: Slot [25] registered
lines 170-217
Apr 29 01:29:58 localhost kernel: acpiphp: Slot [26] registered
lines 171-218
Apr 29 01:29:58 localhost kernel: acpiphp: Slot [27] registered
lines 172-219
Apr 29 01:29:58 localhost kernel: acpiphp: Slot [28] registered
lines 173-220
Apr 29 01:29:58 localhost kernel: acpiphp: Slot [29] registered
lines 174-221
Apr 29 01:29:58 localhost kernel: PCI host bridge to bus 0000:00
lines 175-222
Apr 29 01:29:58 localhost kernel: pci_bus 0000:00: root bus resource [io  0x0000-0x0cf7 window]
lines 176-223
Apr 29 01:29:58 localhost kernel: pci_bus 0000:00: root bus resource [io  0x0d00-0xffff window]
lines 177-224
Apr 29 01:29:58 localhost kernel: pci_bus 0000:00: root bus resource [mem 0x000a0000-0x000bffff window]
lines 178-225
Apr 29 01:29:58 localhost kernel: pci_bus 0000:00: root bus resource [mem 0xc0000000-0xfebfffff window]
lines 179-226
Apr 29 01:29:58 localhost kernel: pci_bus 0000:00: root bus resource [mem 0x140000000-0x1bfffffff window]
lines 180-227
Apr 29 01:29:58 localhost kernel: pci_bus 0000:00: root bus resource [bus 00-ff]
lines 181-228
Apr 29 01:29:58 localhost kernel: pci 0000:00:00.0: [8086:1237] type 00 class 0x060000 conventional PCI endpoint
lines 182-229
Apr 29 01:29:58 localhost kernel: pci 0000:00:01.0: [8086:7000] type 00 class 0x060100 conventional PCI endpoint
lines 183-230
Apr 29 01:29:58 localhost kernel: pci 0000:00:01.1: [8086:7010] type 00 class 0x010180 conventional PCI endpoint
lines 184-231
Apr 29 01:29:58 localhost kernel: pci 0000:00:01.1: BAR 4 [io  0xf0e0-0xf0ef]
lines 185-232
Apr 29 01:29:58 localhost kernel: pci 0000:00:01.1: BAR 0 [io  0x01f0-0x01f7]: legacy IDE quirk
lines 186-233
Apr 29 01:29:58 localhost kernel: pci 0000:00:01.1: BAR 1 [io  0x03f6]: legacy IDE quirk
lines 187-234
Apr 29 01:29:58 localhost kernel: pci 0000:00:01.1: BAR 2 [io  0x0170-0x0177]: legacy IDE quirk
lines 188-235
Apr 29 01:29:58 localhost kernel: pci 0000:00:01.1: BAR 3 [io  0x0376]: legacy IDE quirk
lines 189-236
Apr 29 01:29:58 localhost kernel: pci 0000:00:01.2: [8086:7020] type 00 class 0x0c0300 conventional PCI endpoint
lines 190-237
Apr 29 01:29:58 localhost kernel: pci 0000:00:01.2: BAR 4 [io  0xf0c0-0xf0df]
lines 191-238
Apr 29 01:29:58 localhost kernel: pci 0000:00:01.3: [8086:7113] type 00 class 0x068000 conventional PCI endpoint
lines 192-239
Apr 29 01:29:58 localhost kernel: pci 0000:00:01.3: quirk: [io  0x0600-0x063f] claimed by PIIX4 ACPI
lines 193-240
Apr 29 01:29:58 localhost kernel: pci 0000:00:01.3: quirk: [io  0x0700-0x070f] claimed by PIIX4 SMB
lines 194-241
Apr 29 01:29:58 localhost kernel: pci 0000:00:02.0: [1234:1111] type 00 class 0x030000 conventional PCI endpoint
lines 195-242
Apr 29 01:29:58 localhost kernel: pci 0000:00:02.0: BAR 0 [mem 0xfd000000-0xfdffffff pref]
lines 196-243
Apr 29 01:29:58 localhost kernel: pci 0000:00:02.0: BAR 2 [mem 0xfea50000-0xfea50fff]
lines 197-244
Apr 29 01:29:58 localhost kernel: pci 0000:00:02.0: ROM [mem 0xfea40000-0xfea4ffff pref]
lines 198-245
Apr 29 01:29:58 localhost kernel: pci 0000:00:02.0: Video device with shadowed ROM at [mem 0x000c0000-0x000dffff]
lines 199-246
Apr 29 01:29:58 localhost kernel: pci 0000:00:03.0: [1af4:1002] type 00 class 0x00ff00 conventional PCI endpoint
lines 200-247
Apr 29 01:29:58 localhost kernel: pci 0000:00:03.0: BAR 0 [io  0xf000-0xf03f]
lines 201-248
Apr 29 01:29:58 localhost kernel: pci 0000:00:03.0: BAR 1 [mem 0xfea51000-0xfea51fff]
lines 202-249
Apr 29 01:29:58 localhost kernel: pci 0000:00:03.0: BAR 4 [mem 0x180600000-0x180603fff 64bit pref]
lines 203-250
Apr 29 01:29:58 localhost kernel: pci 0000:00:05.0: [1b36:0001] type 01 class 0x060400 conventional PCI bridge
lines 204-251
Apr 29 01:29:58 localhost kernel: pci 0000:00:05.0: BAR 0 [mem 0x140000000-0x1400000ff 64bit]
lines 205-252
Apr 29 01:29:58 localhost kernel: pci 0000:00:05.0: PCI bridge to [bus 01]
lines 206-253
Apr 29 01:29:58 localhost kernel: pci 0000:00:05.0:   bridge window [io  0xe000-0xefff]
lines 207-254
Apr 29 01:29:58 localhost kernel: pci 0000:00:05.0:   bridge window [mem 0xfe800000-0xfe9fffff]
lines 208-255
Apr 29 01:29:58 localhost kernel: pci 0000:00:05.0:   bridge window [mem 0x180400000-0x1805fffff 64bit pref]
lines 209-256
Apr 29 01:29:58 localhost kernel: pci 0000:00:08.0: [1af4:1003] type 00 class 0x078000 conventional PCI endpoint
lines 210-257
Apr 29 01:29:58 localhost kernel: pci 0000:00:08.0: BAR 0 [io  0xf040-0xf07f]
lines 211-258
Apr 29 01:29:58 localhost kernel: pci 0000:00:08.0: BAR 1 [mem 0xfea52000-0xfea52fff]
lines 212-259
Apr 29 01:29:58 localhost kernel: pci 0000:00:08.0: BAR 4 [mem 0x180604000-0x180607fff 64bit pref]
lines 213-260
Apr 29 01:29:58 localhost kernel: pci 0000:00:12.0: [1af4:1000] type 00 class 0x020000 conventional PCI endpoint
lines 214-261
Apr 29 01:29:58 localhost kernel: pci 0000:00:12.0: BAR 0 [io  0xf080-0xf0bf]
lines 215-262
Apr 29 01:29:58 localhost kernel: pci 0000:00:12.0: BAR 1 [mem 0xfea53000-0xfea53fff]
lines 216-263
Apr 29 01:29:58 localhost kernel: pci 0000:00:12.0: BAR 4 [mem 0x180608000-0x18060bfff 64bit pref]
lines 217-264
Apr 29 01:29:58 localhost kernel: pci 0000:00:12.0: ROM [mem 0xfea00000-0xfea3ffff pref]
lines 218-265
Apr 29 01:29:58 localhost kernel: pci 0000:00:1e.0: [1b36:0001] type 01 class 0x060400 conventional PCI bridge
lines 219-266
Apr 29 01:29:58 localhost kernel: pci 0000:00:1e.0: BAR 0 [mem 0x140001000-0x1400010ff 64bit]
lines 220-267
Apr 29 01:29:58 localhost kernel: pci 0000:00:1e.0: PCI bridge to [bus 02]
lines 221-268
Apr 29 01:29:58 localhost kernel: pci 0000:00:1e.0:   bridge window [io  0xd000-0xdfff]
lines 222-269
Apr 29 01:29:58 localhost kernel: pci 0000:00:1e.0:   bridge window [mem 0xfe600000-0xfe7fffff]
lines 223-270
Apr 29 01:29:58 localhost kernel: pci 0000:00:1e.0:   bridge window [mem 0x180200000-0x1803fffff 64bit pref]
lines 224-271
Apr 29 01:29:58 localhost kernel: pci 0000:00:1f.0: [1b36:0001] type 01 class 0x060400 conventional PCI bridge
lines 225-272
Apr 29 01:29:58 localhost kernel: pci 0000:00:1f.0: BAR 0 [mem 0x140002000-0x1400020ff 64bit]
lines 226-273
Apr 29 01:29:58 localhost kernel: pci 0000:00:1f.0: PCI bridge to [bus 03]
lines 227-274
Apr 29 01:29:58 localhost kernel: pci 0000:00:1f.0:   bridge window [io  0xc000-0xcfff]
lines 228-275
Apr 29 01:29:58 localhost kernel: pci 0000:00:1f.0:   bridge window [mem 0xfe400000-0xfe5fffff]
lines 229-276
Apr 29 01:29:58 localhost kernel: pci 0000:00:1f.0:   bridge window [mem 0x180000000-0x1801fffff 64bit pref]
lines 230-277
Apr 29 01:29:58 localhost kernel: pci_bus 0000:01: extended config space not accessible
lines 231-278
Apr 29 01:29:58 localhost kernel: acpiphp: Slot [1-2] registered
lines 232-279
Apr 29 01:29:58 localhost kernel: acpiphp: Slot [0] registered
lines 233-280
Apr 29 01:29:58 localhost kernel: acpiphp: Slot [2] registered
lines 234-281
Apr 29 01:29:58 localhost kernel: acpiphp: Slot [3-2] registered
lines 235-282
Apr 29 01:29:58 localhost kernel: acpiphp: Slot [4-2] registered
lines 236-283
Apr 29 01:29:58 localhost kernel: acpiphp: Slot [5] registered
lines 237-284
Apr 29 01:29:58 localhost kernel: acpiphp: Slot [6-2] registered
lines 238-285
Apr 29 01:29:58 localhost kernel: acpiphp: Slot [7-2] registered
lines 239-286
Apr 29 01:29:58 localhost kernel: acpiphp: Slot [8-2] registered
lines 240-287
Apr 29 01:29:58 localhost kernel: acpiphp: Slot [9-2] registered
lines 241-288
Apr 29 01:29:58 localhost kernel: acpiphp: Slot [10-2] registered
lines 242-289
Apr 29 01:29:58 localhost kernel: acpiphp: Slot [11-2] registered
lines 243-290
Apr 29 01:29:58 localhost kernel: acpiphp: Slot [12-2] registered
lines 244-291
Apr 29 01:29:58 localhost kernel: acpiphp: Slot [13-2] registered
lines 245-292
Apr 29 01:29:58 localhost kernel: acpiphp: Slot [14-2] registered
lines 246-293
Apr 29 01:29:58 localhost kernel: acpiphp: Slot [15-2] registered
lines 247-294
Apr 29 01:29:58 localhost kernel: acpiphp: Slot [16-2] registered
lines 248-295
Apr 29 01:29:58 localhost kernel: acpiphp: Slot [17-2] registered
lines 249-296
Apr 29 01:29:58 localhost kernel: acpiphp: Slot [18-2] registered
lines 250-297
Apr 29 01:29:58 localhost kernel: acpiphp: Slot [19-2] registered
lines 251-298
Apr 29 01:29:58 localhost kernel: acpiphp: Slot [20-2] registered
lines 252-299
Apr 29 01:29:58 localhost kernel: acpiphp: Slot [21-2] registered
lines 253-300
Apr 29 01:29:58 localhost kernel: acpiphp: Slot [22-2] registered
lines 254-301
Apr 29 01:29:58 localhost kernel: acpiphp: Slot [23-2] registered
lines 255-302
Apr 29 01:29:58 localhost kernel: acpiphp: Slot [24-2] registered
lines 256-303
Apr 29 01:29:58 localhost kernel: acpiphp: Slot [25-2] registered
lines 257-304
Apr 29 01:29:58 localhost kernel: acpiphp: Slot [26-2] registered
lines 258-305
Apr 29 01:29:58 localhost kernel: acpiphp: Slot [27-2] registered
lines 259-306
Apr 29 01:29:58 localhost kernel: acpiphp: Slot [28-2] registered
lines 260-307
Apr 29 01:29:58 localhost kernel: acpiphp: Slot [29-2] registered
lines 261-308
Apr 29 01:29:58 localhost kernel: acpiphp: Slot [30] registered
lines 262-309
Apr 29 01:29:58 localhost kernel: acpiphp: Slot [31] registered
lines 263-310
Apr 29 01:29:58 localhost kernel: pci 0000:01:01.0: [1af4:1004] type 00 class 0x010000 conventional PCI endpoint
lines 264-311
Apr 29 01:29:58 localhost kernel: pci 0000:01:01.0: BAR 0 [io  0xe000-0xe03f]
lines 265-312
Apr 29 01:29:58 localhost kernel: pci 0000:01:01.0: BAR 1 [mem 0xfe800000-0xfe800fff]
lines 266-313
Apr 29 01:29:58 localhost kernel: pci 0000:01:01.0: BAR 4 [mem 0x180400000-0x180403fff 64bit pref]
lines 267-314
Apr 29 01:29:58 localhost kernel: pci 0000:00:05.0: PCI bridge to [bus 01]
lines 268-315
Apr 29 01:29:58 localhost kernel: pci_bus 0000:02: extended config space not accessible
lines 269-316
Apr 29 01:29:58 localhost kernel: acpiphp: Slot [0-2] registered
lines 270-317
Apr 29 01:29:58 localhost kernel: acpiphp: Slot [1-3] registered
lines 271-318
Apr 29 01:29:58 localhost kernel: acpiphp: Slot [2-2] registered
lines 272-319
Apr 29 01:29:58 localhost kernel: acpiphp: Slot [3-3] registered
lines 273-320
Apr 29 01:29:58 localhost kernel: acpiphp: Slot [4-3] registered
lines 274-321
Apr 29 01:29:58 localhost kernel: acpiphp: Slot [5-2] registered
lines 275-322
Apr 29 01:29:58 localhost kernel: acpiphp: Slot [6-3] registered
lines 276-323
Apr 29 01:29:58 localhost kernel: acpiphp: Slot [7-3] registered
lines 277-324
Apr 29 01:29:58 localhost kernel: acpiphp: Slot [8-3] registered
lines 278-325
Apr 29 01:29:58 localhost kernel: acpiphp: Slot [9-3] registered
lines 279-326
Apr 29 01:29:58 localhost kernel: acpiphp: Slot [10-3] registered
lines 280-327
Apr 29 01:29:58 localhost kernel: acpiphp: Slot [11-3] registered
lines 281-328
Apr 29 01:29:58 localhost kernel: acpiphp: Slot [12-3] registered
lines 282-329
Apr 29 01:29:58 localhost kernel: acpiphp: Slot [13-3] registered
lines 283-330
Apr 29 01:29:58 localhost kernel: acpiphp: Slot [14-3] registered
lines 284-331
Apr 29 01:29:58 localhost kernel: acpiphp: Slot [15-3] registered
lines 285-332
Apr 29 01:29:58 localhost kernel: acpiphp: Slot [16-3] registered
lines 286-333
Apr 29 01:29:58 localhost kernel: acpiphp: Slot [17-3] registered
lines 287-334
Apr 29 01:29:58 localhost kernel: acpiphp: Slot [18-3] registered
lines 288-335
Apr 29 01:29:58 localhost kernel: acpiphp: Slot [19-3] registered
lines 289-336
Apr 29 01:29:58 localhost kernel: acpiphp: Slot [20-3] registered
lines 290-337
Apr 29 01:29:58 localhost kernel: acpiphp: Slot [21-3] registered
lines 291-338
Apr 29 01:29:58 localhost kernel: acpiphp: Slot [22-3] registered
lines 292-339
Apr 29 01:29:58 localhost kernel: acpiphp: Slot [23-3] registered
lines 293-340
Apr 29 01:29:58 localhost kernel: acpiphp: Slot [24-3] registered
lines 294-341
Apr 29 01:29:58 localhost kernel: acpiphp: Slot [25-3] registered
lines 295-342
Apr 29 01:29:58 localhost kernel: acpiphp: Slot [26-3] registered
lines 296-343
Apr 29 01:29:58 localhost kernel: acpiphp: Slot [27-3] registered
lines 297-344
Apr 29 01:29:58 localhost kernel: acpiphp: Slot [28-3] registered
lines 298-345
Apr 29 01:29:58 localhost kernel: acpiphp: Slot [29-3] registered
lines 299-346
Apr 29 01:29:58 localhost kernel: acpiphp: Slot [30-2] registered
lines 300-347
Apr 29 01:29:58 localhost kernel: acpiphp: Slot [31-2] registered
lines 301-348
Apr 29 01:29:58 localhost kernel: pci 0000:00:1e.0: PCI bridge to [bus 02]
lines 302-349
Apr 29 01:29:58 localhost kernel: pci_bus 0000:03: extended config space not accessible
lines 303-350
Apr 29 01:29:58 localhost kernel: acpiphp: Slot [0-3] registered
lines 304-351
Apr 29 01:29:58 localhost kernel: acpiphp: Slot [1-4] registered
lines 305-352
Apr 29 01:29:58 localhost kernel: acpiphp: Slot [2-3] registered
lines 306-353
Apr 29 01:29:58 localhost kernel: acpiphp: Slot [3-4] registered
lines 307-354
Apr 29 01:29:58 localhost kernel: acpiphp: Slot [4-4] registered
lines 308-355
Apr 29 01:29:58 localhost kernel: acpiphp: Slot [5-3] registered
lines 309-356
Apr 29 01:29:58 localhost kernel: acpiphp: Slot [6-4] registered
lines 310-357
Apr 29 01:29:58 localhost kernel: acpiphp: Slot [7-4] registered
lines 311-358
Apr 29 01:29:58 localhost kernel: acpiphp: Slot [8-4] registered
lines 312-359
Apr 29 01:29:58 localhost kernel: acpiphp: Slot [9-4] registered
lines 313-360
Apr 29 01:29:58 localhost kernel: acpiphp: Slot [10-4] registered
lines 314-361
Apr 29 01:29:58 localhost kernel: acpiphp: Slot [11-4] registered
lines 315-362
Apr 29 01:29:58 localhost kernel: acpiphp: Slot [12-4] registered
lines 316-363
Apr 29 01:29:58 localhost kernel: acpiphp: Slot [13-4] registered
lines 317-364
Apr 29 01:29:58 localhost kernel: acpiphp: Slot [14-4] registered
lines 318-365
Apr 29 01:29:58 localhost kernel: acpiphp: Slot [15-4] registered
lines 319-366
Apr 29 01:29:58 localhost kernel: acpiphp: Slot [16-4] registered
lines 320-367
Apr 29 01:29:58 localhost kernel: acpiphp: Slot [17-4] registered
lines 321-368
Apr 29 01:29:58 localhost kernel: acpiphp: Slot [18-4] registered
lines 322-369
Apr 29 01:29:58 localhost kernel: acpiphp: Slot [19-4] registered
lines 323-370
Apr 29 01:29:58 localhost kernel: acpiphp: Slot [20-4] registered
lines 324-371
Apr 29 01:29:58 localhost kernel: acpiphp: Slot [21-4] registered
lines 325-372
Apr 29 01:29:58 localhost kernel: acpiphp: Slot [22-4] registered
lines 326-373
Apr 29 01:29:58 localhost kernel: acpiphp: Slot [23-4] registered
lines 327-374
Apr 29 01:29:58 localhost kernel: acpiphp: Slot [24-4] registered
lines 328-375
Apr 29 01:29:58 localhost kernel: acpiphp: Slot [25-4] registered
lines 329-376
Apr 29 01:29:58 localhost kernel: acpiphp: Slot [26-4] registered
lines 330-377
Apr 29 01:29:58 localhost kernel: acpiphp: Slot [27-4] registered
lines 331-378
Apr 29 01:29:58 localhost kernel: acpiphp: Slot [28-4] registered
lines 332-379
Apr 29 01:29:58 localhost kernel: acpiphp: Slot [29-4] registered
lines 333-380
Apr 29 01:29:58 localhost kernel: acpiphp: Slot [30-3] registered
lines 334-381
Apr 29 01:29:58 localhost kernel: acpiphp: Slot [31-3] registered
lines 335-382
Apr 29 01:29:58 localhost kernel: pci 0000:00:1f.0: PCI bridge to [bus 03]
lines 336-383
Apr 29 01:29:58 localhost kernel: ACPI: PCI: Interrupt link LNKA configured for IRQ 10
lines 337-384
Apr 29 01:29:58 localhost kernel: ACPI: PCI: Interrupt link LNKB configured for IRQ 10
lines 338-385
Apr 29 01:29:58 localhost kernel: ACPI: PCI: Interrupt link LNKC configured for IRQ 11
lines 339-386
Apr 29 01:29:58 localhost kernel: ACPI: PCI: Interrupt link LNKD configured for IRQ 11
lines 340-387
Apr 29 01:29:58 localhost kernel: ACPI: PCI: Interrupt link LNKS configured for IRQ 9
lines 341-388
Apr 29 01:29:58 localhost kernel: iommu: Default domain type: Translated
lines 342-389
Apr 29 01:29:58 localhost kernel: iommu: DMA domain TLB invalidation policy: lazy mode
lines 343-390
Apr 29 01:29:58 localhost kernel: SCSI subsystem initialized
lines 344-391
Apr 29 01:29:58 localhost kernel: libata version 3.00 loaded.
lines 345-392
Apr 29 01:29:58 localhost kernel: ACPI: bus type USB registered
lines 346-393
Apr 29 01:29:58 localhost kernel: usbcore: registered new interface driver usbfs
lines 347-394
Apr 29 01:29:58 localhost kernel: usbcore: registered new interface driver hub
lines 348-395
Apr 29 01:29:58 localhost kernel: usbcore: registered new device driver usb
lines 349-396
Apr 29 01:29:58 localhost kernel: pps_core: LinuxPPS API ver. 1 registered
lines 350-397
Apr 29 01:29:58 localhost kernel: pps_core: Software ver. 5.3.6 - Copyright 2005-2007 Rodolfo Giometti <giometti@linux.it>
lines 351-398
Apr 29 01:29:58 localhost kernel: PTP clock support registered
lines 352-399
Apr 29 01:29:58 localhost kernel: EDAC MC: Ver: 3.0.0
lines 353-400
Apr 29 01:29:58 localhost kernel: NetLabel: Initializing
lines 354-401
Apr 29 01:29:58 localhost kernel: NetLabel:  domain hash size = 128
lines 355-402
Apr 29 01:29:58 localhost kernel: NetLabel:  protocols = UNLABELED CIPSOv4 CALIPSO
lines 356-403
Apr 29 01:29:58 localhost kernel: NetLabel:  unlabeled traffic allowed by default
lines 357-404
Apr 29 01:29:58 localhost kernel: mctp: management component transport protocol core
lines 358-405
Apr 29 01:29:58 localhost kernel: NET: Registered PF_MCTP protocol family
lines 359-406
Apr 29 01:29:58 localhost kernel: PCI: Using ACPI for IRQ routing
lines 360-407
Apr 29 01:29:58 localhost kernel: PCI: pci_cache_line_size set to 64 bytes
lines 361-408
Apr 29 01:29:58 localhost kernel: e820: reserve RAM buffer [mem 0x0009fc00-0x0009ffff]
lines 362-409
Apr 29 01:29:58 localhost kernel: e820: reserve RAM buffer [mem 0xbffda000-0xbfffffff]
lines 363-410
Apr 29 01:29:58 localhost kernel: pci 0000:00:02.0: vgaarb: setting as boot VGA device
lines 364-411
Apr 29 01:29:58 localhost kernel: pci 0000:00:02.0: vgaarb: bridge control possible
lines 365-412
Apr 29 01:29:58 localhost kernel: pci 0000:00:02.0: vgaarb: VGA device added: decodes=io+mem,owns=io+mem,locks=none
lines 366-413
Apr 29 01:29:58 localhost kernel: vgaarb: loaded
lines 367-414
Apr 29 01:29:58 localhost kernel: clocksource: Switched to clocksource kvm-clock
lines 368-415
Apr 29 01:29:58 localhost kernel: VFS: Disk quotas dquot_6.6.0
lines 369-416
Apr 29 01:29:58 localhost kernel: VFS: Dquot-cache hash table entries: 512 (order 0, 4096 bytes)
lines 370-417
Apr 29 01:29:58 localhost kernel: AppArmor: AppArmor Filesystem Enabled
lines 371-418
Apr 29 01:29:58 localhost kernel: pnp: PnP ACPI init
lines 372-419
Apr 29 01:29:58 localhost kernel: pnp 00:02: [dma 2]
lines 373-420
Apr 29 01:29:58 localhost kernel: pnp: PnP ACPI: found 4 devices
lines 374-421
Apr 29 01:29:58 localhost kernel: clocksource: acpi_pm: mask: 0xffffff max_cycles: 0xffffff, max_idle_ns: 2085701024 ns
lines 375-422
Apr 29 01:29:58 localhost kernel: NET: Registered PF_INET protocol family
lines 376-423
Apr 29 01:29:58 localhost kernel: IP idents hash table entries: 65536 (order: 7, 524288 bytes, linear)
lines 377-424
Apr 29 01:29:58 localhost kernel: tcp_listen_portaddr_hash hash table entries: 2048 (order: 3, 32768 bytes, linear)
lines 378-425
Apr 29 01:29:58 localhost kernel: Table-perturb hash table entries: 65536 (order: 6, 262144 bytes, linear)
lines 379-426
Apr 29 01:29:58 localhost kernel: TCP established hash table entries: 32768 (order: 6, 262144 bytes, linear)
lines 380-427
Apr 29 01:29:58 localhost kernel: TCP bind hash table entries: 32768 (order: 8, 1048576 bytes, linear)
lines 381-428
Apr 29 01:29:58 localhost kernel: TCP: Hash tables configured (established 32768 bind 32768)
lines 382-429
Apr 29 01:29:58 localhost kernel: MPTCP token hash table entries: 4096 (order: 5, 98304 bytes, linear)
lines 383-430
Apr 29 01:29:58 localhost kernel: UDP hash table entries: 2048 (order: 4, 65536 bytes, linear)
lines 384-431
Apr 29 01:29:58 localhost kernel: UDP-Lite hash table entries: 2048 (order: 4, 65536 bytes, linear)
lines 385-432
Apr 29 01:29:58 localhost kernel: NET: Registered PF_UNIX/PF_LOCAL protocol family
lines 386-433
Apr 29 01:29:58 localhost kernel: NET: Registered PF_XDP protocol family
lines 387-434
Apr 29 01:29:58 localhost kernel: pci 0000:00:05.0: PCI bridge to [bus 01]
lines 388-435
Apr 29 01:29:58 localhost kernel: pci 0000:00:05.0:   bridge window [io  0xe000-0xefff]
lines 389-436
Apr 29 01:29:58 localhost kernel: pci 0000:00:05.0:   bridge window [mem 0xfe800000-0xfe9fffff]
lines 390-437
Apr 29 01:29:58 localhost kernel: pci 0000:00:05.0:   bridge window [mem 0x180400000-0x1805fffff 64bit pref]
lines 391-438
Apr 29 01:29:58 localhost kernel: pci 0000:00:1e.0: PCI bridge to [bus 02]
lines 392-439
Apr 29 01:29:58 localhost kernel: pci 0000:00:1e.0:   bridge window [io  0xd000-0xdfff]
lines 393-440
Apr 29 01:29:58 localhost kernel: pci 0000:00:1e.0:   bridge window [mem 0xfe600000-0xfe7fffff]
lines 394-441
Apr 29 01:29:58 localhost kernel: pci 0000:00:1e.0:   bridge window [mem 0x180200000-0x1803fffff 64bit pref]
lines 395-442
Apr 29 01:29:58 localhost kernel: pci 0000:00:1f.0: PCI bridge to [bus 03]
lines 396-443
Apr 29 01:29:58 localhost kernel: pci 0000:00:1f.0:   bridge window [io  0xc000-0xcfff]
lines 397-444
Apr 29 01:29:58 localhost kernel: pci 0000:00:1f.0:   bridge window [mem 0xfe400000-0xfe5fffff]
lines 398-445
Apr 29 01:29:58 localhost kernel: pci 0000:00:1f.0:   bridge window [mem 0x180000000-0x1801fffff 64bit pref]
lines 399-446
Apr 29 01:29:58 localhost kernel: pci_bus 0000:00: resource 4 [io  0x0000-0x0cf7 window]
lines 400-447
Apr 29 01:29:58 localhost kernel: pci_bus 0000:00: resource 5 [io  0x0d00-0xffff window]
lines 401-448
Apr 29 01:29:58 localhost kernel: pci_bus 0000:00: resource 6 [mem 0x000a0000-0x000bffff window]
lines 402-449
Apr 29 01:29:58 localhost kernel: pci_bus 0000:00: resource 7 [mem 0xc0000000-0xfebfffff window]
lines 403-450
Apr 29 01:29:58 localhost kernel: pci_bus 0000:00: resource 8 [mem 0x140000000-0x1bfffffff window]
lines 404-451
Apr 29 01:29:58 localhost kernel: pci_bus 0000:01: resource 0 [io  0xe000-0xefff]
lines 405-452
Apr 29 01:29:58 localhost kernel: pci_bus 0000:01: resource 1 [mem 0xfe800000-0xfe9fffff]
lines 406-453
Apr 29 01:29:58 localhost kernel: pci_bus 0000:01: resource 2 [mem 0x180400000-0x1805fffff 64bit pref]
lines 407-454
Apr 29 01:29:58 localhost kernel: pci_bus 0000:02: resource 0 [io  0xd000-0xdfff]
lines 408-455
Apr 29 01:29:58 localhost kernel: pci_bus 0000:02: resource 1 [mem 0xfe600000-0xfe7fffff]
lines 409-456
Apr 29 01:29:58 localhost kernel: pci_bus 0000:02: resource 2 [mem 0x180200000-0x1803fffff 64bit pref]
lines 410-457
Apr 29 01:29:58 localhost kernel: pci_bus 0000:03: resource 0 [io  0xc000-0xcfff]
lines 411-458
Apr 29 01:29:58 localhost kernel: pci_bus 0000:03: resource 1 [mem 0xfe400000-0xfe5fffff]
lines 412-459
Apr 29 01:29:58 localhost kernel: pci_bus 0000:03: resource 2 [mem 0x180000000-0x1801fffff 64bit pref]
lines 413-460
Apr 29 01:29:58 localhost kernel: pci 0000:00:01.0: PIIX3: Enabling Passive Release
lines 414-461
Apr 29 01:29:58 localhost kernel: pci 0000:00:00.0: Limiting direct PCI/PCI transfers
lines 415-462
Apr 29 01:29:58 localhost kernel: ACPI: \_SB_.LNKD: Enabled at IRQ 11
lines 416-463
Apr 29 01:29:58 localhost kernel: PCI: CLS 0 bytes, default 64
lines 417-464
Apr 29 01:29:58 localhost kernel: PCI-DMA: Using software bounce buffering for IO (SWIOTLB)
lines 418-465
Apr 29 01:29:58 localhost kernel: software IO TLB: mapped [mem 0x00000000bbfda000-0x00000000bffda000] (64MB)
lines 419-466
Apr 29 01:29:58 localhost kernel: clocksource: tsc: mask: 0xffffffffffffffff max_cycles: 0x2c34ac38ef8, max_idle_ns: 440795267375 ns
lines 420-467
Apr 29 01:29:58 localhost kernel: Trying to unpack rootfs image as initramfs...
lines 421-468
Apr 29 01:29:58 localhost kernel: Initialise system trusted keyrings
lines 422-469
Apr 29 01:29:58 localhost kernel: Key type blacklist registered
lines 423-470
Apr 29 01:29:58 localhost kernel: workingset: timestamp_bits=36 max_order=20 bucket_order=0
lines 424-471
Apr 29 01:29:58 localhost kernel: zbud: loaded
lines 425-472
Apr 29 01:29:58 localhost kernel: squashfs: version 4.0 (2009/01/31) Phillip Lougher
lines 426-473
Apr 29 01:29:58 localhost kernel: fuse: init (API version 7.39)
lines 427-474
Apr 29 01:29:58 localhost kernel: integrity: Platform Keyring initialized
lines 428-475
Apr 29 01:29:58 localhost kernel: integrity: Machine keyring initialized
lines 429-476
Apr 29 01:29:58 localhost kernel: Key type asymmetric registered
lines 430-477
Apr 29 01:29:58 localhost kernel: Asymmetric key parser 'x509' registered
lines 431-478
Apr 29 01:29:58 localhost kernel: Block layer SCSI generic (bsg) driver version 0.4 loaded (major 243)
lines 432-479
Apr 29 01:29:58 localhost kernel: io scheduler mq-deadline registered
lines 433-480
Apr 29 01:29:58 localhost kernel: shpchp 0000:00:05.0: Requesting control of SHPC hotplug via OSHP (\_SB_.PCI0.S28_)
lines 434-481
Apr 29 01:29:58 localhost kernel: shpchp 0000:00:05.0: Requesting control of SHPC hotplug via OSHP (\_SB_.PCI0)
lines 435-482
Apr 29 01:29:58 localhost kernel: shpchp 0000:00:05.0: Cannot get control of SHPC hotplug
lines 436-483
Apr 29 01:29:58 localhost kernel: shpchp 0000:00:1e.0: Requesting control of SHPC hotplug via OSHP (\_SB_.PCI0.SF0_)
lines 437-484
Apr 29 01:29:58 localhost kernel: shpchp 0000:00:1e.0: Requesting control of SHPC hotplug via OSHP (\_SB_.PCI0)
lines 438-485
Apr 29 01:29:58 localhost kernel: shpchp 0000:00:1e.0: Cannot get control of SHPC hotplug
lines 439-486
Apr 29 01:29:58 localhost kernel: shpchp 0000:00:1f.0: Requesting control of SHPC hotplug via OSHP (\_SB_.PCI0.SF8_)
lines 440-487
Apr 29 01:29:58 localhost kernel: shpchp 0000:00:1f.0: Requesting control of SHPC hotplug via OSHP (\_SB_.PCI0)
lines 441-488
Apr 29 01:29:58 localhost kernel: shpchp 0000:00:1f.0: Cannot get control of SHPC hotplug
lines 442-489
Apr 29 01:29:58 localhost kernel: shpchp: Standard Hot Plug PCI Controller Driver version: 0.4
lines 443-490
Apr 29 01:29:58 localhost kernel: input: Power Button as /devices/LNXSYSTM:00/LNXPWRBN:00/input/input0
lines 444-491
Apr 29 01:29:58 localhost kernel: ACPI: button: Power Button [PWRF]
lines 445-492
Apr 29 01:29:58 localhost kernel: ACPI: \_SB_.LNKC: Enabled at IRQ 10
lines 446-493
Apr 29 01:29:58 localhost kernel: ACPI: \_SB_.LNKB: Enabled at IRQ 10
lines 447-494
Apr 29 01:29:58 localhost kernel: ACPI: \_SB_.LNKA: Enabled at IRQ 11
lines 448-495
Apr 29 01:29:58 localhost kernel: Free page reporting enabled
lines 449-496
Apr 29 01:29:58 localhost kernel: Serial: 8250/16550 driver, 32 ports, IRQ sharing enabled
lines 450-497
Apr 29 01:29:58 localhost kernel: Freeing initrd memory: 74576K
lines 451-498
Apr 29 01:29:58 localhost kernel: Linux agpgart interface v0.103
lines 452-499
Apr 29 01:29:58 localhost kernel: loop: module loaded
lines 453-500
Apr 29 01:29:58 localhost kernel: virtio_scsi virtio3: 2/0/0 default/read/poll queues
lines 454-501
Apr 29 01:29:58 localhost kernel: scsi host0: Virtio SCSI HBA
lines 455-502
Apr 29 01:29:58 localhost kernel: scsi 0:0:0:0: Direct-Access     QEMU     QEMU HARDDISK    2.5+ PQ: 0 ANSI: 5
lines 456-503
Apr 29 01:29:58 localhost kernel: ata_piix 0000:00:01.1: version 2.13
lines 457-504
Apr 29 01:29:58 localhost kernel: scsi host1: ata_piix
lines 458-505
Apr 29 01:29:58 localhost kernel: scsi host2: ata_piix
lines 459-506
Apr 29 01:29:58 localhost kernel: ata1: PATA max MWDMA2 cmd 0x1f0 ctl 0x3f6 bmdma 0xf0e0 irq 14 lpm-pol 0
lines 460-507
Apr 29 01:29:58 localhost kernel: ata2: PATA max MWDMA2 cmd 0x170 ctl 0x376 bmdma 0xf0e8 irq 15 lpm-pol 0
lines 461-508
Apr 29 01:29:58 localhost kernel: ACPI: bus type drm_connector registered
lines 462-509
Apr 29 01:29:58 localhost kernel: tun: Universal TUN/TAP device driver, 1.6
lines 463-510
Apr 29 01:29:58 localhost kernel: PPP generic driver version 2.4.2
lines 464-511
Apr 29 01:29:58 localhost kernel: uhci_hcd 0000:00:01.2: UHCI Host Controller
lines 465-512
Apr 29 01:29:58 localhost kernel: uhci_hcd 0000:00:01.2: new USB bus registered, assigned bus number 1
lines 466-513
Apr 29 01:29:58 localhost kernel: uhci_hcd 0000:00:01.2: detected 2 ports
lines 467-514
Apr 29 01:29:58 localhost kernel: uhci_hcd 0000:00:01.2: irq 11, io port 0x0000f0c0
lines 468-515
Apr 29 01:29:58 localhost kernel: usb usb1: New USB device found, idVendor=1d6b, idProduct=0001, bcdDevice= 6.08
lines 469-516
Apr 29 01:29:58 localhost kernel: usb usb1: New USB device strings: Mfr=3, Product=2, SerialNumber=1
lines 470-517
Apr 29 01:29:58 localhost kernel: usb usb1: Product: UHCI Host Controller
lines 471-518
Apr 29 01:29:58 localhost kernel: usb usb1: Manufacturer: Linux 6.8.0-110-generic uhci_hcd
lines 472-519
Apr 29 01:29:58 localhost kernel: usb usb1: SerialNumber: 0000:00:01.2
lines 473-520
Apr 29 01:29:58 localhost kernel: hub 1-0:1.0: USB hub found
lines 474-521
Apr 29 01:29:58 localhost kernel: hub 1-0:1.0: 2 ports detected
lines 475-522
Apr 29 01:29:58 localhost kernel: i8042: PNP: PS/2 Controller [PNP0303:KBD,PNP0f13:MOU] at 0x60,0x64 irq 1,12
lines 476-523
Apr 29 01:29:58 localhost kernel: serio: i8042 KBD port at 0x60,0x64 irq 1
lines 477-524
Apr 29 01:29:58 localhost kernel: serio: i8042 AUX port at 0x60,0x64 irq 12
lines 478-525
Apr 29 01:29:58 localhost kernel: mousedev: PS/2 mouse device common for all mice
lines 479-526
Apr 29 01:29:58 localhost kernel: input: AT Translated Set 2 keyboard as /devices/platform/i8042/serio0/input/input1
lines 480-527
Apr 29 01:29:58 localhost kernel: rtc_cmos 00:03: RTC can wake from S4
lines 481-528
Apr 29 01:29:58 localhost kernel: rtc_cmos 00:03: registered as rtc0
lines 482-529
Apr 29 01:29:58 localhost kernel: rtc_cmos 00:03: setting system clock to 2026-04-29T01:29:54 UTC (1777426194)
lines 483-530
Apr 29 01:29:58 localhost kernel: rtc_cmos 00:03: alarms up to one day, y3k, 242 bytes nvram
lines 484-531
Apr 29 01:29:58 localhost kernel: i2c_dev: i2c /dev entries driver
lines 485-532
Apr 29 01:29:58 localhost kernel: device-mapper: core: CONFIG_IMA_DISABLE_HTABLE is disabled. Duplicate IMA measurements will not be recorded in the IMA log.
lines 486-533
Apr 29 01:29:58 localhost kernel: device-mapper: uevent: version 1.0.3
lines 487-534
Apr 29 01:29:58 localhost kernel: device-mapper: ioctl: 4.48.0-ioctl (2023-03-01) initialised: dm-devel@redhat.com
lines 488-535
Apr 29 01:29:58 localhost kernel: intel_pstate: CPU model not supported
lines 489-536
Apr 29 01:29:58 localhost kernel: ledtrig-cpu: registered to indicate activity on CPUs
lines 490-537
Apr 29 01:29:58 localhost kernel: [drm] Initialized simpledrm 1.0.0 20200625 for simple-framebuffer.0 on minor 0
lines 491-538
Apr 29 01:29:58 localhost kernel: Console: switching to colour frame buffer device 100x37
lines 492-539
Apr 29 01:29:58 localhost kernel: simple-framebuffer simple-framebuffer.0: [drm] fb0: simpledrmdrmfb frame buffer device
lines 493-540
Apr 29 01:29:58 localhost kernel: drop_monitor: Initializing network drop monitor service
lines 494-541
Apr 29 01:29:58 localhost kernel: NET: Registered PF_INET6 protocol family
lines 495-542
Apr 29 01:29:58 localhost kernel: Segment Routing with IPv6
lines 496-543
Apr 29 01:29:58 localhost kernel: In-situ OAM (IOAM) with IPv6
lines 497-544
Apr 29 01:29:58 localhost kernel: NET: Registered PF_PACKET protocol family
lines 498-545
Apr 29 01:29:58 localhost kernel: Key type dns_resolver registered
lines 499-546
Apr 29 01:29:58 localhost kernel: IPI shorthand broadcast: enabled
lines 500-547
Apr 29 01:29:58 localhost kernel: sched_clock: Marking stable (867026077, 2274545)->(870701337, -1400715)
lines 501-548
Apr 29 01:29:58 localhost kernel: registered taskstats version 1
lines 502-549
Apr 29 01:29:58 localhost kernel: Loading compiled-in X.509 certificates
lines 503-550
Apr 29 01:29:58 localhost kernel: Loaded X.509 cert 'Build time autogenerated kernel key: 05121a06f1594ef7d7e475e00608841dc108b5e8'
lines 504-551
Apr 29 01:29:58 localhost kernel: sd 0:0:0:0: Power-on or device reset occurred
lines 505-552
Apr 29 01:29:58 localhost kernel: sd 0:0:0:0: [sda] 67108864 512-byte logical blocks: (34.4 GB/32.0 GiB)
lines 506-553
Apr 29 01:29:58 localhost kernel: sd 0:0:0:0: Attached scsi generic sg0 type 0
lines 507-554
Apr 29 01:29:58 localhost kernel: Loaded X.509 cert 'Canonical Ltd. Live Patch Signing 2025 Kmod: d541cef61dc7e793b7eb7e899970a2eef0b5dc8c'
lines 508-555
Apr 29 01:29:58 localhost kernel: sd 0:0:0:0: [sda] Write Protect is off
lines 509-556
Apr 29 01:29:58 localhost kernel: sd 0:0:0:0: [sda] Mode Sense: 63 00 10 08
lines 510-557
Apr 29 01:29:58 localhost kernel: Loaded X.509 cert 'Canonical Ltd. Live Patch Signing: 14df34d1a87cf37625abec039ef2bf521249b969'
lines 511-558
Apr 29 01:29:58 localhost kernel: sd 0:0:0:0: [sda] Write cache: enabled, read cache: enabled, supports DPO and FUA
lines 512-559
Apr 29 01:29:58 localhost kernel: Loaded X.509 cert 'Canonical Ltd. Kernel Module Signing: 88f752e560a1e0737e31163a466ad7b70a850c19'
lines 513-560
Apr 29 01:29:58 localhost kernel: blacklist: Loading compiled-in revocation X.509 certificates
lines 514-561
Apr 29 01:29:58 localhost kernel: Loaded X.509 cert 'Canonical Ltd. Secure Boot Signing: 61482aa2830d0ab2ad5af10b7250da9033ddcef0'
lines 515-562
Apr 29 01:29:58 localhost kernel: Loaded X.509 cert 'Canonical Ltd. Secure Boot Signing (2017): 242ade75ac4a15e50d50c84b0d45ff3eae707a03'
lines 516-563
Apr 29 01:29:58 localhost kernel: Loaded X.509 cert 'Canonical Ltd. Secure Boot Signing (ESM 2018): 365188c1d374d6b07c3c8f240f8ef722433d6a8b'
lines 517-564
Apr 29 01:29:58 localhost kernel: Loaded X.509 cert 'Canonical Ltd. Secure Boot Signing (2019): c0746fd6c5da3ae827864651ad66ae47fe24b3e8'
lines 518-565
Apr 29 01:29:58 localhost kernel: Loaded X.509 cert 'Canonical Ltd. Secure Boot Signing (2021 v1): a8d54bbb3825cfb94fa13c9f8a594a195c107b8d'
lines 519-566
Apr 29 01:29:58 localhost kernel:  sda: sda1 sda2 sda3
lines 520-567
Apr 29 01:29:58 localhost kernel: sd 0:0:0:0: [sda] Attached SCSI disk
lines 521-568
Apr 29 01:29:58 localhost kernel: Loaded X.509 cert 'Canonical Ltd. Secure Boot Signing (2021 v2): 4cf046892d6fd3c9a5b03f98d845f90851dc6a8c'
lines 522-569
Apr 29 01:29:58 localhost kernel: Loaded X.509 cert 'Canonical Ltd. Secure Boot Signing (2021 v3): 100437bb6de6e469b581e61cd66bce3ef4ed53af'
lines 523-570
Apr 29 01:29:58 localhost kernel: Loaded X.509 cert 'Canonical Ltd. Secure Boot Signing (Ubuntu Core 2019): c1d57b8f6b743f23ee41f4f7ee292f06eecadfb9'
lines 524-571
Apr 29 01:29:58 localhost kernel: ata2: found unknown device (class 0)
lines 525-572
Apr 29 01:29:58 localhost kernel: ata2.00: ATAPI: QEMU DVD-ROM, 2.5+, max UDMA/100
lines 526-573
Apr 29 01:29:58 localhost kernel: Key type .fscrypt registered
lines 527-574
Apr 29 01:29:58 localhost kernel: scsi 2:0:0:0: CD-ROM            QEMU     QEMU DVD-ROM     2.5+ PQ: 0 ANSI: 5
lines 528-575
Apr 29 01:29:58 localhost kernel: Key type fscrypt-provisioning registered
lines 529-576
Apr 29 01:29:58 localhost kernel: sr 2:0:0:0: [sr0] scsi3-mmc drive: 4x/4x cd/rw xa/form2 tray
lines 530-577
Apr 29 01:29:58 localhost kernel: cryptd: max_cpu_qlen set to 1000
lines 531-578
Apr 29 01:29:58 localhost kernel: cdrom: Uniform CD-ROM driver Revision: 3.20
lines 532-579
Apr 29 01:29:58 localhost kernel: sr 2:0:0:0: Attached scsi CD-ROM sr0
lines 533-580
Apr 29 01:29:58 localhost kernel: sr 2:0:0:0: Attached scsi generic sg1 type 5
lines 534-581
Apr 29 01:29:58 localhost kernel: SSE version of gcm_enc/dec engaged.
lines 535-582
Apr 29 01:29:58 localhost kernel: usb 1-1: new full-speed USB device number 2 using uhci_hcd
lines 536-583
Apr 29 01:29:58 localhost kernel: Key type encrypted registered
lines 537-584
Apr 29 01:29:58 localhost kernel: AppArmor: AppArmor sha256 policy hashing enabled
lines 538-585
Apr 29 01:29:58 localhost kernel: ima: No TPM chip found, activating TPM-bypass!
lines 539-586
Apr 29 01:29:58 localhost kernel: Loading compiled-in module X.509 certificates
lines 540-587
Apr 29 01:29:58 localhost kernel: Loaded X.509 cert 'Build time autogenerated kernel key: 05121a06f1594ef7d7e475e00608841dc108b5e8'
lines 541-588
Apr 29 01:29:58 localhost kernel: ima: Allocated hash algorithm: sha256
lines 542-589
Apr 29 01:29:58 localhost kernel: ima: No architecture policies found
lines 543-590
Apr 29 01:29:58 localhost kernel: evm: Initialising EVM extended attributes:
lines 544-591
Apr 29 01:29:58 localhost kernel: evm: security.selinux
lines 545-592
Apr 29 01:29:58 localhost kernel: evm: security.SMACK64
lines 546-593
Apr 29 01:29:58 localhost kernel: evm: security.SMACK64EXEC
lines 547-594
Apr 29 01:29:58 localhost kernel: evm: security.SMACK64TRANSMUTE
lines 548-595
Apr 29 01:29:58 localhost kernel: evm: security.SMACK64MMAP
lines 549-596
Apr 29 01:29:58 localhost kernel: evm: security.apparmor
lines 550-597
Apr 29 01:29:58 localhost kernel: evm: security.ima
lines 551-598
Apr 29 01:29:58 localhost kernel: evm: security.capability
lines 552-599
Apr 29 01:29:58 localhost kernel: evm: HMAC attrs: 0x1
lines 553-600
Apr 29 01:29:58 localhost kernel: PM:   Magic number: 6:197:459
lines 554-601
Apr 29 01:29:58 localhost kernel: RAS: Correctable Errors collector initialized.
lines 555-602
Apr 29 01:29:58 localhost kernel: clk: Disabling unused clocks
lines 556-603
Apr 29 01:29:58 localhost kernel: Freeing unused decrypted memory: 2028K
lines 557-604
Apr 29 01:29:58 localhost kernel: Freeing unused kernel image (initmem) memory: 4924K
lines 558-605
Apr 29 01:29:58 localhost kernel: Write protecting the kernel read-only data: 38912k
lines 559-606
Apr 29 01:29:58 localhost kernel: Freeing unused kernel image (rodata/data gap) memory: 1972K
lines 560-607
Apr 29 01:29:58 localhost kernel: usb 1-1: New USB device found, idVendor=0627, idProduct=0001, bcdDevice= 0.00
lines 561-608
Apr 29 01:29:58 localhost kernel: usb 1-1: New USB device strings: Mfr=1, Product=3, SerialNumber=10
lines 562-609
Apr 29 01:29:58 localhost kernel: usb 1-1: Product: QEMU USB Tablet
lines 563-610
Apr 29 01:29:58 localhost kernel: usb 1-1: Manufacturer: QEMU
lines 564-611
Apr 29 01:29:58 localhost kernel: usb 1-1: SerialNumber: 28754-0000:00:01.2-1
lines 565-612
Apr 29 01:29:58 localhost kernel: x86/mm: Checked W+X mappings: passed, no W+X pages found.
lines 566-613
Apr 29 01:29:58 localhost kernel: x86/mm: Checking user space page tables
lines 567-614
Apr 29 01:29:58 localhost kernel: x86/mm: Checked W+X mappings: passed, no W+X pages found.
lines 568-615
Apr 29 01:29:58 localhost kernel: Run /init as init process
lines 569-616
Apr 29 01:29:58 localhost kernel:   with arguments:
lines 570-617
Apr 29 01:29:58 localhost kernel:     /init
lines 571-618
Apr 29 01:29:58 localhost kernel:   with environment:
lines 572-619
Apr 29 01:29:58 localhost kernel:     HOME=/
lines 573-620
Apr 29 01:29:58 localhost kernel:     TERM=linux
lines 574-621
Apr 29 01:29:58 localhost kernel: FDC 0 is a S82078B
lines 575-622
Apr 29 01:29:58 localhost kernel: hid: raw HID events driver (C) Jiri Kosina
lines 576-623
Apr 29 01:29:58 localhost kernel: virtio_net virtio2 ens18: renamed from eth0
lines 577-624
Apr 29 01:29:58 localhost kernel: input: VirtualPS/2 VMware VMMouse as /devices/platform/i8042/serio1/input/input4
lines 578-625
Apr 29 01:29:58 localhost kernel: input: VirtualPS/2 VMware VMMouse as /devices/platform/i8042/serio1/input/input3
lines 579-626
Apr 29 01:29:58 localhost kernel: usbcore: registered new interface driver usbhid
lines 580-627
Apr 29 01:29:58 localhost kernel: usbhid: USB HID core driver
lines 581-628
Apr 29 01:29:58 localhost kernel: Console: switching to colour dummy device 80x25
lines 582-629
Apr 29 01:29:58 localhost kernel: bochs-drm 0000:00:02.0: vgaarb: deactivate vga console
lines 583-630
Apr 29 01:29:58 localhost kernel: [drm] Found bochs VGA, ID 0xb0c5.
lines 584-631
Apr 29 01:29:58 localhost kernel: [drm] Framebuffer size 16384 kB @ 0xfd000000, mmio @ 0xfea50000.
lines 585-632
Apr 29 01:29:58 localhost kernel: [drm] Found EDID data blob.
lines 586-633
Apr 29 01:29:58 localhost kernel: [drm] Initialized bochs-drm 1.0.0 20130925 for 0000:00:02.0 on minor 0
lines 587-634
Apr 29 01:29:58 localhost kernel: fbcon: bochs-drmdrmfb (fb0) is primary device
lines 588-635
Apr 29 01:29:58 localhost kernel: Console: switching to colour frame buffer device 160x50
lines 589-636
Apr 29 01:29:58 localhost kernel: bochs-drm 0000:00:02.0: [drm] fb0: bochs-drmdrmfb frame buffer device
lines 590-637
Apr 29 01:29:58 localhost kernel: input: QEMU QEMU USB Tablet as /devices/pci0000:00/0000:00:01.2/usb1/1-1/1-1:1.0/0003:0627:0001.0001/input/input5
lines 591-638
Apr 29 01:29:58 localhost kernel: hid-generic 0003:0627:0001.0001: input,hidraw0: USB HID v0.01 Mouse [QEMU QEMU USB Tablet] on usb-0000:00:01.2-1/input0
lines 592-639
Apr 29 01:29:58 localhost kernel: random: crng init done
lines 593-640
Apr 29 01:29:58 localhost kernel: raid6: sse2x4   gen()  7015 MB/s
lines 594-641
Apr 29 01:29:58 localhost kernel: raid6: sse2x2   gen() 10841 MB/s
lines 595-642
Apr 29 01:29:58 localhost kernel: raid6: sse2x1   gen()  9934 MB/s
lines 596-643
Apr 29 01:29:58 localhost kernel: raid6: using algorithm sse2x2 gen() 10841 MB/s
lines 597-644
Apr 29 01:29:58 localhost kernel: raid6: .... xor() 8200 MB/s, rmw enabled
lines 598-645
Apr 29 01:29:58 localhost kernel: raid6: using ssse3x2 recovery algorithm
lines 599-646
Apr 29 01:29:58 localhost kernel: xor: measuring software checksum speed
lines 600-647
Apr 29 01:29:58 localhost kernel:    prefetch64-sse  : 11973 MB/sec
lines 601-648
Apr 29 01:29:58 localhost kernel:    generic_sse     : 15229 MB/sec
lines 602-649
Apr 29 01:29:58 localhost kernel: xor: using function: generic_sse (15229 MB/sec)
lines 603-650
Apr 29 01:29:58 localhost kernel: async_tx: api initialized (async)
lines 604-651
Apr 29 01:29:58 localhost kernel: Btrfs loaded, zoned=yes, fsverity=yes
lines 605-652
Apr 29 01:29:58 localhost kernel: EXT4-fs (dm-0): mounted filesystem 78dfc1ab-05ce-40b9-a2f8-2f3e03168145 ro with ordered data mode. Quota mode: none.
lines 606-653
Apr 29 01:29:58 localhost systemd[1]: Inserted module 'autofs4'
lines 607-654
Apr 29 01:29:58 localhost systemd[1]: systemd 255.4-1ubuntu8.14 running in system mode (+PAM +AUDIT +SELINUX +APPARMOR +IMA +SMACK +SECCOMP +GCRYPT -GNUTLS +OPENSSL +ACL +BLKID +CURL +ELFU>
lines 608-655
Apr 29 01:29:58 localhost systemd[1]: Detected virtualization kvm.
lines 609-656
Apr 29 01:29:58 localhost systemd[1]: Detected architecture x86-64.
lines 610-657
Apr 29 01:29:58 localhost systemd[1]: No hostname configured, using default hostname.
lines 611-658
Apr 29 01:29:58 localhost systemd[1]: Hostname set to <localhost>.
lines 612-659
Apr 29 01:29:58 localhost systemd[1]: Queued start job for default target graphical.target.
lines 613-660
Apr 29 01:29:58 localhost systemd[1]: Created slice system-modprobe.slice - Slice /system/modprobe.
lines 614-661
Apr 29 01:29:58 localhost systemd[1]: Created slice system-systemd\x2dfsck.slice - Slice /system/systemd-fsck.
lines 615-662
Apr 29 01:29:58 localhost systemd[1]: Created slice user.slice - User and Session Slice.
lines 616-663
Apr 29 01:29:58 localhost systemd[1]: Started systemd-ask-password-wall.path - Forward Password Requests to Wall Directory Watch.
lines 617-664
Apr 29 01:29:58 localhost systemd[1]: Set up automount proc-sys-fs-binfmt_misc.automount - Arbitrary Executable File Formats File System Automount Point.
lines 618-665
Apr 29 01:29:58 localhost systemd[1]: Expecting device dev-disk-by\x2duuid-c3f8f018\x2df5f7\x2d4a5d\x2d92a1\x2d12ee87108672.device - /dev/disk/by-uuid/c3f8f018-f5f7-4a5d-92a1-12ee87108672.>
lines 619-666
Apr 29 01:29:58 localhost systemd[1]: Reached target integritysetup.target - Local Integrity Protected Volumes.
lines 620-667
Apr 29 01:29:58 localhost systemd[1]: Reached target slices.target - Slice Units.
lines 621-668
Apr 29 01:29:58 localhost systemd[1]: Reached target snapd.mounts-pre.target - Mounting snaps.
lines 622-669
Apr 29 01:29:58 localhost systemd[1]: Reached target snapd.mounts.target - Mounted snaps.
lines 623-670
Apr 29 01:29:58 localhost systemd[1]: Reached target veritysetup.target - Local Verity Protected Volumes.
lines 624-671
Apr 29 01:29:58 localhost systemd[1]: Listening on dm-event.socket - Device-mapper event daemon FIFOs.
lines 625-672
Apr 29 01:29:58 localhost systemd[1]: Listening on lvm2-lvmpolld.socket - LVM2 poll daemon socket.
lines 626-673
Apr 29 01:29:58 localhost systemd[1]: Listening on multipathd.socket - multipathd control socket.
lines 627-674
Apr 29 01:29:58 localhost systemd[1]: Listening on syslog.socket - Syslog Socket.
lines 628-675
Apr 29 01:29:58 localhost systemd[1]: Listening on systemd-fsckd.socket - fsck to fsckd communication Socket.
lines 629-676
Apr 29 01:29:58 localhost systemd[1]: Listening on systemd-initctl.socket - initctl Compatibility Named Pipe.
lines 630-677
Apr 29 01:29:58 localhost systemd[1]: Listening on systemd-journald-dev-log.socket - Journal Socket (/dev/log).
lines 631-678
Apr 29 01:29:58 localhost systemd[1]: Listening on systemd-journald.socket - Journal Socket.
lines 632-679
Apr 29 01:29:58 localhost systemd[1]: Listening on systemd-networkd.socket - Network Service Netlink Socket.
lines 633-680
Apr 29 01:29:58 localhost systemd[1]: systemd-pcrextend.socket - TPM2 PCR Extension (Varlink) was skipped because of an unmet condition check (ConditionSecurity=measured-uki).
lines 634-681
Apr 29 01:29:58 localhost systemd[1]: Listening on systemd-udevd-control.socket - udev Control Socket.
lines 635-682
Apr 29 01:29:58 localhost systemd[1]: Listening on systemd-udevd-kernel.socket - udev Kernel Socket.
lines 636-683
Apr 29 01:29:58 localhost systemd[1]: Mounting dev-hugepages.mount - Huge Pages File System...
lines 637-684
Apr 29 01:29:58 localhost systemd[1]: Mounting dev-mqueue.mount - POSIX Message Queue File System...
lines 638-685
Apr 29 01:29:58 localhost systemd[1]: Mounting sys-kernel-debug.mount - Kernel Debug File System...
lines 639-686
Apr 29 01:29:58 localhost systemd[1]: Mounting sys-kernel-tracing.mount - Kernel Trace File System...
lines 640-687
Apr 29 01:29:58 localhost systemd[1]: Starting systemd-journald.service - Journal Service...
lines 641-688
Apr 29 01:29:58 localhost systemd[1]: Starting keyboard-setup.service - Set the console keyboard layout...
lines 642-689
Apr 29 01:29:58 localhost systemd[1]: Starting kmod-static-nodes.service - Create List of Static Device Nodes...
lines 643-690
Apr 29 01:29:58 localhost systemd[1]: Starting lvm2-monitor.service - Monitoring of LVM2 mirrors, snapshots etc. using dmeventd or progress polling...
lines 644-691
Apr 29 01:29:58 localhost systemd-journald[307]: Collecting audit messages is disabled.
lines 645-692
Apr 29 01:29:58 localhost systemd[1]: Starting modprobe@configfs.service - Load Kernel Module configfs...
lines 646-693
Apr 29 01:29:58 localhost systemd[1]: Starting modprobe@dm_mod.service - Load Kernel Module dm_mod...
lines 647-694
Apr 29 01:29:58 localhost systemd[1]: Starting modprobe@drm.service - Load Kernel Module drm...
lines 648-695
Apr 29 01:29:58 localhost systemd[1]: Starting modprobe@efi_pstore.service - Load Kernel Module efi_pstore...
lines 649-696
Apr 29 01:29:58 localhost systemd[1]: Starting modprobe@fuse.service - Load Kernel Module fuse...
lines 650-697
Apr 29 01:29:58 localhost systemd-journald[307]: Journal started
lines 651-698
Apr 29 01:29:58 localhost systemd-journald[307]: Runtime Journal (/run/log/journal/560b026a44d3424ea490d29e1a7e2775) is 4.5M, max 36.5M, 31.9M free.
lines 652-699
Apr 29 01:29:58 localhost systemd[1]: Starting modprobe@loop.service - Load Kernel Module loop...
lines 653-700
Apr 29 01:29:58 localhost systemd[1]: netplan-ovs-cleanup.service - OpenVSwitch configuration for cleanup was skipped because of an unmet condition check (ConditionFileIsExecutable=/usr/bi>
lines 654-701
Apr 29 01:29:58 localhost systemd[1]: systemd-fsck-root.service - File System Check on Root Device was skipped because of an unmet condition check (ConditionPathExists=!/run/initramfs/fsck>
lines 655-702
Apr 29 01:29:58 localhost lvm[312]:   1 logical volume(s) in volume group "ubuntu-vg" monitored
lines 656-703
Apr 29 01:29:58 localhost systemd[1]: Starting systemd-modules-load.service - Load Kernel Modules...
lines 657-704
Apr 29 01:29:58 localhost systemd[1]: systemd-pcrmachine.service - TPM2 PCR Machine ID Measurement was skipped because of an unmet condition check (ConditionSecurity=measured-uki).
lines 658-705
Apr 29 01:29:58 localhost systemd[1]: Starting systemd-remount-fs.service - Remount Root and Kernel File Systems...
lines 659-706
Apr 29 01:29:58 localhost systemd[1]: systemd-tpm2-setup-early.service - TPM2 SRK Setup (Early) was skipped because of an unmet condition check (ConditionSecurity=measured-uki).
lines 660-707
Apr 29 01:29:58 localhost systemd-modules-load[327]: Inserted module 'msr'
lines 661-708
Apr 29 01:29:58 localhost systemd[1]: Starting systemd-udev-trigger.service - Coldplug All udev Devices...
lines 662-709
Apr 29 01:29:58 localhost systemd-modules-load[327]: Inserted module 'dm_multipath'
lines 663-710
Apr 29 01:29:58 localhost systemd[1]: Started systemd-journald.service - Journal Service.
lines 664-711
Apr 29 01:29:58 localhost kernel: EXT4-fs (dm-0): re-mounted 78dfc1ab-05ce-40b9-a2f8-2f3e03168145 r/w.
lines 665-712
Apr 29 01:29:59 localhost systemd[1]: Mounted dev-hugepages.mount - Huge Pages File System.
lines 666-713
Apr 29 01:29:59 localhost systemd[1]: Mounted dev-mqueue.mount - POSIX Message Queue File System.
lines 667-714
Apr 29 01:29:59 localhost systemd[1]: Mounted sys-kernel-debug.mount - Kernel Debug File System.
lines 668-715
Apr 29 01:29:59 localhost systemd[1]: Mounted sys-kernel-tracing.mount - Kernel Trace File System.
lines 669-716
Apr 29 01:29:59 localhost systemd[1]: Finished keyboard-setup.service - Set the console keyboard layout.
lines 670-717
Apr 29 01:29:59 localhost systemd[1]: Finished kmod-static-nodes.service - Create List of Static Device Nodes.
lines 671-718
Apr 29 01:29:59 localhost systemd[1]: Finished lvm2-monitor.service - Monitoring of LVM2 mirrors, snapshots etc. using dmeventd or progress polling.
lines 672-719
Apr 29 01:29:59 localhost systemd[1]: modprobe@configfs.service: Deactivated successfully.
lines 673-720
Apr 29 01:29:59 localhost systemd[1]: Finished modprobe@configfs.service - Load Kernel Module configfs.
lines 674-721
Apr 29 01:29:59 localhost systemd[1]: modprobe@dm_mod.service: Deactivated successfully.
lines 675-722
Apr 29 01:29:59 localhost systemd[1]: Finished modprobe@dm_mod.service - Load Kernel Module dm_mod.
lines 676-723
Apr 29 01:29:59 localhost systemd[1]: modprobe@drm.service: Deactivated successfully.
lines 677-724
Apr 29 01:29:59 localhost systemd[1]: Finished modprobe@drm.service - Load Kernel Module drm.
lines 678-725
Apr 29 01:29:59 localhost systemd[1]: modprobe@efi_pstore.service: Deactivated successfully.
lines 679-726
Apr 29 01:29:59 localhost systemd[1]: Finished modprobe@efi_pstore.service - Load Kernel Module efi_pstore.
lines 680-727
Apr 29 01:29:59 localhost systemd[1]: modprobe@fuse.service: Deactivated successfully.
lines 681-728

root@eltex-practice2-pg1-v13:~# journalctl -b --since "2026-04-29 1:29:58" --until "2026-04-29 1:30:18" find auth.log

find: auth.log: No such file or directory
root@eltex-practice2-pg1-v13:~#  .find / -name auth.log

/var/log/auth.log
^C
root@eltex-practice2-pg1-v13:~# tailtail /var/log/auth.log

2026-05-03T17:05:01.037316+00:00 localhost CRON[23697]: pam_unix(cron:session): session opened for user root(uid=0) by root(uid=0)
2026-05-03T17:05:01.042665+00:00 localhost CRON[23697]: pam_unix(cron:session): session closed for user root
2026-05-03T17:07:55.528504+00:00 localhost sshd[23701]: Accepted publickey for root from 172.16.8.4 port 50008 ssh2: RSA SHA256:IiqOwKUlAfGzjsUF6kxIXLZFZS40rPZMVHQkfUECj2w
2026-05-03T17:07:55.543350+00:00 localhost sshd[23701]: pam_unix(sshd:session): session opened for user root(uid=0) by root(uid=0)
2026-05-03T17:07:55.546421+00:00 localhost systemd-logind[686]: New session 805 of user root.
2026-05-03T17:07:55.605810+00:00 localhost (systemd): pam_unix(systemd-user:session): session opened for user root(uid=0) by root(uid=0)
2026-05-03T17:15:01.051529+00:00 localhost CRON[23879]: pam_unix(cron:session): session opened for user root(uid=0) by root(uid=0)
2026-05-03T17:15:01.055651+00:00 localhost CRON[23879]: pam_unix(cron:session): session closed for user root
2026-05-03T17:17:01.061463+00:00 localhost CRON[23882]: pam_unix(cron:session): session opened for user root(uid=0) by root(uid=0)
2026-05-03T17:17:01.066292+00:00 localhost CRON[23882]: pam_unix(cron:session): session closed for user root
root@eltex-practice2-pg1-v13:~# hedad /var/;log/auth.log

2026-05-03T00:05:01.206576+00:00 localhost CRON[21716]: pam_unix(cron:session): session opened for user root(uid=0) by root(uid=0)
2026-05-03T00:05:01.211599+00:00 localhost CRON[21716]: pam_unix(cron:session): session closed for user root
2026-05-03T00:15:01.228887+00:00 localhost CRON[21741]: pam_unix(cron:session): session opened for user root(uid=0) by root(uid=0)
2026-05-03T00:15:01.246668+00:00 localhost CRON[21741]: pam_unix(cron:session): session closed for user root
2026-05-03T00:17:01.249773+00:00 localhost CRON[21744]: pam_unix(cron:session): session opened for user root(uid=0) by root(uid=0)
2026-05-03T00:17:01.255767+00:00 localhost CRON[21744]: pam_unix(cron:session): session closed for user root
2026-05-03T00:25:01.268538+00:00 localhost CRON[21754]: pam_unix(cron:session): session opened for user root(uid=0) by root(uid=0)
2026-05-03T00:25:01.275488+00:00 localhost CRON[21754]: pam_unix(cron:session): session closed for user root
2026-05-03T00:35:01.286821+00:00 localhost CRON[21802]: pam_unix(cron:session): session opened for user root(uid=0) by root(uid=0)
2026-05-03T00:35:01.289880+00:00 localhost CRON[21802]: pam_unix(cron:session): session closed for user root
root@eltex-practice2-pg1-v13:~# cat /var/log/auth.log | awk -F "":" print''p'r'i'n't'f'' '$'4'tail

awk: cmd. line:1: print $4
awk: cmd. line:1: ^ syntax error
root@eltex-practice2-pg1-v13:~# tail /var/log/auth.log | awk -F":" 'print $4'}'{

00 localhost sshd[23701]
00 localhost sshd[23701]
00 localhost systemd-logind[686]
00 localhost (systemd)
00 localhost CRON[23879]
00 localhost CRON[23879]
00 localhost CRON[23882]
00 localhost CRON[23882]
00 localhost CRON[23900]
00 localhost CRON[23900]
root@eltex-practice2-pg1-v13:~# tail /var/log/auth.log | awk -F":" '{print $4}' | awk {}3}}''{}'p}'r}'i}'n}'t}' }'$}'#}'}'3}'

sshd[23701]
sshd[23701]
systemd-logind[686]
(systemd)
CRON[23879]
CRON[23879]
CRON[23882]
CRON[23882]
CRON[23900]
CRON[23900]
root@eltex-practice2-pg1-v13:~# tail /var/log/auth.log | awk -F":" '{print $4}' | awk '{print $3}' $6

systemd-logind[686]
(systemd)session)
CRON[23879]session)
CRON[23879]session)
CRON[23882]session)
CRON[23882]session)
CRON[23900]session)
CRON[23900]session)
CRON[23919]session)
CRON[23919]session)
root@eltex-practice2-pg1-v13:~# tail /var/log/auth.log | awk -F":" '{print $4 $6}' | awk '{print $3}'

00 localhost systemd-logind[686]
00 localhost (systemd)session)
00 localhost CRON[23879]session)
00 localhost CRON[23879]session)
00 localhost CRON[23882]session)
00 localhost CRON[23882]session)
00 localhost CRON[23900]session)
00 localhost CRON[23900]session)
00 localhost CRON[23919]session)
00 localhost CRON[23919]session)
root@eltex-practice2-pg1-v13:~# tail /var/log/auth.log | awk -F":" '{print $4 $6}'}'}'}' '{'}'p}'r}'i}'n}'t}'f}'}' }'$}'6}'

00 localhost systemd-logind[686]

00 localhost (systemd)
session)
00 localhost CRON[23879]
session)
00 localhost CRON[23879]
session)
00 localhost CRON[23882]
session)
00 localhost CRON[23882]
session)
00 localhost CRON[23900]
session)
00 localhost CRON[23900]
session)
00 localhost CRON[23919]
session)
00 localhost CRON[23919]
session)
root@eltex-practice2-pg1-v13:~# tail /var/log/auth.log | awk -F":" '{print $4} {print $6}'' ''{'}'p}'r}'i}'n}'t}'f}' }'$}'6}'

awk: fatal: cannot open file `{printf $6}' for reading: No such file or directory
root@eltex-practice2-pg1-v13:~# tail /var/log/auth.log | awk -F":" '{print $4}' '{printf $6}' $6}'

awk: fatal: cannot open file `{print $6}' for reading: No such file or directory
root@eltex-practice2-pg1-v13:~# tail /var/log/auth.log | awk -F":" '{print $4}' '{print $6}'}'6}'


session)
session)
session)
session)
session)
session)
session)
session)
session)
root@eltex-practice2-pg1-v13:~# tail /var/log/auth.log | awk -F":" '{print $6}'}'7}'


 session opened for user root(uid=0) by root(uid=0)
 session opened for user root(uid=0) by root(uid=0)
 session closed for user root
 session opened for user root(uid=0) by root(uid=0)
 session closed for user root
 session opened for user root(uid=0) by root(uid=0)
 session closed for user root
 session opened for user root(uid=0) by root(uid=0)
 session closed for user root
root@eltex-practice2-pg1-v13:~# tail /var/log/auth.log | awk -F":" '{print $7}' $7}'$ $7}'4 $7}'

00 localhost systemd-logind[686]
00 localhost (systemd) session opened for user root(uid=0) by root(uid=0)
00 localhost CRON[23879] session opened for user root(uid=0) by root(uid=0)
00 localhost CRON[23879] session closed for user root
00 localhost CRON[23882] session opened for user root(uid=0) by root(uid=0)
00 localhost CRON[23882] session closed for user root
00 localhost CRON[23900] session opened for user root(uid=0) by root(uid=0)
00 localhost CRON[23900] session closed for user root
00 localhost CRON[23919] session opened for user root(uid=0) by root(uid=0)
00 localhost CRON[23919] session closed for user root
root@eltex-practice2-pg1-v13:~# tail /var/log/auth.log | awk -F":" '{print $4 $7}' /\ \ | sed d   ''s'/'l'o'c'a'l'h'o's't'/'f'/'g'

00 f CRON[23879] session opened for user root(uid=0) by root(uid=0)
00 f CRON[23879] session closed for user root
00 f CRON[23882] session opened for user root(uid=0) by root(uid=0)
00 f CRON[23882] session closed for user root
00 f CRON[23900] session opened for user root(uid=0) by root(uid=0)
00 f CRON[23900] session closed for user root
00 f CRON[23919] session opened for user root(uid=0) by root(uid=0)
00 f CRON[23919] session closed for user root
00 f CRON[23948] session opened for user root(uid=0) by root(uid=0)
00 f CRON[23948] session closed for user root
root@eltex-practice2-pg1-v13:~# tail /var/log/auth.log | awk -F":" '{print $4 $7}' | sed 's/localhost/f/g'g'g'g'g'g'g'g'g'g'g'g'g'g'g''d' d'd'.d'd'/d'^d'\d'd'/d'*d'[/*d']d'd'd'd'd'd'd'[d'*d']d'/d'

sed: -e expression #1, char 1: unknown command: `['
root@eltex-practice2-pg1-v13:~# tail /var/log/auth.log | awk -F":" '{print $4 $7}' | sed '[*]/d'/[*]/d'/*]/d'/]/d'

00 localhost CRON[23882] session opened for user root(uid=0) by root(uid=0)
00 localhost CRON[23882] session closed for user root
00 localhost CRON[23900] session opened for user root(uid=0) by root(uid=0)
00 localhost CRON[23900] session closed for user root
00 localhost CRON[23919] session opened for user root(uid=0) by root(uid=0)
00 localhost CRON[23919] session closed for user root
00 localhost CRON[23948] session opened for user root(uid=0) by root(uid=0)
00 localhost CRON[23948] session closed for user root
00 localhost CRON[23960] session opened for user root(uid=0) by root(uid=0)
00 localhost CRON[23960] session closed for user root
root@eltex-practice2-pg1-v13:~# tail /var/log/auth.log | awk -F":" '{print $4 $7}' | sed '/[/*/]/d'*/]/d']/d'

00 localhost CRON[23882] session opened for user root(uid=0) by root(uid=0)
00 localhost CRON[23882] session closed for user root
00 localhost CRON[23900] session opened for user root(uid=0) by root(uid=0)
00 localhost CRON[23900] session closed for user root
00 localhost CRON[23919] session opened for user root(uid=0) by root(uid=0)
00 localhost CRON[23919] session closed for user root
00 localhost CRON[23948] session opened for user root(uid=0) by root(uid=0)
00 localhost CRON[23948] session closed for user root
00 localhost CRON[23960] session opened for user root(uid=0) by root(uid=0)
00 localhost CRON[23960] session closed for user root
root@eltex-practice2-pg1-v13:~# tail /var/log/auth.log | awk -F":" '{print $4 $7}' | sed '/[*]/d'^[*]/d'''/'s'\'['*']'s\[*]'/\[*]'{[*]'[*]'[*]']'0]'-]'9]'*]']'0-9]']']']'*]'/'/'g'

00 localhost CRON[23882 session opened for user root(uid=0) by root(uid=0)
00 localhost CRON[23882 session closed for user root
00 localhost CRON[23900 session opened for user root(uid=0) by root(uid=0)
00 localhost CRON[23900 session closed for user root
00 localhost CRON[23919 session opened for user root(uid=0) by root(uid=0)
00 localhost CRON[23919 session closed for user root
00 localhost CRON[23948 session opened for user root(uid=0) by root(uid=0)
00 localhost CRON[23948 session closed for user root
00 localhost CRON[23960 session opened for user root(uid=0) by root(uid=0)
00 localhost CRON[23960 session closed for user root
root@eltex-practice2-pg1-v13:~# tail /var/log/auth.log | awk -F":" '{print $4 $7}' | sed 's/\[*]//g'[*]//g']//g'

00 localhost CRON[23882] session opened for user root(uid=0) by root(uid=0)
00 localhost CRON[23882] session closed for user root
00 localhost CRON[23900] session opened for user root(uid=0) by root(uid=0)
00 localhost CRON[23900] session closed for user root
00 localhost CRON[23919] session opened for user root(uid=0) by root(uid=0)
00 localhost CRON[23919] session closed for user root
00 localhost CRON[23948] session opened for user root(uid=0) by root(uid=0)
00 localhost CRON[23948] session closed for user root
00 localhost CRON[23960] session opened for user root(uid=0) by root(uid=0)
00 localhost CRON[23960] session closed for user root
root@eltex-practice2-pg1-v13:~# tail /var/log/auth.log | awk -F":" '{print $4 $7}' | sed 's/\[[*]]//g'*]]//g'

00 localhost CRON[23882] session opened for user root(uid=0) by root(uid=0)
00 localhost CRON[23882] session closed for user root
00 localhost CRON[23900] session opened for user root(uid=0) by root(uid=0)
00 localhost CRON[23900] session closed for user root
00 localhost CRON[23919] session opened for user root(uid=0) by root(uid=0)
00 localhost CRON[23919] session closed for user root
00 localhost CRON[23948] session opened for user root(uid=0) by root(uid=0)
00 localhost CRON[23948] session closed for user root
00 localhost CRON[23960] session opened for user root(uid=0) by root(uid=0)
00 localhost CRON[23960] session closed for user root
root@eltex-practice2-pg1-v13:~# tail /var/log/auth.log | awk -F":" '{print $4 $7}' | sed 's/\[*]]//g'//g'

00 localhost CRON[23882 session opened for user root(uid=0) by root(uid=0)
00 localhost CRON[23882 session closed for user root
00 localhost CRON[23900 session opened for user root(uid=0) by root(uid=0)
00 localhost CRON[23900 session closed for user root
00 localhost CRON[23919 session opened for user root(uid=0) by root(uid=0)
00 localhost CRON[23919 session closed for user root
00 localhost CRON[23948 session opened for user root(uid=0) by root(uid=0)
00 localhost CRON[23948 session closed for user root
00 localhost CRON[23960 session opened for user root(uid=0) by root(uid=0)
00 localhost CRON[23960 session closed for user root
root@eltex-practice2-pg1-v13:~# tail /var/log/auth.log | awk -F":" '{print $4 $7}' | sed 's/\[*]//g'^C


root@eltex-practice2-pg1-v13:~# tail /var/log/auth.log | awk -F":" '{print $4 $7}' | sed 's/\[*]//g'.*]//g'*]//g'/*]//g'*]//g'\*]//g'\]//g'

00 localhost CRON[23900] session opened for user root(uid=0) by root(uid=0)
00 localhost CRON[23900] session closed for user root
00 localhost CRON[23919] session opened for user root(uid=0) by root(uid=0)
00 localhost CRON[23919] session closed for user root
00 localhost CRON[23948] session opened for user root(uid=0) by root(uid=0)
00 localhost CRON[23948] session closed for user root
00 localhost CRON[23960] session opened for user root(uid=0) by root(uid=0)
00 localhost CRON[23960] session closed for user root
00 localhost CRON[23992] session opened for user root(uid=0) by root(uid=0)
00 localhost CRON[23992] session closed for user root
root@eltex-practice2-pg1-v13:~# tail /var/log/auth.log | awk -F":" '{print $4 $7}' | sed 's/\[\*\]//g']//g'/]//g'*/]//g'/*/]//g'

sed: -e expression #1, char 8: unknown option to `s'
root@eltex-practice2-pg1-v13:~# tail /var/log/auth.log | awk -F":" '{print $4 $7}' | sed 's/\[/*/]//g'*/]//g']//g'g'\[*]/g'

sed: -e expression #1, char 9: unterminated `s' command
root@eltex-practice2-pg1-v13:~# tail /var/log/auth.log | awk -F":" '{print $4 $7}' | sed 's/\\[*]/g'[*]/g'

sed: -e expression #1, char 8: unterminated `s' command
root@eltex-practice2-pg1-v13:~# tail /var/log/auth.log | awk -F":" '{print $4 $7}' | sed 's/\[*]/g'/g'

00 localhost CRON[23900 session opened for user root(uid=0) by root(uid=0)
00 localhost CRON[23900 session closed for user root
00 localhost CRON[23919 session opened for user root(uid=0) by root(uid=0)
00 localhost CRON[23919 session closed for user root
00 localhost CRON[23948 session opened for user root(uid=0) by root(uid=0)
00 localhost CRON[23948 session closed for user root
00 localhost CRON[23960 session opened for user root(uid=0) by root(uid=0)
00 localhost CRON[23960 session closed for user root
00 localhost CRON[23992 session opened for user root(uid=0) by root(uid=0)
00 localhost CRON[23992 session closed for user root
root@eltex-practice2-pg1-v13:~# tail /var/log/auth.log | awk -F":" '{print $4 $7}' | sed 's/\[*]//g'[*]//g'//g'//g'//g'[//g'@//g'//g'2//g'//g'^//g']//g']//g'*//g'\//g']//g'

00 localhost CRON session opened for user root(uid=0) by root(uid=0)
00 localhost CRON session closed for user root
00 localhost CRON session opened for user root(uid=0) by root(uid=0)
00 localhost CRON session closed for user root
00 localhost CRON session opened for user root(uid=0) by root(uid=0)
00 localhost CRON session closed for user root
00 localhost CRON session opened for user root(uid=0) by root(uid=0)
00 localhost CRON session closed for user root
00 localhost CRON session opened for user root(uid=0) by root(uid=0)
00 localhost CRON session closed for user root
root@eltex-practice2-pg1-v13:~# tail /var/log/auth.log | awk -F":" '{print $4 $7}' | sed 's/\[[^]]*\]//g'cat

00 localhost CRON session opened for user root(uid=0) by root(uid=0)
00 localhost CRON session closed for user root
00 localhost CRON session opened for user root(uid=0) by root(uid=0)
00 localhost CRON session closed for user root
00 localhost CRON session opened for user root(uid=0) by root(uid=0)
00 localhost CRON session closed for user root
00 localhost CRON session opened for user root(uid=0) by root(uid=0)
00 localhost CRON session closed for user root
00 localhost CRON session opened for user root(uid=0) by root(uid=0)
00 localhost CRON session closed for user root
00 localhost CRON session opened for user root(uid=0) by root(uid=0)
00 localhost CRON session closed for user root
00 localhost CRON session opened for user root(uid=0) by root(uid=0)
00 localhost CRON session closed for user root
00 localhost CRON session opened for user root(uid=0) by root(uid=0)
00 localhost CRON session closed for user root
00 localhost CRON session opened for user root(uid=0) by root(uid=0)
00 localhost CRON session closed for user root
00 localhost CRON session opened for user root(uid=0) by root(uid=0)
00 localhost CRON session closed for user root
00 localhost CRON session opened for user root(uid=0) by root(uid=0)
00 localhost CRON session closed for user root
00 localhost CRON session opened for user root(uid=0) by root(uid=0)
00 localhost CRON session closed for user root
