
login as: eltex-pg1-v13
Server refused our key
eltex-pg1-v13@217.71.138.1's password: 
Linux eltex-2026-spring 6.1.0-44-amd64 #1 SMP PREEMPT_DYNAMIC Debian 6.1.164-1 (2026-03-09) x86_64

The programs included with the Debian GNU/Linux system are free software;
the exact distribution terms for each program are described in the
individual files in /usr/share/doc/*/copyright.

Debian GNU/Linux comes with ABSOLUTELY NO WARRANTY, to the extent
permitted by applicable law.
Last login: Wed Apr 22 19:49:16 2026 from 104.28.244.74

eltex-pg1-v13@eltex-2026-spring-19:56>=~=~=~=~=~=~=~=~=~=~=~= PuTTY log 2026.04.22 22:05:02 =~=~=~=~=~=~=~=~=~=~=~=
login as:  eltex-pg1-v13
Server refused our key
eltex-pg1-v13@217.71.138.1's password: 
Linux eltex-2026-spring 6.1.0-44-amd64 #1 SMP PREEMPT_DYNAMIC Debian 6.1.164-1 (2026-03-09) x86_64

The programs included with the Debian GNU/Linux system are free software;
the exact distribution terms for each program are described in the
individual files in /usr/share/doc/*/copyright.

Debian GNU/Linux comes with ABSOLUTELY NO WARRANTY, to the extent
permitted by applicable law.
Last login: Wed Apr 22 19:56:56 2026 from 104.28.244.74

eltex-pg1-v13@eltex-2026-spring-22:05>ssh -keygen-keygen

Generating public/private rsa key pair.
Enter file in which to save the key (/home/eltex-pg1-v13/.ssh/id_rsa): 
/home/eltex-pg1-v13/.ssh/id_rsa already exists.
Overwrite (y/n)? y
Enter passphrase (empty for no passphrase): 
Enter same passphrase again: 
Your identification has been saved in /home/eltex-pg1-v13/.ssh/id_rsa
Your public key has been saved in /home/eltex-pg1-v13/.ssh/id_rsa.pub
The key fingerprint is:
SHA256:IiqOwKUlAfGzjsUF6kxIXLZFZS40rPZMVHQkfUECj2w eltex-pg1-v13@eltex-2026-spring
The key's randomart image is:
+---[RSA 3072]----+
|+oooo=+B++.o.    |
|++..+o= =...     |
|ooo.+. E ..      |
|+..* .o          |
| +=o= . S        |
|.+=. + .         |
|+oo              |
|+.               |
|..               |
+----[SHA256]-----+
cat ~/.ssh/*.pub

ssh-rsa AAAAB3NzaC1yc2EAAAADAQABAAABgQDLQLf7M73vSCrbBUt/o17YUu9RrgIJtG90RtF6V4txf7Vo5eUTeTA9HpoiucQ/odIG5WrOhXlUTIEnPFWflLb5/cRlJNp/ffopIRYwuhh1eHJ+6FmbC/AkB8pdsssbbd2esdeZzu2NUrmEbcwlp2jjv5XG6k7rNfgDX6wi8piUA+fb3NBkiXE9RH2qRbHQjGk3zxK+7OD44CFDQf4yJW/N+7qdHWeBKSvTDVTTCcO2WJblxXN/vUTrzDj5Mi3EbBXMiXu6bT6vuggxLEV7JO6FOvOR5AlYb1hWpDBHmGuKox1U4luDWLbgAhGR9F/JNlwZ+jyf7/Sr8gCHozCyeh3cFjFjmY5NjXyN53E4ZOCI/1CPwMS3rBpSLxyoE/agUEAX9Jkr4H1yESA5gNS7XLPGkgH2sPA+1ErLxskZtl/i1x6u+I5N3Jl9d0fKUXcCSVaLlIjtKvyGQVPTMPklvBYlkTJQclJzA067q47d4XpFOOLaCQzqQ6j980LPCWHhIVE= eltex-pg1-v13@eltex-2026-spring
eltex-pg1-v13@eltex-2026-spring-15:43>ls -l ~/.ssh/*.pub

-rw-r--r-- 1 eltex-pg1-v13 eltex-pg1-v13 585  22 22:10 /home/eltex-pg1-v13/.ssh/id_rsa.pub
eltex-pg1-v13@eltex-2026-spring-15:43>ssh root@172.16.9.187

Welcome to Ubuntu 24.04.2 LTS (GNU/Linux 6.8.0-110-generic x86_64)

 * Documentation:  https://help.ubuntu.com
 * Management:     https://landscape.canonical.com
 * Support:        https://ubuntu.com/pro

 System information as of Thu Apr 23 08:50:03 AM UTC 2026

  System load:  0.08               Processes:              111
  Usage of /:   42.1% of 14.66GB   Users logged in:        0
  Memory usage: 7%                 IPv4 address for ens18: 172.16.9.187
  Swap usage:   0%

 * Strictly confined Kubernetes makes edge and IoT secure. Learn how MicroK8s
   just raised the bar for easy, resilient and secure K8s cluster deployment.

   https://ubuntu.com/engage/secure-kubernetes-at-the-edge

Expanded Security Maintenance for Applications is not enabled.

81 updates can be applied immediately.
To see these additional updates run: apt list --upgradable

Enable ESM Apps to receive additional future security updates.
See https://ubuntu.com/esm or run: sudo pro status


Last login: Tue Mar 17 10:21:20 2026 from 172.16.8.4

root@eltex-practice2-pg1-v13:~# cat ~/.ssh/authorized_keys 

ssh-rsa AAAAB3NzaC1yc2EAAAADAQABAAABgQC/KcXmmZSUKja8KWMBhkXAafvOIg/kQfcGpXj5dtyJQ5QU6XN6Ad9eG9fXq7hPdH/e7Y2IbQmc5zuSJIhGpB+dW6ZVMY0k6u1aVqQoWUzstSWwEdugRKZJPuqLyr/fBCT38QMyqhl8Am6k3jpU8XLpT/imi5HDRE7NSr31Aur63Fjvo6/j886Q2yPosekkRkzu2mR2MYAKnWyleXXLKGsoFgO134n1hCXArzWKRlsdff1Dn/t53qxaewBZNbd4codp8fm/nHN9Bnqaxq5XhUkhGbvBC03el6dSoSqjfgOWrpDGmDT5YbTRjGibf857TnPLWeiT/QLHtg9orN/a8KYI+2xm/FYVwIx22b+oKNSLUnkuQVXe62O+qoFVia4Z8/P+1g+7jT88GZ4Nj7Q+wp469HdypOVoMNULvvOUeg/NE7RtgjAKnn58aP35pfdUqWVfz6oneHS2742t/rHqMpzIM4YS1bonZRM8w8id5DyfX6U7bVqV9vJo7xMp6PpR1eU= eltex-pg1-v13@eltex-2026-spring
ssh-rsa AAAAB3NzaC1yc2EAAAADAQABAAABgQDLQLf7M73vSCrbBUt/o17YUu9RrgIJtG90RtF6V4txf7Vo5eUTeTA9HpoiucQ/odIG5WrOhXlUTIEnPFWflLb5/cRlJNp/ffopIRYwuhh1eHJ+6FmbC/AkB8pdsssbbd2esdeZzu2NUrmEbcwlp2jjv5XG6k7rNfgDX6wi8piUA+fb3NBkiXE9RH2qRbHQjGk3zxK+7OD44CFDQf4yJW/N+7qdHWeBKSvTDVTTCcO2WJblxXN/vUTrzDj5Mi3EbBXMiXu6bT6vuggxLEV7JO6FOvOR5AlYb1hWpDBHmGuKox1U4luDWLbgAhGR9F/JNlwZ+jyf7/Sr8gCHozCyeh3cFjFjmY5NjXyN53E4ZOCI/1CPwMS3rBpSLxyoE/agUEAX9Jkr4H1yESA5gNS7XLPGkgH2sPA+1ErLxskZtl/i1x6u+I5N3Jl9d0fKUXcCSVaLlIjtKvyGQVPTMPklvBYlkTJQclJzA067q47d4XpFOOLaCQzqQ6j980LPCWHhIVE= eltex-pg1-v13@eltex-2026-spring
root@eltex-practice2-pg1-v13:~# ls -lh ~/ss.ssh/authorized_keys 

-rw------- 1 root root 1.2K Apr 23 08:44 /root/.ssh/authorized_keys
root@eltex-practice2-pg1-v13:~# useradd user1

useradd: user 'user1' already exists
root@eltex-practice2-pg1-v13:~# userdel user1

root@eltex-practice2-pg1-v13:~# useradd user1

root@eltex-practice2-pg1-v13:~# passwd user1

New password: 
Retype new password: 
passwd: password updated successfully
root@eltex-practice2-pg1-v13:~# userdel user1

root@eltex-practice2-pg1-v13:~# useradd -dm -s /bin/bash user1

useradd: warning: the home directory /home/user1 already exists.
useradd: Not copying any file from skel directory into it.
root@eltex-practice2-pg1-v13:~# useradd -m -s /bin/bash user1

useradd: user 'user1' already exists
root@eltex-practice2-pg1-v13:~# passwd user1

New password: 
Retype new password: 
passwd: password updated successfully
root@eltex-practice2-pg1-v13:~# adduser user2

fatal: The user `user2' already exists.
root@eltex-practice2-pg1-v13:~# userdel user2

root@eltex-practice2-pg1-v13:~# adduser user2

info: Adding user `user2' ...
info: Selecting UID/GID from range 1000 to 59999 ...
info: Adding new group `user2' (1001) ...
info: Adding new user `user2' (1001) with group `user2 (1001)' ...
warn: The home directory `/home/user2' already exists.  Not touching this directory.
warn: Warning: The home directory `/home/user2' does not belong to the user you are currently creating.
New password: 
Retype new password: 
passwd: password updated successfully
Changing the user information for user2
Enter the new value, or press ENTER for the default
Full Name []: 
Room Number []: 
Work Phone []: 
Home Phone []: 
Other []: 
Is the information correct? [Y/n] y
info: Adding new user `user2' to supplemental / extra groups `users' ...
info: Adding user `user2' to group `users' ...
root@eltex-practice2-pg1-v13:~# adduser user3

fatal: The user `user3' already exists.
root@eltex-practice2-pg1-v13:~# userdel user3

root@eltex-practice2-pg1-v13:~# useradduser user3

info: Adding user `user3' ...
info: Selecting UID/GID from range 1000 to 59999 ...
info: Adding new group `user3' (1002) ...
info: Adding new user `user3' (1002) with group `user3 (1002)' ...
warn: The home directory `/home/user3' already exists.  Not touching this directory.
warn: Warning: The home directory `/home/user3' does not belong to the user you are currently creating.
New password: 
Retype new password: 
passwd: password updated successfully
Changing the user information for user3
Enter the new value, or press ENTER for the default
Full Name []: 
Room Number []: 
Work Phone []: 
Home Phone []: 
Other []: 
Is the information correct? [Y/n] y
info: Adding new user `user3' to supplemental / extra groups `users' ...
info: Adding user `user3' to group `users' ...
root@eltex-practice2-pg1-v13:~# usermod -s /usr/sbin/nologin

Usage: usermod [options] LOGIN

Options:
  -a, --append                  append the user to the supplemental GROUPS
                                mentioned by the -G option without removing
                                the user from other groups
  -b, --badname                 allow bad names
  -c, --comment COMMENT         new value of the GECOS field
  -d, --home HOME_DIR           new home directory for the user account
  -e, --expiredate EXPIRE_DATE  set account expiration date to EXPIRE_DATE
  -f, --inactive INACTIVE       set password inactive after expiration
                                to INACTIVE
  -g, --gid GROUP               force use GROUP as new primary group
  -G, --groups GROUPS           new list of supplementary GROUPS
  -h, --help                    display this help message and exit
  -l, --login NEW_LOGIN         new value of the login name
  -L, --lock                    lock the user account
  -m, --move-home               move contents of the home directory to the
                                new location (use only with -d)
  -o, --non-unique              allow using duplicate (non-unique) UID
  -p, --password PASSWORD       use encrypted password for the new password
  -P, --prefix PREFIX_DIR       prefix directory where are located the /etc/* files
  -r, --remove                  remove the user from only the supplemental GROUPS
                                mentioned by the -G option without removing
                                the user from other groups
  -R, --root CHROOT_DIR         directory to chroot into
  -s, --shell SHELL             new login shell for the user account
  -u, --uid UID                 new UID for the user account
  -U, --unlock                  unlock the user account
  -v, --add-subuids FIRST-LAST  add range of subordinate uids
  -V, --del-subuids FIRST-LAST  remove range of subordinate uids
  -w, --add-subgids FIRST-LAST  add range of subordinate gids
  -W, --del-subgids FIRST-LAST  remove range of subordinate gids
  -Z, --selinux-user SEUSER     new SELinux user mapping for the user account

root@eltex-practice2-pg1-v13:~# usermod -s /usr/sbin/

usermod: option requires an argument -- 's'
Usage: usermod [options] LOGIN

Options:
  -a, --append                  append the user to the supplemental GROUPS
                                mentioned by the -G option without removing
                                the user from other groups
  -b, --badname                 allow bad names
  -c, --comment COMMENT         new value of the GECOS field
  -d, --home HOME_DIR           new home directory for the user account
  -e, --expiredate EXPIRE_DATE  set account expiration date to EXPIRE_DATE
  -f, --inactive INACTIVE       set password inactive after expiration
                                to INACTIVE
  -g, --gid GROUP               force use GROUP as new primary group
  -G, --groups GROUPS           new list of supplementary GROUPS
  -h, --help                    display this help message and exit
  -l, --login NEW_LOGIN         new value of the login name
  -L, --lock                    lock the user account
  -m, --move-home               move contents of the home directory to the
                                new location (use only with -d)
  -o, --non-unique              allow using duplicate (non-unique) UID
  -p, --password PASSWORD       use encrypted password for the new password
  -P, --prefix PREFIX_DIR       prefix directory where are located the /etc/* files
  -r, --remove                  remove the user from only the supplemental GROUPS
                                mentioned by the -G option without removing
                                the user from other groups
  -R, --root CHROOT_DIR         directory to chroot into
  -s, --shell SHELL             new login shell for the user account
  -u, --uid UID                 new UID for the user account
  -U, --unlock                  unlock the user account
  -v, --add-subuids FIRST-LAST  add range of subordinate uids
  -V, --del-subuids FIRST-LAST  remove range of subordinate uids
  -w, --add-subgids FIRST-LAST  add range of subordinate gids
  -W, --del-subgids FIRST-LAST  remove range of subordinate gids
  -Z, --selinux-user SEUSER     new SELinux user mapping for the user account

root@eltex-practice2-pg1-v13:~# usermod -s -shell /usr/bin/sbin/nologin

Usage: usermod [options] LOGIN

Options:
  -a, --append                  append the user to the supplemental GROUPS
                                mentioned by the -G option without removing
                                the user from other groups
  -b, --badname                 allow bad names
  -c, --comment COMMENT         new value of the GECOS field
  -d, --home HOME_DIR           new home directory for the user account
  -e, --expiredate EXPIRE_DATE  set account expiration date to EXPIRE_DATE
  -f, --inactive INACTIVE       set password inactive after expiration
                                to INACTIVE
  -g, --gid GROUP               force use GROUP as new primary group
  -G, --groups GROUPS           new list of supplementary GROUPS
  -h, --help                    display this help message and exit
  -l, --login NEW_LOGIN         new value of the login name
  -L, --lock                    lock the user account
  -m, --move-home               move contents of the home directory to the
                                new location (use only with -d)
  -o, --non-unique              allow using duplicate (non-unique) UID
  -p, --password PASSWORD       use encrypted password for the new password
  -P, --prefix PREFIX_DIR       prefix directory where are located the /etc/* files
  -r, --remove                  remove the user from only the supplemental GROUPS
                                mentioned by the -G option without removing
                                the user from other groups
  -R, --root CHROOT_DIR         directory to chroot into
  -s, --shell SHELL             new login shell for the user account
  -u, --uid UID                 new UID for the user account
  -U, --unlock                  unlock the user account
  -v, --add-subuids FIRST-LAST  add range of subordinate uids
  -V, --del-subuids FIRST-LAST  remove range of subordinate uids
  -w, --add-subgids FIRST-LAST  add range of subordinate gids
  -W, --del-subgids FIRST-LAST  remove range of subordinate gids
  -Z, --selinux-user SEUSER     new SELinux user mapping for the user account

root@eltex-practice2-pg1-v13:~# usermod --shell /usr/sbin/nologin user3

root@eltex-practice2-pg1-v13:~# su user3

This account is currently not available.
root@eltex-practice2-pg1-v13:~# su -s /bichsh: invalid option -- 'l'
Usage: chsh [options] [LOGIN]

Options:
  -h, --help                    display this help message and exit
  -R, --root CHROOT_DIR         directory to chroot into
  -s, --shell SHELL             new login shell for the user account

^C


root@eltex-practice2-pg1-v13:~# su user3-s /bin/bash user3

bash: /home/user3/.bashrc: Permission denied
user3@eltex-practice2-pg1-v13:/root$ 

user3@eltex-practice2-pg1-v13:/root$ logout

bash: logout: not login shell: use `exit'
user3@eltex-practice2-pg1-v13:/root$ exitexit

exit
root@eltex-practice2-pg1-v13:~# group add users

Command 'group' not found, did you mean:
  command 'groups' from deb coreutils (9.4-3ubuntu6.2)
  command 'grop' from deb grop (2:0.10-1.2)
Try: apt install <deb name>
root@eltex-practice2-pg1-v13:~# group add users

groupadd: group 'users' already exists
root@eltex-practice2-pg1-v13:~# groupdel users

root@eltex-practice2-pg1-v13:~# groupadd users

root@eltex-practice2-pg1-v13:~# usermod -aG user* users user*

usermod: user 'user*' does not exist
root@eltex-practice2-pg1-v13:~# usermod -aG users user*""user*"

usermod: user 'user*' does not exist
root@eltex-practice2-pg1-v13:~# usermod -aG users "user*"'user*''user*'

usermod: user 'user*' does not exist
root@eltex-practice2-pg1-v13:~# usermod -aG users 'user*'1user1

root@eltex-practice2-pg1-v13:~# usermod -aG users user12

root@eltex-practice2-pg1-v13:~# usermod -aG users user23

root@eltex-practice2-pg1-v13:~# groups user1

user1 : user1 users
root@eltex-practice2-pg1-v13:~# groups user12

user2 : user2 users
root@eltex-practice2-pg1-v13:~# groups user23

user3 : user3 users
root@eltex-practice2-pg1-v13:~# mkdir /opt/shrare

mkdir: cannot create directory /opt/share: File exists
root@eltex-practice2-pg1-v13:~# rm /opt/share

rm: cannot remove '/opt/share': Is a directory
root@eltex-practice2-pg1-v13:~# cd /opt/share

root@eltex-practice2-pg1-v13:/opt/share# ls

test1.txt
root@eltex-practice2-pg1-v13:/opt/share# rm -r /opt/share

root@eltex-practice2-pg1-v13:/opt/share# ls

root@eltex-practice2-pg1-v13:/opt/share# mkdir /opt/share

root@eltex-practice2-pg1-v13:/opt/share# chgrp users /opt/share

root@eltex-practice2-pg1-v13:/opt/share# pwd

/opt/share
root@eltex-practice2-pg1-v13:/opt/share# cd ..

root@eltex-practice2-pg1-v13:/opt# ls -l

total 4
drwxr-xr-x 2 root users 4096 Apr 23 09:22 share
root@eltex-practice2-pg1-v13:/opt# chmod g+s share/

root@eltex-practice2-pg1-v13:/opt# ls -l

total 4
drwxr-sr-x 2 root users 4096 Apr 23 09:22 share
root@eltex-practice2-pg1-v13:/opt# chmod g+w share/

root@eltex-practice2-pg1-v13:/opt# ls -l

total 4
drwxrwsr-x 2 root users 4096 Apr 23 09:22 share
root@eltex-practice2-pg1-v13:/opt# =~=~=~=~=~=~=~=~=~=~=~= PuTTY log 2026.05.01 22:26:46 =~=~=~=~=~=~=~=~=~=~=~=
login as: eltex-pg1-v13
Server refused our key
eltex-pg1-v13@217.71.138.1's password: 
Linux eltex-2026-spring 6.1.0-44-amd64 #1 SMP PREEMPT_DYNAMIC Debian 6.1.164-1 (2026-03-09) x86_64

The programs included with the Debian GNU/Linux system are free software;
the exact distribution terms for each program are described in the
individual files in /usr/share/doc/*/copyright.

Debian GNU/Linux comes with ABSOLUTELY NO WARRANTY, to the extent
permitted by applicable law.
Last login: Thu Apr 23 15:43:56 2026 from 104.28.212.74

eltex-pg1-v13@eltex-2026-spring-22:27>ssh root@172.16.9.187

Welcome to Ubuntu 24.04.2 LTS (GNU/Linux 6.8.0-110-generic x86_64)

 * Documentation:  https://help.ubuntu.com
 * Management:     https://landscape.canonical.com
 * Support:        https://ubuntu.com/pro

 System information as of Fri May  1 03:28:53 PM UTC 2026

  System load:  0.08               Processes:              111
  Usage of /:   42.1% of 14.66GB   Users logged in:        0
  Memory usage: 7%                 IPv4 address for ens18: 172.16.9.187
  Swap usage:   0%

 * Strictly confined Kubernetes makes edge and IoT secure. Learn how MicroK8s
   just raised the bar for easy, resilient and secure K8s cluster deployment.

   https://ubuntu.com/engage/secure-kubernetes-at-the-edge

Expanded Security Maintenance for Applications is not enabled.

97 updates can be applied immediately.
2 of these updates are standard security updates.
To see these additional updates run: apt list --upgradable

Enable ESM Apps to receive additional future security updates.
See https://ubuntu.com/esm or run: sudo pro status


Last login: Thu Apr 23 08:50:03 2026 from 172.16.8.4

root@eltex-practice2-pg1-v13:~# ecsu user1

bash: /home/user1/.bashrc: Permission denied
user1@eltex-practice2-pg1-v13:/root$ echo ""u"m"a"s"k" "0"2"7" >> /home~//.bash^C


user1@eltex-practice2-pg1-v13:/root$ echo ""u"m"a"s"k" "0"2"7" >> /home.//user
user1/ user2/ user3/ 
user1@eltex-practice2-pg1-v13:/root$ echo "umask 027" >> /home/user1/.bashrc

bash: /home/user1/.bashrc: Permission denied
user1@eltex-practice2-pg1-v13:/root$ ^C


user1@eltex-practice2-pg1-v13:/root$ echo "umask 027" >> /home/user1/.bashrcsudo 

bash: /home/user1/.bashrc: Permission denied
user1@eltex-practice2-pg1-v13:/root$ su root

Password: 
root@eltex-practice2-pg1-v13:~# ls -lchmod g+w shareecho ""u"m"a"s"k" "0"2"7" >> /home./user1/.bashrc

root@eltex-practice2-pg1-v13:~# su user1

bash: /home/user1/.bashrc: Permission denied
user1@eltex-practice2-pg1-v13:/root$ pwd

/root
user1@eltex-practice2-pg1-v13:/root$ cd op/opt/share/

user1@eltex-practice2-pg1-v13:/opt/share$ ls

user1@eltex-practice2-pg1-v13:/opt/share$ touch user1_file$USER_file

touch: missing file operand
Try 'touch --help' for more information.
user1@eltex-practice2-pg1-v13:/opt/share$ touch $USER_file}_file{USER}_file

user1@eltex-practice2-pg1-v13:/opt/share$ ls

user1_file
user1@eltex-practice2-pg1-v13:/opt/share$ su user2

Password: 
su: Authentication failure
user1@eltex-practice2-pg1-v13:/opt/share$ su root

Password: 
root@eltex-practice2-pg1-v13:/opt/share# su user2

bash: /home/user2/.bashrc: Permission denied
user2@eltex-practice2-pg1-v13:/opt/share$ ls

user1_file
user2@eltex-practice2-pg1-v13:/opt/share$ touch ${}U}S}E}R}_file

user2@eltex-practice2-pg1-v13:/opt/share$ ls

user1_file  user2_file
user2@eltex-practice2-pg1-v13:/opt/share$ su user3

Password: 
su: Authentication failure
user2@eltex-practice2-pg1-v13:/opt/share$ su user3

Password: 
This account is currently not available.
user2@eltex-practice2-pg1-v13:/opt/share$ su root

Password: 
root@eltex-practice2-pg1-v13:/opt/share# su user3

This account is currently not available.
root@eltex-practice2-pg1-v13:/opt/share# ^C


root@eltex-practice2-pg1-v13:/opt/share# su -s /bin/bash

root@eltex-practice2-pg1-v13:/opt/share# ls -lsu -s /bin/bash user3

bash: /home/user3/.bashrc: Permission denied
user3@eltex-practice2-pg1-v13:/opt/share$ ls

user1_file  user2_file
user3@eltex-practice2-pg1-v13:/opt/share$ touhch ${}U}S}E}R}_file

user3@eltex-practice2-pg1-v13:/opt/share$ ls

user1_file  user2_fileuser3_file
user3@eltex-practice2-pg1-v13:/opt/share$ rm user1_file 

user3@eltex-practice2-pg1-v13:/opt/share$ ls

user2_file  user3_file
user3@eltex-practice2-pg1-v13:/opt/share$ su root

Password: 
root@eltex-practice2-pg1-v13:/opt/share# su user2

bash: /home/user2/.bashrc: Permission denied
user2@eltex-practice2-pg1-v13:/opt/share$ ls

user2_file  user3_file
user2@eltex-practice2-pg1-v13:/opt/share$ rm user3_file 

user2@eltex-practice2-pg1-v13:/opt/share$ su root

Password: 
root@eltex-practice2-pg1-v13:/opt/share# su user31

bash: /home/user1/.bashrc: Permission denied
user1@eltex-practice2-pg1-v13:/opt/share$ ls

user2_file
user1@eltex-practice2-pg1-v13:/opt/share$ rm user2_file 

user1@eltex-practice2-pg1-v13:/opt/share$ cd ..

user1@eltex-practice2-pg1-v13:/opt$ ls

share
user1@eltex-practice2-pg1-v13:/opt$ chmod +t share//

chmod: changing permissions of 'share/': Operation not permitted
user1@eltex-practice2-pg1-v13:/opt$ chmod +t share/

chmod: changing permissions of 'share': Operation not permitted
user1@eltex-practice2-pg1-v13:/opt$ su root

Password: 
root@eltex-practice2-pg1-v13:/opt# chmod +t share/

root@eltex-practice2-pg1-v13:/opt# ls -l 

total 4
drwxrwsr-t 2 root users 4096 May  1 15:59 share
root@eltex-practice2-pg1-v13:/opt# cd share/

root@eltex-practice2-pg1-v13:/opt/share# su user1

bash: /home/user1/.bashrc: Permission denied
user1@eltex-practice2-pg1-v13:/opt/share$ ls

user1@eltex-practice2-pg1-v13:/opt/share$ touck $h ${}U}S}E}R}_file

user1@eltex-practice2-pg1-v13:/opt/share$ su user2

Password: 
su: Authentication failure
user1@eltex-practice2-pg1-v13:/opt/share$ su root

Password: 
root@eltex-practice2-pg1-v13:/opt/share# su user2

bash: /home/user2/.bashrc: Permission denied
user2@eltex-practice2-pg1-v13:/opt/share$ touch ${}U}S}E}R}_file

user2@eltex-practice2-pg1-v13:/opt/share$ su root

Password: 
root@eltex-practice2-pg1-v13:/opt/share# su user3-s /bin/bash user3

bash: /home/user3/.bashrc: Permission denied
user3@eltex-practice2-pg1-v13:/opt/share$ touch ${}U}S}E}R}_file

user3@eltex-practice2-pg1-v13:/opt/share$ ls

user1_file  user2_fileuser3_file
user3@eltex-practice2-pg1-v13:/opt/share$ rm user1_file 

rm: cannot remove 'user1_file': Operation not permitted
user3@eltex-practice2-pg1-v13:/opt/share$ su root

Password: 
root@eltex-practice2-pg1-v13:/opt/share# su user2

bash: /home/user2/.bashrc: Permission denied
user2@eltex-practice2-pg1-v13:/opt/share$ rm user3_file 

rm: cannot remove 'user3_file': Operation not permitted
user2@eltex-practice2-pg1-v13:/opt/share$ su root

Password: 
root@eltex-practice2-pg1-v13:/opt/share# lrm user2_file 

root@eltex-practice2-pg1-v13:/opt/share# ls

user1_file  user3_file
root@eltex-practice2-pg1-v13:/opt/share# touch user2_file

root@eltex-practice2-pg1-v13:/opt/share# ls

user1_file  user2_file  user3_file
root@eltex-practice2-pg1-v13:/opt/share# su user1

bash: /home/user1/.bashrc: Permission denied
user1@eltex-practice2-pg1-v13:/opt/share$ rm user2_file 

rm: remove write-protected regular empty file 'user2_file'? ^C
user1@eltex-practice2-pg1-v13:/opt/share$ rm user3_file 

rm: cannot remove 'user3_file': Operation not permitted
user1@eltex-practice2-pg1-v13:/opt/share$ ls

user1_file  user2_fileuser3_file
user1@eltex-practice2-pg1-v13:/opt/share$ =~=~=~=~=~=~=~=~=~=~=~= PuTTY log 2026.05.01 23:14:30 =~=~=~=~=~=~=~=~=~=~=~=
login as: -      eltex-pg1-v13
Server refused our key
eltex-pg1-v13@217.71.138.1's password: 
Linux eltex-2026-spring 6.1.0-44-amd64 #1 SMP PREEMPT_DYNAMIC Debian 6.1.164-1 (2026-03-09) x86_64

The programs included with the Debian GNU/Linux system are free software;
the exact distribution terms for each program are described in the
individual files in /usr/share/doc/*/copyright.

Debian GNU/Linux comes with ABSOLUTELY NO WARRANTY, to the extent
permitted by applicable law.
Last login: Fri May  1 22:27:33 2026 from 104.28.212.74

eltex-pg1-v13@eltex-2026-spring-23:14>ssh root@172.16.9.187

Welcome to Ubuntu 24.04.2 LTS (GNU/Linux 6.8.0-110-generic x86_64)

 * Documentation:  https://help.ubuntu.com
 * Management:     https://landscape.canonical.com
 * Support:        https://ubuntu.com/pro

 System information as of Fri May  1 04:15:09 PM UTC 2026

  System load:  0.08               Processes:              114
  Usage of /:   42.3% of 14.66GB   Users logged in:        0
  Memory usage: 6%                 IPv4 address for ens18: 172.16.9.187
  Swap usage:   0%

 * Strictly confined Kubernetes makes edge and IoT secure. Learn how MicroK8s
   just raised the bar for easy, resilient and secure K8s cluster deployment.

   https://ubuntu.com/engage/secure-kubernetes-at-the-edge

Expanded Security Maintenance for Applications is not enabled.

97 updates can be applied immediately.
2 of these updates are standard security updates.
To see these additional updates run: apt list --upgradable

Enable ESM Apps to receive additional future security updates.
See https://ubuntu.com/esm or run: sudo pro status


Last login: Fri May  1 15:28:54 2026 from 172.16.8.4

root@eltex-practice2-pg1-v13:~# pwd

/root
root@eltex-practice2-pg1-v13:~# su user1

bash: /home/user1/.bashrc: Permission denied
user1@eltex-practice2-pg1-v13:/root$ dmesg 

dmesg: read kernel buffer failed: Operation not permitted
user1@eltex-practice2-pg1-v13:/root$  su root

Password: 
root@eltex-practice2-pg1-v13:~# which dmesg

/usr/bin/dmesg
root@eltex-practice2-pg1-v13:~# dmesg

[    0.000000] Linux version 6.8.0-110-generic (buildd@lcy02-amd64-115) (x86_64-linux-gnu-gcc-13 (Ubuntu 13.3.0-6ubuntu2~24.04.1) 13.3.0, GNU ld (GNU Binutils for Ubuntu) 2.42) #110-Ubuntu SMP PREEMPT_DYNAMIC Thu Mar 19 15:09:20 UTC 2026 (Ubuntu 6.8.0-110.110-generic 6.8.12)
[    0.000000] Command line: BOOT_IMAGE=/vmlinuz-6.8.0-110-generic root=/dev/mapper/ubuntu--vg-ubuntu--lv ro
[    0.000000] KERNEL supported cpus:
[    0.000000]   Intel GenuineIntel
[    0.000000]   AMD AuthenticAMD
[    0.000000]   Hygon HygonGenuine
[    0.000000]   Centaur CentaurHauls
[    0.000000]   zhaoxin   Shanghai  
[    0.000000] BIOS-provided physical RAM map:
[    0.000000] BIOS-e820: [mem 0x0000000000000000-0x000000000009fbff] usable
[    0.000000] BIOS-e820: [mem 0x000000000009fc00-0x000000000009ffff] reserved
[    0.000000] BIOS-e820: [mem 0x00000000000f0000-0x00000000000fffff] reserved
[    0.000000] BIOS-e820: [mem 0x0000000000100000-0x00000000bffd9fff] usable
[    0.000000] BIOS-e820: [mem 0x00000000bffda000-0x00000000bfffffff] reserved
[    0.000000] BIOS-e820: [mem 0x00000000feffc000-0x00000000feffffff] reserved
[    0.000000] BIOS-e820: [mem 0x00000000fffc0000-0x00000000ffffffff] reserved
[    0.000000] BIOS-e820: [mem 0x0000000100000000-0x000000013fffffff] usable
[    0.000000] NX (Execute Disable) protection: active
[    0.000000] APIC: Static calls initialized
[    0.000000] SMBIOS 2.8 present.
[    0.000000] DMI: QEMU Standard PC (i440FX + PIIX, 1996), BIOS rel-1.17.0-0-gb52ca86e094d-prebuilt.qemu.org 04/01/2014
[    0.000000] Hypervisor detected: KVM
[    0.000000] kvm-clock: Using msrs 4b564d01 and 4b564d00
[    0.000001] kvm-clock: using sched offset of 11947040525 cycles
[    0.000004] clocksource: kvm-clock: mask: 0xffffffffffffffff max_cycles: 0x1cd42e4dffb, max_idle_ns: 881590591483 ns
[    0.000007] tsc: Detected 3066.774 MHz processor
[    0.001168] e820: update [mem 0x00000000-0x00000fff] usable ==> reserved
[    0.001173] e820: remove [mem 0x000a0000-0x000fffff] usable
[    0.001178] last_pfn = 0x140000 max_arch_pfn = 0x400000000
[    0.001211] MTRR map: 4 entries (3 fixed + 1 variable; max 19), built from 8 variable MTRRs
[    0.001215] x86/PAT: Configuration [0-7]: WB  WC  UC- UC  WB  WP  UC- WT  
[    0.001257] last_pfn = 0xbffda max_arch_pfn = 0x400000000
[    0.012310] found SMP MP-table at [mem 0x000f5490-0x000f549f]
[    0.012583] RAMDISK: [mem 0x2ee47000-0x3371afff]
[    0.014134] ACPI: Early table checksum verification disabled
[    0.014144] ACPI: RSDP 0x00000000000F5290 000014 (v00 BOCHS )
[    0.014151] ACPI: RSDT 0x00000000BFFE3B5F 000034 (v01 BOCHS  BXPC     00000001 BXPC 00000001)
[    0.014160] ACPI: FACP 0x00000000BFFE3979 000074 (v01 BOCHS  BXPC     00000001 BXPC 00000001)
[    0.014177] ACPI: DSDT 0x00000000BFFDF040 004939 (v01 BOCHS  BXPC     00000001 BXPC 00000001)
[    0.014184] ACPI: FACS 0x00000000BFFDF000 000040
[    0.014189] ACPI: APIC 0x00000000BFFE39ED 000080 (v03 BOCHS  BXPC     00000001 BXPC 00000001)
[    0.014195] ACPI: SSDT 0x00000000BFFE3A6D 0000CA (v01 BOCHS  VMGENID  00000001 BXPC 00000001)
[    0.014201] ACPI: WAET 0x00000000BFFE3B37 000028 (v01 BOCHS  BXPC     00000001 BXPC 00000001)
[    0.014205] ACPI: Reserving FACP table memory at [mem 0xbffe3979-0xbffe39ec]
[    0.014207] ACPI: Reserving DSDT table memory at [mem 0xbffdf040-0xbffe3978]
[    0.014209] ACPI: Reserving FACS table memory at [mem 0xbffdf000-0xbffdf03f]
[    0.014210] ACPI: Reserving APIC table memory at [mem 0xbffe39ed-0xbffe3a6c]
[    0.014211] ACPI: Reserving SSDT table memory at [mem 0xbffe3a6d-0xbffe3b36]
[    0.014212] ACPI: Reserving WAET table memory at [mem 0xbffe3b37-0xbffe3b5e]
[    0.014792] No NUMA configuration found
[    0.014795] Faking a node at [mem 0x0000000000000000-0x000000013fffffff]
[    0.014805] NODE_DATA(0) allocated [mem 0x13ffd5000-0x13fffffff]
[    0.015453] Zone ranges:
[    0.015456]   DMA      [mem 0x0000000000001000-0x0000000000ffffff]
[    0.015459]   DMA32    [mem 0x0000000001000000-0x00000000ffffffff]
[    0.015461]   Normal   [mem 0x0000000100000000-0x000000013fffffff]
[    0.015463]   Device   empty
[    0.015464] Movable zone start for each node
[    0.015467] Early memory node ranges
[    0.015467]   node   0: [mem 0x0000000000001000-0x000000000009efff]
[    0.015469]   node   0: [mem 0x0000000000100000-0x00000000bffd9fff]
[    0.015471]   node   0: [mem 0x0000000100000000-0x000000013fffffff]
[    0.015473] Initmem setup node 0 [mem 0x0000000000001000-0x000000013fffffff]
[    0.015889] On node 0, zone DMA: 1 pages in unavailable ranges
[    0.015909] On node 0, zone DMA: 97 pages in unavailable ranges
[    0.032587] On node 0, zone Normal: 38 pages in unavailable ranges
[    0.034172] ACPI: PM-Timer IO Port: 0x608
[    0.034202] ACPI: LAPIC_NMI (acpi_id[0xff] dfl dfl lint[0x1])
[    0.034257] IOAPIC[0]: apic_id 0, version 17, address 0xfec00000, GSI 0-23
[    0.034263] ACPI: INT_SRC_OVR (bus 0 bus_irq 0 global_irq 2 dfl dfl)
[    0.034266] ACPI: INT_SRC_OVR (bus 0 bus_irq 5 global_irq 5 high level)
[    0.034268] ACPI: INT_SRC_OVR (bus 0 bus_irq 9 global_irq 9 high level)
[    0.034270] ACPI: INT_SRC_OVR (bus 0 bus_irq 10 global_irq 10 high level)
[    0.034271] ACPI: INT_SRC_OVR (bus 0 bus_irq 11 global_irq 11 high level)
[    0.034278] ACPI: Using ACPI (MADT) for SMP configuration information
[    0.034281] smpboot: Allowing 2 CPUs, 0 hotplug CPUs
[    0.034308] kvm-guest: APIC: eoi() replaced with kvm_guest_apic_eoi_write()
[    0.034327] PM: hibernation: Registered nosave memory: [mem 0x00000000-0x00000fff]
[    0.034329] PM: hibernation: Registered nosave memory: [mem 0x0009f000-0x000fffff]
[    0.034331] PM: hibernation: Registered nosave memory: [mem 0xbffda000-0xffffffff]
[    0.034333] [mem 0xc0000000-0xfeffbfff] available for PCI devices
[    0.034334] Booting paravirtualized kernel on KVM
[    0.034338] clocksource: refined-jiffies: mask: 0xffffffff max_cycles: 0xffffffff, max_idle_ns: 1910969940391419 ns
[    0.034345] setup_percpu: NR_CPUS:8192 nr_cpumask_bits:2 nr_cpu_ids:2 nr_node_ids:1
[    0.034979] percpu: Embedded 86 pages/cpu s229376 r8192 d114688 u1048576
[    0.034986] pcpu-alloc: s229376 r8192 d114688 u1048576 alloc=1*2097152
[    0.034989] pcpu-alloc: [0] 0 1 
[    0.035019] kvm-guest: PV spinlocks enabled
[    0.035022] PV qspinlock hash table entries: 256 (order: 0, 4096 bytes, linear)
[    0.035025] Kernel command line: BOOT_IMAGE=/vmlinuz-6.8.0-110-generic root=/dev/mapper/ubuntu--vg-ubuntu--lv ro
[    0.036093] Dentry cache hash table entries: 524288 (order: 10, 4194304 bytes, linear)
[    0.036619] Inode-cache hash table entries: 262144 (order: 9, 2097152 bytes, linear)
[    0.036707] Fallback order for Node 0: 0 
[    0.036712] Built 1 zonelists, mobility grouping on.  Total pages: 1031898
[    0.036714] Policy zone: Normal
[    0.036723] mem auto-init: stack:all(zero), heap alloc:on, heap free:off
[    0.036730] software IO TLB: area num 2.
[    0.077826] Memory: 3926060K/4193760K available (22528K kernel code, 4438K rwdata, 14412K rodata, 4924K init, 4788K bss, 267440K reserved, 0K cma-reserved)
[    0.114133] SLUB: HWalign=64, Order=0-3, MinObjects=0, CPUs=2, Nodes=1
[    0.114272] Kernel/User page tables isolation: enabled
[    0.114355] ftrace: allocating 58282 entries in 228 pages
[    0.124309] ftrace: allocated 228 pages with 4 groups
[    0.125242] Dynamic Preempt: voluntary
[    0.125876] rcu: Preemptible hierarchical RCU implementation.
[    0.125879] rcu: RCU restricting CPUs from NR_CPUS=8192 to nr_cpu_ids=2.
[    0.125882] Trampoline variant of Tasks RCU enabled.
[    0.125883] Rude variant of Tasks RCU enabled.
[    0.125883] Tracing variant of Tasks RCU enabled.
[    0.125885] rcu: RCU calculated value of scheduler-enlistment delay is 100 jiffies.
[    0.125886] rcu: Adjusting geometry for rcu_fanout_leaf=16, nr_cpu_ids=2
[    0.125911] RCU Tasks: Setting shift to 1 and lim to 1 rcu_task_cb_adjust=1 rcu_task_cpu_ids=2.
[    0.125915] RCU Tasks Rude: Setting shift to 1 and lim to 1 rcu_task_cb_adjust=1 rcu_task_cpu_ids=2.
[    0.125918] RCU Tasks Trace: Setting shift to 1 and lim to 1 rcu_task_cb_adjust=1 rcu_task_cpu_ids=2.
[    0.130781] NR_IRQS: 524544, nr_irqs: 440, preallocated irqs: 16
[    0.131032] rcu: srcu_init: Setting srcu_struct sizes based on contention.
[    0.131140] Console: colour dummy device 80x25
[    0.131144] printk: legacy console [tty0] enabled
[    0.131567] ACPI: Core revision 20230628
[    0.131841] APIC: Switch to symmetric I/O mode setup
[    0.132187] x2apic enabled
[    0.132608] APIC: Switched APIC routing to: physical x2apic
[    0.134263] ..TIMER: vector=0x30 apic1=0 pin1=2 apic2=-1 pin2=-1
[    0.134307] clocksource: tsc-early: mask: 0xffffffffffffffff max_cycles: 0x2c34ac38ef8, max_idle_ns: 440795267375 ns
[    0.134321] Calibrating delay loop (skipped) preset value.. 6133.54 BogoMIPS (lpj=3066774)
[    0.134465] Last level iTLB entries: 4KB 0, 2MB 0, 4MB 0
[    0.134469] Last level dTLB entries: 4KB 0, 2MB 0, 4MB 0, 1GB 0
[    0.134475] Spectre V1 : Mitigation: usercopy/swapgs barriers and __user pointer sanitization
[    0.134480] Spectre V2 : Mitigation: Retpolines
[    0.134483] Spectre V2 : Spectre v2 / SpectreRSB: Filling RSB on context switch and VMEXIT
[    0.134486] Speculative Store Bypass: Vulnerable
[    0.134490] MDS: Vulnerable: Clear CPU buffers attempted, no microcode
[    0.134501] MMIO Stale Data: Unknown: No mitigations
[    0.134504] active return thunk: its_return_thunk
[    0.134513] ITS: Mitigation: Aligned branch/return thunks
[    0.134518] x86/fpu: x87 FPU will use FXSAVE
[    0.159576] Freeing SMP alternatives memory: 48K
[    0.159590] pid_max: default: 32768 minimum: 301
[    0.160285] LSM: initializing lsm=lockdown,capability,landlock,yama,apparmor,integrity
[    0.160517] landlock: Up and running.
[    0.160521] Yama: becoming mindful.
[    0.160602] AppArmor: AppArmor initialized
[    0.160896] Mount-cache hash table entries: 8192 (order: 4, 65536 bytes, linear)
[    0.160916] Mountpoint-cache hash table entries: 8192 (order: 4, 65536 bytes, linear)
[    0.264088] smpboot: CPU0: Intel QEMU Virtual CPU version 2.5+ (family: 0xf, model: 0x6b, stepping: 0x1)
[    0.264316] Performance Events: unsupported Netburst CPU model 107 no PMU driver, software events only.
[    0.264316] signal: max sigframe size: 1440
[    0.264316] rcu: Hierarchical SRCU implementation.
[    0.264316] rcu: Max phase no-delay instances is 400.
[    0.267542] NMI watchdog: Perf NMI watchdog permanently disabled
[    0.267609] smp: Bringing up secondary CPUs ...
[    0.267830] smpboot: x86: Booting SMP configuration:
[    0.267835] .... node  #0, CPUs:      #1
[    0.269408] smp: Brought up 1 node, 2 CPUs
[    0.269416] smpboot: Max logical packages: 1
[    0.269420] smpboot: Total of 2 processors activated (12267.09 BogoMIPS)
[    0.270370] devtmpfs: initialized
[    0.270399] x86/mm: Memory block size: 128MB
[    0.271494] clocksource: jiffies: mask: 0xffffffff max_cycles: 0xffffffff, max_idle_ns: 1911260446275000 ns
[    0.271494] futex hash table entries: 512 (order: 3, 32768 bytes, linear)
[    0.271869] pinctrl core: initialized pinctrl subsystem
[    0.272328] PM: RTC time: 01:29:53, date: 2026-04-29
[    0.273452] NET: Registered PF_NETLINK/PF_ROUTE protocol family
[    0.273961] DMA: preallocated 512 KiB GFP_KERNEL pool for atomic allocations
[    0.274064] DMA: preallocated 512 KiB GFP_KERNEL|GFP_DMA pool for atomic allocations
[    0.274143] DMA: preallocated 512 KiB GFP_KERNEL|GFP_DMA32 pool for atomic allocations
[    0.274169] audit: initializing netlink subsys (disabled)
[    0.274247] audit: type=2000 audit(1777426194.558:1): state=initialized audit_enabled=0 res=1
[    0.274461] thermal_sys: Registered thermal governor 'fair_share'
[    0.274463] thermal_sys: Registered thermal governor 'bang_bang'
[    0.274468] thermal_sys: Registered thermal governor 'step_wise'
[    0.274471] thermal_sys: Registered thermal governor 'user_space'
[    0.274473] thermal_sys: Registered thermal governor 'power_allocator'
[    0.274495] cpuidle: using governor ladder
[    0.274505] cpuidle: using governor menu
[    0.274665] acpiphp: ACPI Hot Plug PCI Controller Driver version: 0.5
[    0.274991] PCI: Using configuration type 1 for base access
[    0.275241] kprobes: kprobe jump-optimization is enabled. All kprobes are optimized if possible.
[    0.287490] HugeTLB: registered 2.00 MiB page size, pre-allocated 0 pages
[    0.287499] HugeTLB: 28 KiB vmemmap can be freed for a 2.00 MiB page
[    0.299848] fbcon: Taking over console
[    0.299895] ACPI: Added _OSI(Module Device)
[    0.299900] ACPI: Added _OSI(Processor Device)
[    0.299903] ACPI: Added _OSI(Processor Aggregator Device)
[    0.303143] ACPI: 2 ACPI AML tables successfully acquired and loaded
[    0.307495] ACPI: _OSC evaluation for CPUs failed, trying _PDC
[    0.307756] ACPI: Interpreter enabled
[    0.307773] ACPI: PM: (supports S0 S5)
[    0.307777] ACPI: Using IOAPIC for interrupt routing
[    0.307777] PCI: Using host bridge windows from ACPI; if necessary, use "pci=nocrs" and report a bug
[    0.307777] PCI: Using E820 reservations for host bridge windows
[    0.307777] ACPI: Enabled 3 GPEs in block 00 to 0F
[    0.315927] ACPI: PCI Root Bridge [PCI0] (domain 0000 [bus 00-ff])
[    0.315939] acpi PNP0A03:00: _OSC: OS supports [ASPM ClockPM Segments MSI EDR HPX-Type3]
[    0.315945] acpi PNP0A03:00: _OSC: not requesting OS control; OS requires [ExtendedConfig ASPM ClockPM MSI]
[    0.315960] acpi PNP0A03:00: fail to add MMCONFIG information, can't access extended configuration space under this bridge
[    0.316703] acpiphp: Slot [3] registered
[    0.316748] acpiphp: Slot [8] registered
[    0.316774] acpiphp: Slot [18] registered
[    0.316831] acpiphp: Slot [4] registered
[    0.316861] acpiphp: Slot [6] registered
[    0.316887] acpiphp: Slot [7] registered
[    0.316912] acpiphp: Slot [9] registered
[    0.316937] acpiphp: Slot [10] registered
[    0.316962] acpiphp: Slot [11] registered
[    0.316987] acpiphp: Slot [12] registered
[    0.317012] acpiphp: Slot [13] registered
[    0.317040] acpiphp: Slot [14] registered
[    0.317066] acpiphp: Slot [15] registered
[    0.317103] acpiphp: Slot [16] registered
[    0.317146] acpiphp: Slot [17] registered
[    0.317181] acpiphp: Slot [19] registered
[    0.317208] acpiphp: Slot [20] registered
[    0.317245] acpiphp: Slot [21] registered
[    0.317276] acpiphp: Slot [22] registered
[    0.317303] acpiphp: Slot [23] registered
[    0.317331] acpiphp: Slot [24] registered
[    0.317359] acpiphp: Slot [25] registered
[    0.317384] acpiphp: Slot [26] registered
[    0.317409] acpiphp: Slot [27] registered
[    0.317434] acpiphp: Slot [28] registered
[    0.317463] acpiphp: Slot [29] registered
[    0.317484] PCI host bridge to bus 0000:00
[    0.317488] pci_bus 0000:00: root bus resource [io  0x0000-0x0cf7 window]
[    0.317493] pci_bus 0000:00: root bus resource [io  0x0d00-0xffff window]
[    0.317497] pci_bus 0000:00: root bus resource [mem 0x000a0000-0x000bffff window]
[    0.317501] pci_bus 0000:00: root bus resource [mem 0xc0000000-0xfebfffff window]
[    0.317505] pci_bus 0000:00: root bus resource [mem 0x140000000-0x1bfffffff window]
[    0.317510] pci_bus 0000:00: root bus resource [bus 00-ff]
[    0.317578] pci 0000:00:00.0: [8086:1237] type 00 class 0x060000 conventional PCI endpoint
[    0.318284] pci 0000:00:01.0: [8086:7000] type 00 class 0x060100 conventional PCI endpoint
[    0.318919] pci 0000:00:01.1: [8086:7010] type 00 class 0x010180 conventional PCI endpoint
[    0.321370] pci 0000:00:01.1: BAR 4 [io  0xf0e0-0xf0ef]
[    0.321423] pci 0000:00:01.1: BAR 0 [io  0x01f0-0x01f7]: legacy IDE quirk
[    0.321428] pci 0000:00:01.1: BAR 1 [io  0x03f6]: legacy IDE quirk
[    0.321432] pci 0000:00:01.1: BAR 2 [io  0x0170-0x0177]: legacy IDE quirk
[    0.321435] pci 0000:00:01.1: BAR 3 [io  0x0376]: legacy IDE quirk
[    0.321647] pci 0000:00:01.2: [8086:7020] type 00 class 0x0c0300 conventional PCI endpoint
[    0.323370] pci 0000:00:01.2: BAR 4 [io  0xf0c0-0xf0df]
[    0.324266] pci 0000:00:01.3: [8086:7113] type 00 class 0x068000 conventional PCI endpoint
[    0.324747] pci 0000:00:01.3: quirk: [io  0x0600-0x063f] claimed by PIIX4 ACPI
[    0.324765] pci 0000:00:01.3: quirk: [io  0x0700-0x070f] claimed by PIIX4 SMB
[    0.325048] pci 0000:00:02.0: [1234:1111] type 00 class 0x030000 conventional PCI endpoint
[    0.330182] pci 0000:00:02.0: BAR 0 [mem 0xfd000000-0xfdffffff pref]
[    0.330244] pci 0000:00:02.0: BAR 2 [mem 0xfea50000-0xfea50fff]
[    0.330285] pci 0000:00:02.0: ROM [mem 0xfea40000-0xfea4ffff pref]
[    0.330450] pci 0000:00:02.0: Video device with shadowed ROM at [mem 0x000c0000-0x000dffff]
[    0.331062] pci 0000:00:03.0: [1af4:1002] type 00 class 0x00ff00 conventional PCI endpoint
[    0.335341] pci 0000:00:03.0: BAR 0 [io  0xf000-0xf03f]
[    0.335370] pci 0000:00:03.0: BAR 1 [mem 0xfea51000-0xfea51fff]
[    0.335421] pci 0000:00:03.0: BAR 4 [mem 0x180600000-0x180603fff 64bit pref]
[    0.337542] pci 0000:00:05.0: [1b36:0001] type 01 class 0x060400 conventional PCI bridge
[    0.343344] pci 0000:00:05.0: BAR 0 [mem 0x140000000-0x1400000ff 64bit]
[    0.343375] pci 0000:00:05.0: PCI bridge to [bus 01]
[    0.343408] pci 0000:00:05.0:   bridge window [io  0xe000-0xefff]
[    0.343431] pci 0000:00:05.0:   bridge window [mem 0xfe800000-0xfe9fffff]
[    0.345824] pci 0000:00:05.0:   bridge window [mem 0x180400000-0x1805fffff 64bit pref]
[    0.347150] pci 0000:00:08.0: [1af4:1003] type 00 class 0x078000 conventional PCI endpoint
[    0.349353] pci 0000:00:08.0: BAR 0 [io  0xf040-0xf07f]
[    0.349372] pci 0000:00:08.0: BAR 1 [mem 0xfea52000-0xfea52fff]
[    0.349423] pci 0000:00:08.0: BAR 4 [mem 0x180604000-0x180607fff 64bit pref]
[    0.353886] pci 0000:00:12.0: [1af4:1000] type 00 class 0x020000 conventional PCI endpoint
[    0.355333] pci 0000:00:12.0: BAR 0 [io  0xf080-0xf0bf]
[    0.355350] pci 0000:00:12.0: BAR 1 [mem 0xfea53000-0xfea53fff]
[    0.355391] pci 0000:00:12.0: BAR 4 [mem 0x180608000-0x18060bfff 64bit pref]
[    0.355406] pci 0000:00:12.0: ROM [mem 0xfea00000-0xfea3ffff pref]
[    0.359930] pci 0000:00:1e.0: [1b36:0001] type 01 class 0x060400 conventional PCI bridge
[    0.362191] pci 0000:00:1e.0: BAR 0 [mem 0x140001000-0x1400010ff 64bit]
[    0.362218] pci 0000:00:1e.0: PCI bridge to [bus 02]
[    0.362318] pci 0000:00:1e.0:   bridge window [io  0xd000-0xdfff]
[    0.362344] pci 0000:00:1e.0:   bridge window [mem 0xfe600000-0xfe7fffff]
[    0.364348] pci 0000:00:1e.0:   bridge window [mem 0x180200000-0x1803fffff 64bit pref]
[    0.365094] pci 0000:00:1f.0: [1b36:0001] type 01 class 0x060400 conventional PCI bridge
[    0.367027] pci 0000:00:1f.0: BAR 0 [mem 0x140002000-0x1400020ff 64bit]
[    0.367055] pci 0000:00:1f.0: PCI bridge to [bus 03]
[    0.367087] pci 0000:00:1f.0:   bridge window [io  0xc000-0xcfff]
[    0.367111] pci 0000:00:1f.0:   bridge window [mem 0xfe400000-0xfe5fffff]
[    0.367688] pci 0000:00:1f.0:   bridge window [mem 0x180000000-0x1801fffff 64bit pref]
[    0.369049] pci_bus 0000:01: extended config space not accessible
[    0.369399] acpiphp: Slot [1-2] registered
[    0.369434] acpiphp: Slot [0] registered
[    0.369464] acpiphp: Slot [2] registered
[    0.369495] acpiphp: Slot [3-2] registered
[    0.369526] acpiphp: Slot [4-2] registered
[    0.369553] acpiphp: Slot [5] registered
[    0.369582] acpiphp: Slot [6-2] registered
[    0.369616] acpiphp: Slot [7-2] registered
[    0.369647] acpiphp: Slot [8-2] registered
[    0.369681] acpiphp: Slot [9-2] registered
[    0.369712] acpiphp: Slot [10-2] registered
[    0.369743] acpiphp: Slot [11-2] registered
[    0.369773] acpiphp: Slot [12-2] registered
[    0.369812] acpiphp: Slot [13-2] registered
[    0.369844] acpiphp: Slot [14-2] registered
[    0.369875] acpiphp: Slot [15-2] registered
[    0.369909] acpiphp: Slot [16-2] registered
[    0.369941] acpiphp: Slot [17-2] registered
[    0.369971] acpiphp: Slot [18-2] registered
[    0.370002] acpiphp: Slot [19-2] registered
[    0.370032] acpiphp: Slot [20-2] registered
[    0.370062] acpiphp: Slot [21-2] registered
[    0.370092] acpiphp: Slot [22-2] registered
[    0.370126] acpiphp: Slot [23-2] registered
[    0.370157] acpiphp: Slot [24-2] registered
[    0.370188] acpiphp: Slot [25-2] registered
[    0.370218] acpiphp: Slot [26-2] registered
[    0.370248] acpiphp: Slot [27-2] registered
[    0.370279] acpiphp: Slot [28-2] registered
[    0.370313] acpiphp: Slot [29-2] registered
[    0.370351] acpiphp: Slot [30] registered
[    0.370383] acpiphp: Slot [31] registered
[    0.370738] pci 0000:01:01.0: [1af4:1004] type 00 class 0x010000 conventional PCI endpoint
[    0.374335] pci 0000:01:01.0: BAR 0 [io  0xe000-0xe03f]
[    0.374335] pci 0000:01:01.0: BAR 1 [mem 0xfe800000-0xfe800fff]
[    0.374376] pci 0000:01:01.0: BAR 4 [mem 0x180400000-0x180403fff 64bit pref]
[    0.383837] pci 0000:00:05.0: PCI bridge to [bus 01]
[    0.384513] pci_bus 0000:02: extended config space not accessible
[    0.384828] acpiphp: Slot [0-2] registered
[    0.384866] acpiphp: Slot [1-3] registered
[    0.384897] acpiphp: Slot [2-2] registered
[    0.384933] acpiphp: Slot [3-3] registered
[    0.384969] acpiphp: Slot [4-3] registered
[    0.385001] acpiphp: Slot [5-2] registered
[    0.385323] acpiphp: Slot [6-3] registered
[    0.385358] acpiphp: Slot [7-3] registered
[    0.385389] acpiphp: Slot [8-3] registered
[    0.385420] acpiphp: Slot [9-3] registered
[    0.385456] acpiphp: Slot [10-3] registered
[    0.385489] acpiphp: Slot [11-3] registered
[    0.385520] acpiphp: Slot [12-3] registered
[    0.385558] acpiphp: Slot [13-3] registered
[    0.385591] acpiphp: Slot [14-3] registered
[    0.385622] acpiphp: Slot [15-3] registered
[    0.385654] acpiphp: Slot [16-3] registered
[    0.386235] acpiphp: Slot [17-3] registered
[    0.386272] acpiphp: Slot [18-3] registered
[    0.386304] acpiphp: Slot [19-3] registered
[    0.386336] acpiphp: Slot [20-3] registered
[    0.386371] acpiphp: Slot [21-3] registered
[    0.386403] acpiphp: Slot [22-3] registered
[    0.386434] acpiphp: Slot [23-3] registered
[    0.386470] acpiphp: Slot [24-3] registered
[    0.386504] acpiphp: Slot [25-3] registered
[    0.386536] acpiphp: Slot [26-3] registered
[    0.386567] acpiphp: Slot [27-3] registered
[    0.386599] acpiphp: Slot [28-3] registered
[    0.386631] acpiphp: Slot [29-3] registered
[    0.386662] acpiphp: Slot [30-2] registered
[    0.386697] acpiphp: Slot [31-2] registered
[    0.393707] pci 0000:00:1e.0: PCI bridge to [bus 02]
[    0.394502] pci_bus 0000:03: extended config space not accessible
[    0.394830] acpiphp: Slot [0-3] registered
[    0.394868] acpiphp: Slot [1-4] registered
[    0.394900] acpiphp: Slot [2-3] registered
[    0.394932] acpiphp: Slot [3-4] registered
[    0.394968] acpiphp: Slot [4-4] registered
[    0.395002] acpiphp: Slot [5-3] registered
[    0.395034] acpiphp: Slot [6-4] registered
[    0.395066] acpiphp: Slot [7-4] registered
[    0.395098] acpiphp: Slot [8-4] registered
[    0.395131] acpiphp: Slot [9-4] registered
[    0.395337] acpiphp: Slot [10-4] registered
[    0.395377] acpiphp: Slot [11-4] registered
[    0.395411] acpiphp: Slot [12-4] registered
[    0.395444] acpiphp: Slot [13-4] registered
[    0.395478] acpiphp: Slot [14-4] registered
[    0.395511] acpiphp: Slot [15-4] registered
[    0.395544] acpiphp: Slot [16-4] registered
[    0.395577] acpiphp: Slot [17-4] registered
[    0.395613] acpiphp: Slot [18-4] registered
[    0.395647] acpiphp: Slot [19-4] registered
[    0.395680] acpiphp: Slot [20-4] registered
[    0.395714] acpiphp: Slot [21-4] registered
[    0.395747] acpiphp: Slot [22-4] registered
[    0.395787] acpiphp: Slot [23-4] registered
[    0.395822] acpiphp: Slot [24-4] registered
[    0.395860] acpiphp: Slot [25-4] registered
[    0.395894] acpiphp: Slot [26-4] registered
[    0.395931] acpiphp: Slot [27-4] registered
[    0.395965] acpiphp: Slot [28-4] registered
[    0.395998] acpiphp: Slot [29-4] registered
[    0.396030] acpiphp: Slot [30-3] registered
[    0.396067] acpiphp: Slot [31-3] registered
[    0.403380] pci 0000:00:1f.0: PCI bridge to [bus 03]
[    0.406844] ACPI: PCI: Interrupt link LNKA configured for IRQ 10
[    0.407022] ACPI: PCI: Interrupt link LNKB configured for IRQ 10
[    0.407186] ACPI: PCI: Interrupt link LNKC configured for IRQ 11
[    0.407348] ACPI: PCI: Interrupt link LNKD configured for IRQ 11
[    0.407437] ACPI: PCI: Interrupt link LNKS configured for IRQ 9
[    0.408526] iommu: Default domain type: Translated
[    0.408526] iommu: DMA domain TLB invalidation policy: lazy mode
[    0.408706] SCSI subsystem initialized
[    0.408733] libata version 3.00 loaded.
[    0.408733] ACPI: bus type USB registered
[    0.408733] usbcore: registered new interface driver usbfs
[    0.408733] usbcore: registered new interface driver hub
[    0.408733] usbcore: registered new device driver usb
[    0.408733] pps_core: LinuxPPS API ver. 1 registered
[    0.408733] pps_core: Software ver. 5.3.6 - Copyright 2005-2007 Rodolfo Giometti <giometti@linux.it>
[    0.408733] PTP clock support registered
[    0.409354] EDAC MC: Ver: 3.0.0
[    0.410703] NetLabel: Initializing
[    0.410709] NetLabel:  domain hash size = 128
[    0.410712] NetLabel:  protocols = UNLABELED CIPSOv4 CALIPSO
[    0.410753] NetLabel:  unlabeled traffic allowed by default
[    0.411416] mctp: management component transport protocol core
[    0.411416] NET: Registered PF_MCTP protocol family
[    0.411416] PCI: Using ACPI for IRQ routing
[    0.411416] PCI: pci_cache_line_size set to 64 bytes
[    0.411439] e820: reserve RAM buffer [mem 0x0009fc00-0x0009ffff]
[    0.411442] e820: reserve RAM buffer [mem 0xbffda000-0xbfffffff]
[    0.411474] pci 0000:00:02.0: vgaarb: setting as boot VGA device
[    0.411474] pci 0000:00:02.0: vgaarb: bridge control possible
[    0.411474] pci 0000:00:02.0: vgaarb: VGA device added: decodes=io+mem,owns=io+mem,locks=none
[    0.411474] vgaarb: loaded
[    0.412415] clocksource: Switched to clocksource kvm-clock
[    0.413751] VFS: Disk quotas dquot_6.6.0
[    0.413796] VFS: Dquot-cache hash table entries: 512 (order 0, 4096 bytes)
[    0.414367] AppArmor: AppArmor Filesystem Enabled
[    0.414400] pnp: PnP ACPI init
[    0.414570] pnp 00:02: [dma 2]
[    0.414943] pnp: PnP ACPI: found 4 devices
[    0.426027] clocksource: acpi_pm: mask: 0xffffff max_cycles: 0xffffff, max_idle_ns: 2085701024 ns
[    0.426249] NET: Registered PF_INET protocol family
[    0.426411] IP idents hash table entries: 65536 (order: 7, 524288 bytes, linear)
[    0.445542] tcp_listen_portaddr_hash hash table entries: 2048 (order: 3, 32768 bytes, linear)
[    0.445598] Table-perturb hash table entries: 65536 (order: 6, 262144 bytes, linear)
[    0.445654] TCP established hash table entries: 32768 (order: 6, 262144 bytes, linear)
[    0.445851] TCP bind hash table entries: 32768 (order: 8, 1048576 bytes, linear)
[    0.445987] TCP: Hash tables configured (established 32768 bind 32768)
[    0.446162] MPTCP token hash table entries: 4096 (order: 5, 98304 bytes, linear)
[    0.446219] UDP hash table entries: 2048 (order: 4, 65536 bytes, linear)
[    0.446246] UDP-Lite hash table entries: 2048 (order: 4, 65536 bytes, linear)
[    0.446372] NET: Registered PF_UNIX/PF_LOCAL protocol family
[    0.446394] NET: Registered PF_XDP protocol family
[    0.446423] pci 0000:00:05.0: PCI bridge to [bus 01]
[    0.446455] pci 0000:00:05.0:   bridge window [io  0xe000-0xefff]
[    0.447559] pci 0000:00:05.0:   bridge window [mem 0xfe800000-0xfe9fffff]
[    0.448374] pci 0000:00:05.0:   bridge window [mem 0x180400000-0x1805fffff 64bit pref]
[    0.449788] pci 0000:00:1e.0: PCI bridge to [bus 02]
[    0.449809] pci 0000:00:1e.0:   bridge window [io  0xd000-0xdfff]
[    0.450823] pci 0000:00:1e.0:   bridge window [mem 0xfe600000-0xfe7fffff]
[    0.451571] pci 0000:00:1e.0:   bridge window [mem 0x180200000-0x1803fffff 64bit pref]
[    0.453805] pci 0000:00:1f.0: PCI bridge to [bus 03]
[    0.453827] pci 0000:00:1f.0:   bridge window [io  0xc000-0xcfff]
[    0.456107] pci 0000:00:1f.0:   bridge window [mem 0xfe400000-0xfe5fffff]
[    0.457640] pci 0000:00:1f.0:   bridge window [mem 0x180000000-0x1801fffff 64bit pref]
[    0.461370] pci_bus 0000:00: resource 4 [io  0x0000-0x0cf7 window]
[    0.461379] pci_bus 0000:00: resource 5 [io  0x0d00-0xffff window]
[    0.461383] pci_bus 0000:00: resource 6 [mem 0x000a0000-0x000bffff window]
[    0.461387] pci_bus 0000:00: resource 7 [mem 0xc0000000-0xfebfffff window]
[    0.461391] pci_bus 0000:00: resource 8 [mem 0x140000000-0x1bfffffff window]
[    0.461396] pci_bus 0000:01: resource 0 [io  0xe000-0xefff]
[    0.461399] pci_bus 0000:01: resource 1 [mem 0xfe800000-0xfe9fffff]
[    0.461403] pci_bus 0000:01: resource 2 [mem 0x180400000-0x1805fffff 64bit pref]
[    0.461408] pci_bus 0000:02: resource 0 [io  0xd000-0xdfff]
[    0.461411] pci_bus 0000:02: resource 1 [mem 0xfe600000-0xfe7fffff]
[    0.461414] pci_bus 0000:02: resource 2 [mem 0x180200000-0x1803fffff 64bit pref]
[    0.461418] pci_bus 0000:03: resource 0 [io  0xc000-0xcfff]
[    0.461422] pci_bus 0000:03: resource 1 [mem 0xfe400000-0xfe5fffff]
[    0.461425] pci_bus 0000:03: resource 2 [mem 0x180000000-0x1801fffff 64bit pref]
[    0.461571] pci 0000:00:01.0: PIIX3: Enabling Passive Release
[    0.461590] pci 0000:00:00.0: Limiting direct PCI/PCI transfers
[    0.462728] ACPI: \_SB_.LNKD: Enabled at IRQ 11
[    0.464141] PCI: CLS 0 bytes, default 64
[    0.464214] PCI-DMA: Using software bounce buffering for IO (SWIOTLB)
[    0.464219] software IO TLB: mapped [mem 0x00000000bbfda000-0x00000000bffda000] (64MB)
[    0.464292] clocksource: tsc: mask: 0xffffffffffffffff max_cycles: 0x2c34ac38ef8, max_idle_ns: 440795267375 ns
[    0.464465] Trying to unpack rootfs image as initramfs...
[    0.466659] Initialise system trusted keyrings
[    0.466695] Key type blacklist registered
[    0.468509] workingset: timestamp_bits=36 max_order=20 bucket_order=0
[    0.468538] zbud: loaded
[    0.470004] squashfs: version 4.0 (2009/01/31) Phillip Lougher
[    0.471499] fuse: init (API version 7.39)
[    0.471884] integrity: Platform Keyring initialized
[    0.471896] integrity: Machine keyring initialized
[    0.487117] Key type asymmetric registered
[    0.487140] Asymmetric key parser 'x509' registered
[    0.487205] Block layer SCSI generic (bsg) driver version 0.4 loaded (major 243)
[    0.487360] io scheduler mq-deadline registered
[    0.487755] shpchp 0000:00:05.0: Requesting control of SHPC hotplug via OSHP (\_SB_.PCI0.S28_)
[    0.487771] shpchp 0000:00:05.0: Requesting control of SHPC hotplug via OSHP (\_SB_.PCI0)
[    0.487781] shpchp 0000:00:05.0: Cannot get control of SHPC hotplug
[    0.487845] shpchp 0000:00:1e.0: Requesting control of SHPC hotplug via OSHP (\_SB_.PCI0.SF0_)
[    0.487856] shpchp 0000:00:1e.0: Requesting control of SHPC hotplug via OSHP (\_SB_.PCI0)
[    0.487861] shpchp 0000:00:1e.0: Cannot get control of SHPC hotplug
[    0.487923] shpchp 0000:00:1f.0: Requesting control of SHPC hotplug via OSHP (\_SB_.PCI0.SF8_)
[    0.487933] shpchp 0000:00:1f.0: Requesting control of SHPC hotplug via OSHP (\_SB_.PCI0)
[    0.487938] shpchp 0000:00:1f.0: Cannot get control of SHPC hotplug
[    0.487952] shpchp: Standard Hot Plug PCI Controller Driver version: 0.4
[    0.488232] input: Power Button as /devices/LNXSYSTM:00/LNXPWRBN:00/input/input0
[    0.488423] ACPI: button: Power Button [PWRF]
[    0.489903] ACPI: \_SB_.LNKC: Enabled at IRQ 10
[    0.495366] ACPI: \_SB_.LNKB: Enabled at IRQ 10
[    0.498193] ACPI: \_SB_.LNKA: Enabled at IRQ 11
[    0.504835] Free page reporting enabled
[    0.505849] Serial: 8250/16550 driver, 32 ports, IRQ sharing enabled
[    0.767857] Freeing initrd memory: 74576K
[    0.788413] Linux agpgart interface v0.103
[    0.793051] loop: module loaded
[    0.795966] virtio_scsi virtio3: 2/0/0 default/read/poll queues
[    0.800014] scsi host0: Virtio SCSI HBA
[    0.801689] scsi 0:0:0:0: Direct-Access     QEMU     QEMU HARDDISK    2.5+ PQ: 0 ANSI: 5
[    0.803300] ata_piix 0000:00:01.1: version 2.13
[    0.804896] scsi host1: ata_piix
[    0.805407] scsi host2: ata_piix
[    0.805504] ata1: PATA max MWDMA2 cmd 0x1f0 ctl 0x3f6 bmdma 0xf0e0 irq 14 lpm-pol 0
[    0.805514] ata2: PATA max MWDMA2 cmd 0x170 ctl 0x376 bmdma 0xf0e8 irq 15 lpm-pol 0
[    0.805629] ACPI: bus type drm_connector registered
[    0.806526] tun: Universal TUN/TAP device driver, 1.6
[    0.810247] PPP generic driver version 2.4.2
[    0.813389] uhci_hcd 0000:00:01.2: UHCI Host Controller
[    0.813431] uhci_hcd 0000:00:01.2: new USB bus registered, assigned bus number 1
[    0.813482] uhci_hcd 0000:00:01.2: detected 2 ports
[    0.813707] uhci_hcd 0000:00:01.2: irq 11, io port 0x0000f0c0
[    0.814017] usb usb1: New USB device found, idVendor=1d6b, idProduct=0001, bcdDevice= 6.08
[    0.814028] usb usb1: New USB device strings: Mfr=3, Product=2, SerialNumber=1
[    0.814035] usb usb1: Product: UHCI Host Controller
[    0.814039] usb usb1: Manufacturer: Linux 6.8.0-110-generic uhci_hcd
[    0.814045] usb usb1: SerialNumber: 0000:00:01.2
[    0.814499] hub 1-0:1.0: USB hub found
[    0.814538] hub 1-0:1.0: 2 ports detected
[    0.816659] i8042: PNP: PS/2 Controller [PNP0303:KBD,PNP0f13:MOU] at 0x60,0x64 irq 1,12
[    0.817675] serio: i8042 KBD port at 0x60,0x64 irq 1
[    0.817697] serio: i8042 AUX port at 0x60,0x64 irq 12
[    0.817912] mousedev: PS/2 mouse device common for all mice
[    0.818445] input: AT Translated Set 2 keyboard as /devices/platform/i8042/serio0/input/input1
[    0.819562] rtc_cmos 00:03: RTC can wake from S4
[    0.821440] rtc_cmos 00:03: registered as rtc0
[    0.821537] rtc_cmos 00:03: setting system clock to 2026-04-29T01:29:54 UTC (1777426194)
[    0.822527] rtc_cmos 00:03: alarms up to one day, y3k, 242 bytes nvram
[    0.822553] i2c_dev: i2c /dev entries driver
[    0.822610] device-mapper: core: CONFIG_IMA_DISABLE_HTABLE is disabled. Duplicate IMA measurements will not be recorded in the IMA log.
[    0.822663] device-mapper: uevent: version 1.0.3
[    0.822768] device-mapper: ioctl: 4.48.0-ioctl (2023-03-01) initialised: dm-devel@redhat.com
[    0.822785] intel_pstate: CPU model not supported
[    0.823763] ledtrig-cpu: registered to indicate activity on CPUs
[    0.825882] [drm] Initialized simpledrm 1.0.0 20200625 for simple-framebuffer.0 on minor 0
[    0.831684] Console: switching to colour frame buffer device 100x37
[    0.836749] simple-framebuffer simple-framebuffer.0: [drm] fb0: simpledrmdrmfb frame buffer device
[    0.837643] drop_monitor: Initializing network drop monitor service
[    0.838072] NET: Registered PF_INET6 protocol family
[    0.864751] Segment Routing with IPv6
[    0.864843] In-situ OAM (IOAM) with IPv6
[    0.864925] NET: Registered PF_PACKET protocol family
[    0.865158] Key type dns_resolver registered
[    0.866178] IPI shorthand broadcast: enabled
[    0.870176] sched_clock: Marking stable (867026077, 2274545)->(870701337, -1400715)
[    0.871154] registered taskstats version 1
[    0.872120] Loading compiled-in X.509 certificates
[    0.876914] Loaded X.509 cert 'Build time autogenerated kernel key: 05121a06f1594ef7d7e475e00608841dc108b5e8'
[    0.880561] sd 0:0:0:0: Power-on or device reset occurred
[    0.882485] sd 0:0:0:0: [sda] 67108864 512-byte logical blocks: (34.4 GB/32.0 GiB)
[    0.884060] sd 0:0:0:0: Attached scsi generic sg0 type 0
[    0.885417] Loaded X.509 cert 'Canonical Ltd. Live Patch Signing 2025 Kmod: d541cef61dc7e793b7eb7e899970a2eef0b5dc8c'
[    0.885662] sd 0:0:0:0: [sda] Write Protect is off
[    0.890705] sd 0:0:0:0: [sda] Mode Sense: 63 00 10 08
[    0.892790] Loaded X.509 cert 'Canonical Ltd. Live Patch Signing: 14df34d1a87cf37625abec039ef2bf521249b969'
[    0.893837] sd 0:0:0:0: [sda] Write cache: enabled, read cache: enabled, supports DPO and FUA
[    0.900435] Loaded X.509 cert 'Canonical Ltd. Kernel Module Signing: 88f752e560a1e0737e31163a466ad7b70a850c19'
[    0.904744] blacklist: Loading compiled-in revocation X.509 certificates
[    0.907645] Loaded X.509 cert 'Canonical Ltd. Secure Boot Signing: 61482aa2830d0ab2ad5af10b7250da9033ddcef0'
[    0.913143] Loaded X.509 cert 'Canonical Ltd. Secure Boot Signing (2017): 242ade75ac4a15e50d50c84b0d45ff3eae707a03'
[    0.919674] Loaded X.509 cert 'Canonical Ltd. Secure Boot Signing (ESM 2018): 365188c1d374d6b07c3c8f240f8ef722433d6a8b'
[    0.927480] Loaded X.509 cert 'Canonical Ltd. Secure Boot Signing (2019): c0746fd6c5da3ae827864651ad66ae47fe24b3e8'
[    0.933984] Loaded X.509 cert 'Canonical Ltd. Secure Boot Signing (2021 v1): a8d54bbb3825cfb94fa13c9f8a594a195c107b8d'
[    0.935601]  sda: sda1 sda2 sda3
[    0.942006] sd 0:0:0:0: [sda] Attached SCSI disk
[    0.944160] Loaded X.509 cert 'Canonical Ltd. Secure Boot Signing (2021 v2): 4cf046892d6fd3c9a5b03f98d845f90851dc6a8c'
[    0.950838] Loaded X.509 cert 'Canonical Ltd. Secure Boot Signing (2021 v3): 100437bb6de6e469b581e61cd66bce3ef4ed53af'
[    0.957864] Loaded X.509 cert 'Canonical Ltd. Secure Boot Signing (Ubuntu Core 2019): c1d57b8f6b743f23ee41f4f7ee292f06eecadfb9'
[    0.966851] ata2: found unknown device (class 0)
[    0.972889] ata2.00: ATAPI: QEMU DVD-ROM, 2.5+, max UDMA/100
[    0.979508] Key type .fscrypt registered
[    0.980166] scsi 2:0:0:0: CD-ROM            QEMU     QEMU DVD-ROM     2.5+ PQ: 0 ANSI: 5
[    0.983248] Key type fscrypt-provisioning registered
[    1.011448] sr 2:0:0:0: [sr0] scsi3-mmc drive: 4x/4x cd/rw xa/form2 tray
[    1.012311] cryptd: max_cpu_qlen set to 1000
[    1.014447] cdrom: Uniform CD-ROM driver Revision: 3.20
[    1.023841] sr 2:0:0:0: Attached scsi CD-ROM sr0
[    1.024604] sr 2:0:0:0: Attached scsi generic sg1 type 5
[    1.041244] SSE version of gcm_enc/dec engaged.
[    1.043859] usb 1-1: new full-speed USB device number 2 using uhci_hcd
[    1.110986] Key type encrypted registered
[    1.114580] AppArmor: AppArmor sha256 policy hashing enabled
[    1.117412] ima: No TPM chip found, activating TPM-bypass!
[    1.120946] Loading compiled-in module X.509 certificates
[    1.126471] Loaded X.509 cert 'Build time autogenerated kernel key: 05121a06f1594ef7d7e475e00608841dc108b5e8'
[    1.131362] ima: Allocated hash algorithm: sha256
[    1.135392] ima: No architecture policies found
[    1.137339] evm: Initialising EVM extended attributes:
[    1.138649] evm: security.selinux
[    1.139905] evm: security.SMACK64
[    1.141105] evm: security.SMACK64EXEC
[    1.142282] evm: security.SMACK64TRANSMUTE
[    1.143414] evm: security.SMACK64MMAP
[    1.144487] evm: security.apparmor
[    1.145532] evm: security.ima
[    1.146540] evm: security.capability
[    1.147625] evm: HMAC attrs: 0x1
[    1.151231] PM:   Magic number: 6:197:459
[    1.166241] RAS: Correctable Errors collector initialized.
[    1.171399] clk: Disabling unused clocks
[    1.178976] Freeing unused decrypted memory: 2028K
[    1.183648] Freeing unused kernel image (initmem) memory: 4924K
[    1.185575] Write protecting the kernel read-only data: 38912k
[    1.189028] Freeing unused kernel image (rodata/data gap) memory: 1972K
[    1.221953] usb 1-1: New USB device found, idVendor=0627, idProduct=0001, bcdDevice= 0.00
[    1.223503] usb 1-1: New USB device strings: Mfr=1, Product=3, SerialNumber=10
[    1.224955] usb 1-1: Product: QEMU USB Tablet
[    1.226407] usb 1-1: Manufacturer: QEMU
[    1.227801] usb 1-1: SerialNumber: 28754-0000:00:01.2-1
[    1.244158] x86/mm: Checked W+X mappings: passed, no W+X pages found.
[    1.245129] x86/mm: Checking user space page tables
[    1.345994] x86/mm: Checked W+X mappings: passed, no W+X pages found.
[    1.349831] Run /init as init process
[    1.352042]   with arguments:
[    1.352046]     /init
[    1.352049]   with environment:
[    1.352051]     HOME=/
[    1.352053]     TERM=linux
[    1.776789] FDC 0 is a S82078B
[    1.785560] hid: raw HID events driver (C) Jiri Kosina
[    1.785862] virtio_net virtio2 ens18: renamed from eth0
[    1.793048] input: VirtualPS/2 VMware VMMouse as /devices/platform/i8042/serio1/input/input4
[    1.795944] input: VirtualPS/2 VMware VMMouse as /devices/platform/i8042/serio1/input/input3
[    1.811841] usbcore: registered new interface driver usbhid
[    1.813230] usbhid: USB HID core driver
[    1.816787] Console: switching to colour dummy device 80x25
[    1.821707] bochs-drm 0000:00:02.0: vgaarb: deactivate vga console
[    1.830437] [drm] Found bochs VGA, ID 0xb0c5.
[    1.830451] [drm] Framebuffer size 16384 kB @ 0xfd000000, mmio @ 0xfea50000.
[    1.845041] [drm] Found EDID data blob.
[    1.848301] [drm] Initialized bochs-drm 1.0.0 20130925 for 0000:00:02.0 on minor 0
[    1.851180] fbcon: bochs-drmdrmfb (fb0) is primary device
[    1.868662] Console: switching to colour frame buffer device 160x50
[    1.887901] bochs-drm 0000:00:02.0: [drm] fb0: bochs-drmdrmfb frame buffer device
[    1.980054] input: QEMU QEMU USB Tablet as /devices/pci0000:00/0000:00:01.2/usb1/1-1/1-1:1.0/0003:0627:0001.0001/input/input5
[    1.980994] hid-generic 0003:0627:0001.0001: input,hidraw0: USB HID v0.01 Mouse [QEMU QEMU USB Tablet] on usb-0000:00:01.2-1/input0
[    2.249386] random: crng init done
[    2.581288] raid6: sse2x4   gen()  7015 MB/s
[    2.598286] raid6: sse2x2   gen() 10841 MB/s
[    2.615286] raid6: sse2x1   gen()  9934 MB/s
[    2.615314] raid6: using algorithm sse2x2 gen() 10841 MB/s
[    2.632284] raid6: .... xor() 8200 MB/s, rmw enabled
[    2.632314] raid6: using ssse3x2 recovery algorithm
[    2.634442] xor: measuring software checksum speed
[    2.634806]    prefetch64-sse  : 11973 MB/sec
[    2.635038]    generic_sse     : 15229 MB/sec
[    2.635050] xor: using function: generic_sse (15229 MB/sec)
[    2.637483] async_tx: api initialized (async)
[    2.985176] Btrfs loaded, zoned=yes, fsverity=yes
[    3.150751] EXT4-fs (dm-0): mounted filesystem 78dfc1ab-05ce-40b9-a2f8-2f3e03168145 ro with ordered data mode. Quota mode: none.
[    3.748445] systemd[1]: Inserted module 'autofs4'
[    3.841210] systemd[1]: systemd 255.4-1ubuntu8.14 running in system mode (+PAM +AUDIT +SELINUX +APPARMOR +IMA +SMACK +SECCOMP +GCRYPT -GNUTLS +OPENSSL +ACL +BLKID +CURL +ELFUTILS +FIDO2 +IDN2 -IDN +IPTC +KMOD +LIBCRYPTSETUP +LIBFDISK +PCRE2 -PWQUALITY +P11KIT +QRENCODE +TPM2 +BZIP2 +LZ4 +XZ +ZLIB +ZSTD -BPF_FRAMEWORK -XKBCOMMON +UTMP +SYSVINIT default-hierarchy=unified)
[    3.846503] systemd[1]: Detected virtualization kvm.
[    3.847582] systemd[1]: Detected architecture x86-64.
[    3.863851] systemd[1]: No hostname configured, using default hostname.
[    3.866910] systemd[1]: Hostname set to <localhost>.
[    4.675571] systemd[1]: Queued start job for default target graphical.target.
[    4.711014] systemd[1]: Created slice system-modprobe.slice - Slice /system/modprobe.
[    4.718488] systemd[1]: Created slice system-systemd\x2dfsck.slice - Slice /system/systemd-fsck.
[    4.723846] systemd[1]: Created slice user.slice - User and Session Slice.
[    4.728368] systemd[1]: Started systemd-ask-password-wall.path - Forward Password Requests to Wall Directory Watch.
[    4.732995] systemd[1]: Set up automount proc-sys-fs-binfmt_misc.automount - Arbitrary Executable File Formats File System Automount Point.
[    4.734801] systemd[1]: Expecting device dev-disk-by\x2duuid-c3f8f018\x2df5f7\x2d4a5d\x2d92a1\x2d12ee87108672.device - /dev/disk/by-uuid/c3f8f018-f5f7-4a5d-92a1-12ee87108672...
[    4.738141] systemd[1]: Reached target integritysetup.target - Local Integrity Protected Volumes.
[    4.739962] systemd[1]: Reached target slices.target - Slice Units.
[    4.742381] systemd[1]: Reached target snapd.mounts-pre.target - Mounting snaps.
[    4.744537] systemd[1]: Reached target snapd.mounts.target - Mounted snaps.
[    4.746407] systemd[1]: Reached target veritysetup.target - Local Verity Protected Volumes.
[    4.748891] systemd[1]: Listening on dm-event.socket - Device-mapper event daemon FIFOs.
[    4.751697] systemd[1]: Listening on lvm2-lvmpolld.socket - LVM2 poll daemon socket.
[    4.754397] systemd[1]: Listening on multipathd.socket - multipathd control socket.
[    4.757540] systemd[1]: Listening on syslog.socket - Syslog Socket.
[    4.759768] systemd[1]: Listening on systemd-fsckd.socket - fsck to fsckd communication Socket.
[    4.761891] systemd[1]: Listening on systemd-initctl.socket - initctl Compatibility Named Pipe.
[    4.766918] systemd[1]: Listening on systemd-journald-dev-log.socket - Journal Socket (/dev/log).
[    4.769589] systemd[1]: Listening on systemd-journald.socket - Journal Socket.
[    4.775332] systemd[1]: Listening on systemd-networkd.socket - Network Service Netlink Socket.
[    4.781177] systemd[1]: systemd-pcrextend.socket - TPM2 PCR Extension (Varlink) was skipped because of an unmet condition check (ConditionSecurity=measured-uki).
[    4.787577] systemd[1]: Listening on systemd-udevd-control.socket - udev Control Socket.
[    4.794163] systemd[1]: Listening on systemd-udevd-kernel.socket - udev Kernel Socket.
[    4.814827] systemd[1]: Mounting dev-hugepages.mount - Huge Pages File System...
[    4.831555] systemd[1]: Mounting dev-mqueue.mount - POSIX Message Queue File System...
[    4.859683] systemd[1]: Mounting sys-kernel-debug.mount - Kernel Debug File System...
[    4.882830] systemd[1]: Mounting sys-kernel-tracing.mount - Kernel Trace File System...
[    4.903637] systemd[1]: Starting systemd-journald.service - Journal Service...
[    4.926025] systemd[1]: Starting keyboard-setup.service - Set the console keyboard layout...
[    4.949871] systemd[1]: Starting kmod-static-nodes.service - Create List of Static Device Nodes...
[    4.974552] systemd[1]: Starting lvm2-monitor.service - Monitoring of LVM2 mirrors, snapshots etc. using dmeventd or progress polling...
[    4.984484] systemd-journald[307]: Collecting audit messages is disabled.
[    5.003595] systemd[1]: Starting modprobe@configfs.service - Load Kernel Module configfs...
[    5.037525] systemd[1]: Starting modprobe@dm_mod.service - Load Kernel Module dm_mod...
[    5.071131] systemd[1]: Starting modprobe@drm.service - Load Kernel Module drm...
[    5.108268] systemd[1]: Starting modprobe@efi_pstore.service - Load Kernel Module efi_pstore...
[    5.144843] systemd[1]: Starting modprobe@fuse.service - Load Kernel Module fuse...
[    5.173623] systemd[1]: Starting modprobe@loop.service - Load Kernel Module loop...
[    5.183598] systemd[1]: netplan-ovs-cleanup.service - OpenVSwitch configuration for cleanup was skipped because of an unmet condition check (ConditionFileIsExecutable=/usr/bin/ovs-vsctl).
[    5.194753] systemd[1]: systemd-fsck-root.service - File System Check on Root Device was skipped because of an unmet condition check (ConditionPathExists=!/run/initramfs/fsck-root).
[    5.212490] systemd[1]: Starting systemd-modules-load.service - Load Kernel Modules...
[    5.232670] systemd[1]: systemd-pcrmachine.service - TPM2 PCR Machine ID Measurement was skipped because of an unmet condition check (ConditionSecurity=measured-uki).
[    5.251126] systemd[1]: Starting systemd-remount-fs.service - Remount Root and Kernel File Systems...
[    5.268182] systemd[1]: systemd-tpm2-setup-early.service - TPM2 SRK Setup (Early) was skipped because of an unmet condition check (ConditionSecurity=measured-uki).
[    5.289440] systemd[1]: Starting systemd-udev-trigger.service - Coldplug All udev Devices...
[    5.307673] systemd[1]: Started systemd-journald.service - Journal Service.
[    5.312920] EXT4-fs (dm-0): re-mounted 78dfc1ab-05ce-40b9-a2f8-2f3e03168145 r/w.
[    5.507342] Adding 3261436k swap on /swap.img.  Priority:-2 extents:7 across:5735424k 
[    5.607688] systemd-journald[307]: Received client request to flush runtime journal.
[    5.686394] systemd-journald[307]: /var/log/journal/560b026a44d3424ea490d29e1a7e2775/system.journal: Journal file uses a different sequence number ID, rotating.
[    5.693405] systemd-journald[307]: Rotating system journal.
[    7.139504] piix4_smbus 0000:00:01.3: SMBus Host Controller at 0x700, revision 0
[    7.142447] EXT4-fs (sda2): mounted filesystem c3f8f018-f5f7-4a5d-92a1-12ee87108672 r/w with ordered data mode. Quota mode: none.
[    7.354119] audit: type=1400 audit(1777426201.031:2): apparmor="STATUS" operation="profile_load" profile="unconfined" name="Discord" pid=488 comm="apparmor_parser"
[    7.357903] audit: type=1400 audit(1777426201.035:3): apparmor="STATUS" operation="profile_load" profile="unconfined" name="1password" pid=487 comm="apparmor_parser"
[    7.366453] audit: type=1400 audit(1777426201.044:4): apparmor="STATUS" operation="profile_load" profile="unconfined" name="QtWebEngineProcess" pid=498 comm="apparmor_parser"
[    7.367238] audit: type=1400 audit(1777426201.044:5): apparmor="STATUS" operation="profile_load" profile="unconfined" name=4D6F6E676F444220436F6D70617373 pid=497 comm="apparmor_parser"
[    7.383355] audit: type=1400 audit(1777426201.060:6): apparmor="STATUS" operation="profile_load" profile="unconfined" name="balena-etcher" pid=503 comm="apparmor_parser"
[    7.383363] audit: type=1400 audit(1777426201.060:7): apparmor="STATUS" operation="profile_load" profile="unconfined" name="brave" pid=504 comm="apparmor_parser"
[    7.394401] audit: type=1400 audit(1777426201.072:8): apparmor="STATUS" operation="profile_load" profile="unconfined" name="buildah" pid=514 comm="apparmor_parser"
[    7.395016] audit: type=1400 audit(1777426201.072:9): apparmor="STATUS" operation="profile_load" profile="unconfined" name="busybox" pid=515 comm="apparmor_parser"
[    7.401158] audit: type=1400 audit(1777426201.078:10): apparmor="STATUS" operation="profile_load" profile="unconfined" name="cam" pid=518 comm="apparmor_parser"
[    7.405673] audit: type=1400 audit(1777426201.083:11): apparmor="STATUS" operation="profile_load" profile="unconfined" name="ch-checkns" pid=519 comm="apparmor_parser"
[    7.674615] cfg80211: Loading compiled-in X.509 certificates for regulatory database
[    7.674981] Loaded X.509 cert 'sforshee: 00b28ddf47aef9cea7'
[    7.675216] Loaded X.509 cert 'wens: 61c038651aabdcf94bd0ac7ff06c7248db18c600'
[    8.950017] NET: Registered PF_QIPCRTR protocol family
[    9.040609] loop0: detected capacity change from 0 to 8
[58156.499710] kauditd_printk_skb: 112 callbacks suppressed
[58156.499718] audit: type=1400 audit(1777484350.673:124): apparmor="DENIED" operation="mknod" class="file" profile="ubuntu_pro_apt_news" name="/usr/lib/python3/dist-packages/uaclient/__pycache__/__init__.cpython-312.pyc.131098056259376" pid=2370 comm="python3" requested_mask="c" denied_mask="c" fsuid=0 ouid=0
[58156.520313] audit: type=1400 audit(1777484350.693:125): apparmor="DENIED" operation="mknod" class="file" profile="ubuntu_pro_apt_news" name="/usr/lib/python3/dist-packages/uaclient/__pycache__/apt.cpython-312.pyc.131098056433136" pid=2370 comm="python3" requested_mask="c" denied_mask="c" fsuid=0 ouid=0
[58156.523362] audit: type=1400 audit(1777484350.698:126): apparmor="DENIED" operation="mknod" class="file" profile="ubuntu_pro_esm_cache" name="/usr/lib/python3/dist-packages/uaclient/__pycache__/__init__.cpython-312.pyc.133064835861936" pid=2371 comm="python3" requested_mask="c" denied_mask="c" fsuid=0 ouid=0
[58156.528807] audit: type=1400 audit(1777484350.703:127): apparmor="DENIED" operation="mknod" class="file" profile="ubuntu_pro_esm_cache" name="/usr/lib/python3/dist-packages/uaclient/__pycache__/log.cpython-312.pyc.133064837413248" pid=2371 comm="python3" requested_mask="c" denied_mask="c" fsuid=0 ouid=0
[58156.546992] audit: type=1400 audit(1777484350.721:128): apparmor="DENIED" operation="mknod" class="file" profile="ubuntu_pro_esm_cache" name="/usr/lib/python3/dist-packages/uaclient/__pycache__/defaults.cpython-312.pyc.133064834750512" pid=2371 comm="python3" requested_mask="c" denied_mask="c" fsuid=0 ouid=0
[58156.549946] audit: type=1400 audit(1777484350.724:129): apparmor="DENIED" operation="mknod" class="file" profile="ubuntu_pro_esm_cache" name="/usr/lib/python3/dist-packages/uaclient/__pycache__/secret_manager.cpython-312.pyc.133064834750512" pid=2371 comm="python3" requested_mask="c" denied_mask="c" fsuid=0 ouid=0
[58156.562105] audit: type=1400 audit(1777484350.736:130): apparmor="DENIED" operation="mknod" class="file" profile="ubuntu_pro_esm_cache" name="/usr/lib/python3/dist-packages/uaclient/__pycache__/system.cpython-312.pyc.133064834752560" pid=2371 comm="python3" requested_mask="c" denied_mask="c" fsuid=0 ouid=0
[58156.584867] audit: type=1400 audit(1777484350.759:131): apparmor="DENIED" operation="mknod" class="file" profile="ubuntu_pro_esm_cache" name="/usr/lib/python3/dist-packages/uaclient/__pycache__/exceptions.cpython-312.pyc.133064835198512" pid=2371 comm="python3" requested_mask="c" denied_mask="c" fsuid=0 ouid=0
[58156.604532] audit: type=1400 audit(1777484350.779:132): apparmor="DENIED" operation="mknod" class="file" profile="ubuntu_pro_esm_cache" name="/usr/lib/python3/dist-packages/uaclient/messages/__pycache__/__init__.cpython-312.pyc.133064833973552" pid=2371 comm="python3" requested_mask="c" denied_mask="c" fsuid=0 ouid=0
[58156.608728] audit: type=1400 audit(1777484350.783:133): apparmor="DENIED" operation="mknod" class="file" profile="ubuntu_pro_esm_cache" name="/usr/lib/python3/dist-packages/uaclient/messages/__pycache__/urls.cpython-312.pyc.133064833973552" pid=2371 comm="python3" requested_mask="c" denied_mask="c" fsuid=0 ouid=0
[72377.173245] workqueue: update_balloon_size_func hogged CPU for >10000us 4 times, consider switching to WQ_UNBOUND
[79097.711303] workqueue: update_balloon_size_func hogged CPU for >10000us 8 times, consider switching to WQ_UNBOUND
[104420.000533] kauditd_printk_skb: 89 callbacks suppressed
[104420.000551] audit: type=1400 audit(1777530614.082:223): apparmor="DENIED" operation="mknod" class="file" profile="ubuntu_pro_apt_news" name="/usr/lib/python3/dist-packages/uaclient/__pycache__/__init__.cpython-312.pyc.128258875258672" pid=4487 comm="python3" requested_mask="c" denied_mask="c" fsuid=0 ouid=0
[104420.011997] audit: type=1400 audit(1777530614.094:224): apparmor="DENIED" operation="mknod" class="file" profile="ubuntu_pro_apt_news" name="/usr/lib/python3/dist-packages/uaclient/__pycache__/apt.cpython-312.pyc.128258875432432" pid=4487 comm="python3" requested_mask="c" denied_mask="c" fsuid=0 ouid=0
[104420.030891] audit: type=1400 audit(1777530614.111:225): apparmor="DENIED" operation="mknod" class="file" profile="ubuntu_pro_esm_cache" name="/usr/lib/python3/dist-packages/uaclient/__pycache__/__init__.cpython-312.pyc.132011993222576" pid=4489 comm="python3" requested_mask="c" denied_mask="c" fsuid=0 ouid=0
[104420.032228] audit: type=1400 audit(1777530614.114:226): apparmor="DENIED" operation="mknod" class="file" profile="ubuntu_pro_esm_cache" name="/usr/lib/python3/dist-packages/uaclient/__pycache__/log.cpython-312.pyc.132011997919616" pid=4489 comm="python3" requested_mask="c" denied_mask="c" fsuid=0 ouid=0
[104420.049247] audit: type=1400 audit(1777530614.131:227): apparmor="DENIED" operation="mknod" class="file" profile="ubuntu_pro_esm_cache" name="/usr/lib/python3/dist-packages/uaclient/__pycache__/defaults.cpython-312.pyc.132011992111152" pid=4489 comm="python3" requested_mask="c" denied_mask="c" fsuid=0 ouid=0
[104420.050271] audit: type=1400 audit(1777530614.132:228): apparmor="DENIED" operation="mknod" class="file" profile="ubuntu_pro_esm_cache" name="/usr/lib/python3/dist-packages/uaclient/__pycache__/secret_manager.cpython-312.pyc.132011992111152" pid=4489 comm="python3" requested_mask="c" denied_mask="c" fsuid=0 ouid=0
[104420.060189] audit: type=1400 audit(1777530614.142:229): apparmor="DENIED" operation="mknod" class="file" profile="ubuntu_pro_esm_cache" name="/usr/lib/python3/dist-packages/uaclient/__pycache__/system.cpython-312.pyc.132011992113200" pid=4489 comm="python3" requested_mask="c" denied_mask="c" fsuid=0 ouid=0
[104420.079858] audit: type=1400 audit(1777530614.161:230): apparmor="DENIED" operation="mknod" class="file" profile="ubuntu_pro_esm_cache" name="/usr/lib/python3/dist-packages/uaclient/__pycache__/exceptions.cpython-312.pyc.132011992542768" pid=4489 comm="python3" requested_mask="c" denied_mask="c" fsuid=0 ouid=0
[104420.093759] audit: type=1400 audit(1777530614.175:231): apparmor="DENIED" operation="mknod" class="file" profile="ubuntu_pro_esm_cache" name="/usr/lib/python3/dist-packages/uaclient/messages/__pycache__/__init__.cpython-312.pyc.132011991334192" pid=4489 comm="python3" requested_mask="c" denied_mask="c" fsuid=0 ouid=0
[104420.095982] audit: type=1400 audit(1777530614.178:232): apparmor="DENIED" operation="mknod" class="file" profile="ubuntu_pro_esm_cache" name="/usr/lib/python3/dist-packages/uaclient/messages/__pycache__/urls.cpython-312.pyc.132011991334192" pid=4489 comm="python3" requested_mask="c" denied_mask="c" fsuid=0 ouid=0
[200759.955876] kauditd_printk_skb: 89 callbacks suppressed
[200759.955900] audit: type=1400 audit(1777626953.858:322): apparmor="DENIED" operation="mknod" class="file" profile="ubuntu_pro_apt_news" name="/usr/lib/python3/dist-packages/uaclient/__pycache__/__init__.cpython-312.pyc.125596339189552" pid=7139 comm="python3" requested_mask="c" denied_mask="c" fsuid=0 ouid=0
[200759.972884] audit: type=1400 audit(1777626953.875:323): apparmor="DENIED" operation="mknod" class="file" profile="ubuntu_pro_apt_news" name="/usr/lib/python3/dist-packages/uaclient/__pycache__/apt.cpython-312.pyc.125596339363312" pid=7139 comm="python3" requested_mask="c" denied_mask="c" fsuid=0 ouid=0
[200759.994347] audit: type=1400 audit(1777626953.896:324): apparmor="DENIED" operation="mknod" class="file" profile="ubuntu_pro_esm_cache" name="/usr/lib/python3/dist-packages/uaclient/__pycache__/__init__.cpython-312.pyc.140278820638128" pid=7140 comm="python3" requested_mask="c" denied_mask="c" fsuid=0 ouid=0
[200759.996998] audit: type=1400 audit(1777626953.899:325): apparmor="DENIED" operation="mknod" class="file" profile="ubuntu_pro_esm_cache" name="/usr/lib/python3/dist-packages/uaclient/__pycache__/log.cpython-312.pyc.140278822189440" pid=7140 comm="python3" requested_mask="c" denied_mask="c" fsuid=0 ouid=0
[200760.013944] audit: type=1400 audit(1777626953.916:326): apparmor="DENIED" operation="mknod" class="file" profile="ubuntu_pro_esm_cache" name="/usr/lib/python3/dist-packages/uaclient/__pycache__/defaults.cpython-312.pyc.140278819526704" pid=7140 comm="python3" requested_mask="c" denied_mask="c" fsuid=0 ouid=0
[200760.014932] audit: type=1400 audit(1777626953.917:327): apparmor="DENIED" operation="mknod" class="file" profile="ubuntu_pro_esm_cache" name="/usr/lib/python3/dist-packages/uaclient/__pycache__/secret_manager.cpython-312.pyc.140278819526704" pid=7140 comm="python3" requested_mask="c" denied_mask="c" fsuid=0 ouid=0
[200760.025151] audit: type=1400 audit(1777626953.927:328): apparmor="DENIED" operation="mknod" class="file" profile="ubuntu_pro_esm_cache" name="/usr/lib/python3/dist-packages/uaclient/__pycache__/system.cpython-312.pyc.140278819528752" pid=7140 comm="python3" requested_mask="c" denied_mask="c" fsuid=0 ouid=0
[200760.044988] audit: type=1400 audit(1777626953.947:329): apparmor="DENIED" operation="mknod" class="file" profile="ubuntu_pro_esm_cache" name="/usr/lib/python3/dist-packages/uaclient/__pycache__/exceptions.cpython-312.pyc.140278819974704" pid=7140 comm="python3" requested_mask="c" denied_mask="c" fsuid=0 ouid=0
[200760.060855] audit: type=1400 audit(1777626953.963:330): apparmor="DENIED" operation="mknod" class="file" profile="ubuntu_pro_esm_cache" name="/usr/lib/python3/dist-packages/uaclient/messages/__pycache__/__init__.cpython-312.pyc.140278818749744" pid=7140 comm="python3" requested_mask="c" denied_mask="c" fsuid=0 ouid=0
[200760.063117] audit: type=1400 audit(1777626953.965:331): apparmor="DENIED" operation="mknod" class="file" profile="ubuntu_pro_esm_cache" name="/usr/lib/python3/dist-packages/uaclient/messages/__pycache__/urls.cpython-312.pyc.140278818749744" pid=7140 comm="python3" requested_mask="c" denied_mask="c" fsuid=0 ouid=0
[224538.840584] systemd-journald[307]: /var/log/journal/560b026a44d3424ea490d29e1a7e2775/user-1002.journal: Journal file uses a different sequence number ID, rotating.
root@eltex-practice2-pg1-v13:~# sudo sudwhich dmesg

/usr/bin/dmesg
root@eltex-practice2-pg1-v13:~# sudo visudo

[ Reading... ][ Read 57 lines ]  GNU nano 7.2                                                                           /etc/sudoers.tmp                                                                                    
^G Help^O Write Out     ^W Where Is^K Cut^T Execute^C LocationM-U UndoM-A Set Mark     M-] To Bracket   M-Q Previous     ^B Back
^X Exit^R Read File     ^\ Replace^U Paste^J Justify^/ Go To Line    M-E RedoM-6 Copy^Q Where Was     M-W Next^F Forward
## This file MUST be edited with the 'visudo' command as root.
## Please consider adding local content in /etc/sudoers.d/ instead of
# directly modifying this file.
## See the man page for details on how to write a sudoers file.
#Defaultsenv_reset
Defaultsmail_badpass
Defaultssecure_path="/usr/local/sbin:/usr/local/bin:/usr/sbin:/usr/bin:/sbin:/bin:/snap/bin"
# This fixes CVE-2005-4890 and possibly breaks some versions of kdesu
# (#1011624, https://bugs.kde.org/show_bug.cgi?id=452532)
Defaultsuse_pty
# This preserves proxy settings from user environments of root
# equivalent users (group sudo)
#Defaults:%sudo env_keep += "http_proxy https_proxy ftp_proxy all_proxy no_proxy"
# This allows running arbitrary commands, but so does ALL, and it means
# different sudoers have their choice of editor respected.
#Defaults:%sudo env_keep += "EDITOR"
# Completely harmless preservation of a user preference.
#Defaults:%sudo env_keep += "GREP_COLOR"
# While you shouldn't normally run git as root, you need to with etckeeper
#Defaults:%sudo env_keep += "GIT_AUTHOR_* GIT_COMMITTER_*"
# Per-user preferences; root won't have sensible values for them.
#Defaults:%sudo env_keep += "EMAIL DEBEMAIL DEBFULLNAME"
# "sudo scp" or "sudo rsync" should be able to use your SSH agent.
#Defaults:%sudo env_keep += "SSH_AGENT_PID SSH_AUTH_SOCK"
# Ditto for GPG agent
#Defaults:%sudo env_keep += "GPG_AGENT_INFO"
# Host alias specification
# User alias specification
# Cmnd alias specification
# User privilege specification
root    ALL=(ALL:ALL) ALL

# Members of the admin group may gain root privileges
%admin ALL=(ALL) ALL

# Allow members of group sudo to execute any command
%sudo   ALL=(ALL:ALL) ALL

# See sudoers(5) for more information on "@include" directives:

@includedir /etc/sudoers.d
*
user1 =  ALL=/usr/bin/dmesgM-D DOS Format                   M-A Append      M-B Backup FileC CancelM-M Mac Format                   M-P Prepend                  ^T Browse
File Name to Write: /etc/sudoers.tmp                                                                                                                                                          [ Cancelled ]^O Write Out     ^W Where Is      ^K Cut    ^T Execute^C Location      M-U UndoM-A Set Mark     M-] To Bracket   M-Q Previous     ^B BackX Exit  ^R Read File     ^\ Replace       ^U Paste  ^J Justify^/ Go To Line    M-E RedoM-6 Copy^Q Where Was     M-W Next^F Forward
Save modified buffer?                                                                                                                                                                         Y Yes
 N No  ^C Cancel
^G HelpM-D DOS FormatM-A AppendM-B Backup File
^C Cancel         M-M Mac FormatM-P Prepend^T Browse
File Name to Write: /etc/sudoers.tmp [ Writing... ] [ Wrote 59 lines ]

root@eltex-practice2-pg1-v13:~# sudo visudo

[ Reading... ][ Read 59 lines ]  GNU nano 7.2                                                                           /etc/sudoers.tmp                                                                                    
^G Help^O Write Out     ^W Where Is^K Cut^T Execute^C LocationM-U UndoM-A Set Mark     M-] To Bracket   M-Q Previous     ^B Back
^X Exit^R Read File     ^\ Replace^U Paste^J Justify^/ Go To Line    M-E RedoM-6 Copy^Q Where Was     M-W Next^F Forward
## This file MUST be edited with the 'visudo' command as root.
## Please consider adding local content in /etc/sudoers.d/ instead of
# directly modifying this file.
## See the man page for details on how to write a sudoers file.
#Defaultsenv_reset
Defaultsmail_badpass
Defaultssecure_path="/usr/local/sbin:/usr/local/bin:/usr/sbin:/usr/bin:/sbin:/bin:/snap/bin"
# This fixes CVE-2005-4890 and possibly breaks some versions of kdesu
# (#1011624, https://bugs.kde.org/show_bug.cgi?id=452532)
Defaultsuse_pty
# This preserves proxy settings from user environments of root
# equivalent users (group sudo)
#Defaults:%sudo env_keep += "http_proxy https_proxy ftp_proxy all_proxy no_proxy"
# This allows running arbitrary commands, but so does ALL, and it means
# different sudoers have their choice of editor respected.
#Defaults:%sudo env_keep += "EDITOR"
# Completely harmless preservation of a user preference.
#Defaults:%sudo env_keep += "GREP_COLOR"
# While you shouldn't normally run git as root, you need to with etckeeper
#Defaults:%sudo env_keep += "GIT_AUTHOR_* GIT_COMMITTER_*"
# Per-user preferences; root won't have sensible values for them.
#Defaults:%sudo env_keep += "EMAIL DEBEMAIL DEBFULLNAME"
# "sudo scp" or "sudo rsync" should be able to use your SSH agent.
#Defaults:%sudo env_keep += "SSH_AGENT_PID SSH_AUTH_SOCK"
# Ditto for GPG agent
#Defaults:%sudo env_keep += "GPG_AGENT_INFO"
# Host alias specification
# User alias specification
# Cmnd alias specification
# User privilege specification
root    ALL=(ALL:ALL) ALL
# Members of the admin group may gain root privileges
%admin ALL=(ALL) ALL
# Allow members of group sudo to execute any command
%sudo   ALL=(ALL:ALL) ALL
# See sudoers(5) for more information on "@include" directives:
@includedir /etc/sudoers.d
user1 ALL=/usr/bin/dmesg
M-D DOS Format                   M-A Append      M-B Backup FileC CancelM-M Mac Format                   M-P Prepend                  ^T Browse
File Name to Write: /etc/sudoers.tmp                                                                                                                                                          [ Writing... ][ Wrote 59 lines ]^O Write Out     ^W Where Is      ^K Cut    ^T Execute^C Location      M-U UndoM-A Set Mark     M-] To Bracket   M-Q Previous     ^B BackX Exit  ^R Read File     ^\ Replace       ^U Paste  ^J Justify^/ Go To Line    M-E RedoM-6 Copy^Q Where Was     M-W Next^F Forward

root@eltex-practice2-pg1-v13:~#  

root@eltex-practice2-pg1-v13:~# 

root@eltex-practice2-pg1-v13:~# su user1

bash: /home/user1/.bashrc: Permission denied
user1@eltex-practice2-pg1-v13:/root$ dmesg 

dmesg: read kernel buffer failed: Operation not permitted
user1@eltex-practice2-pg1-v13:/root$ cd /

user1@eltex-practice2-pg1-v13:/$ dmesg

dmesg: read kernel buffer failed: Operation not permitted
user1@eltex-practice2-pg1-v13:/$ su root

Password: 
root@eltex-practice2-pg1-v13:/# visudo

[ Reading... ][ Read 59 lines ]  GNU nano 7.2                                                                           /etc/sudoers.tmp                                                                                    
^G Help^O Write Out     ^W Where Is^K Cut^T Execute^C LocationM-U UndoM-A Set Mark     M-] To Bracket   M-Q Previous     ^B Back
^X Exit^R Read File     ^\ Replace^U Paste^J Justify^/ Go To Line    M-E RedoM-6 Copy^Q Where Was     M-W Next^F Forward
## This file MUST be edited with the 'visudo' command as root.
## Please consider adding local content in /etc/sudoers.d/ instead of
# directly modifying this file.
## See the man page for details on how to write a sudoers file.
#Defaultsenv_reset
Defaultsmail_badpass
Defaultssecure_path="/usr/local/sbin:/usr/local/bin:/usr/sbin:/usr/bin:/sbin:/bin:/snap/bin"
# This fixes CVE-2005-4890 and possibly breaks some versions of kdesu
# (#1011624, https://bugs.kde.org/show_bug.cgi?id=452532)
Defaultsuse_pty
# This preserves proxy settings from user environments of root
# equivalent users (group sudo)
#Defaults:%sudo env_keep += "http_proxy https_proxy ftp_proxy all_proxy no_proxy"
# This allows running arbitrary commands, but so does ALL, and it means
# different sudoers have their choice of editor respected.
#Defaults:%sudo env_keep += "EDITOR"
# Completely harmless preservation of a user preference.
#Defaults:%sudo env_keep += "GREP_COLOR"
# While you shouldn't normally run git as root, you need to with etckeeper
#Defaults:%sudo env_keep += "GIT_AUTHOR_* GIT_COMMITTER_*"
# Per-user preferences; root won't have sensible values for them.
#Defaults:%sudo env_keep += "EMAIL DEBEMAIL DEBFULLNAME"
# "sudo scp" or "sudo rsync" should be able to use your SSH agent.
#Defaults:%sudo env_keep += "SSH_AGENT_PID SSH_AUTH_SOCK"
# Ditto for GPG agent
#Defaults:%sudo env_keep += "GPG_AGENT_INFO"
# Host alias specification
# User alias specification
# Cmnd alias specification
# User privilege specification
root    ALL=(ALL:ALL) ALL
# Members of the admin group may gain root privileges
%admin ALL=(ALL) ALL
# Allow members of group sudo to execute any command
%sudo   ALL=(ALL:ALL) ALL
# See sudoers(5) for more information on "@include" directives:
@includedir /etc/sudoers.d
user1 ALL=/usr/bin/dmesg
user1 ALL=*(/usr/bin/dmesg)/usr/bin/dmesgA)/usr/bin/dmesgL)/usr/bin/dmesgLL)/usr/bin/dmesg) /usr/bin/dmesgN/usr/bin/dmesgO/usr/bin/dmesgP/usr/bin/dmesgA/usr/bin/dmesgS/usr/bin/dmesgSS/usr/bin/dmesgW/usr/bin/dmesgD/usr/bin/dmesg:/usr/bin/dmesg /usr/bin/dmesgM-D DOS Format                   M-A Append      M-B Backup FileC CancelM-M Mac Format                   M-P Prepend                  ^T Browse
File Name to Write: /etc/sudoers.tmp                                                                                                                                                          [ Writing... ] [ Wrote 59 lines ]^O Write Out     ^W Where Is      ^K Cut    ^T Execute^C Location      M-U UndoM-A Set Mark     M-] To Bracket   M-Q Previous     ^B BackX Exit  ^R Read File     ^\ Replace       ^U Paste  ^J Justify^/ Go To Line    M-E RedoM-6 Copy^Q Where Was     M-W Next^F Forward

root@eltex-practice2-pg1-v13:/# tail visudo

tail: cannot open 'visudo' for reading: No such file or directory
root@eltex-practice2-pg1-v13:/# whick mesgh mesg

/usr/bin/mesg
root@eltex-practice2-pg1-v13:/# visudo

[ Reading... ][ Read 59 lines ]  GNU nano 7.2                                                                           /etc/sudoers.tmp                                                                                    
^G Help^O Write Out     ^W Where Is^K Cut^T Execute^C LocationM-U UndoM-A Set Mark     M-] To Bracket   M-Q Previous     ^B Back
^X Exit^R Read File     ^\ Replace^U Paste^J Justify^/ Go To Line    M-E RedoM-6 Copy^Q Where Was     M-W Next^F Forward
## This file MUST be edited with the 'visudo' command as root.
## Please consider adding local content in /etc/sudoers.d/ instead of
# directly modifying this file.
## See the man page for details on how to write a sudoers file.
#Defaultsenv_reset
Defaultsmail_badpass
Defaultssecure_path="/usr/local/sbin:/usr/local/bin:/usr/sbin:/usr/bin:/sbin:/bin:/snap/bin"
# This fixes CVE-2005-4890 and possibly breaks some versions of kdesu
# (#1011624, https://bugs.kde.org/show_bug.cgi?id=452532)
Defaultsuse_pty
# This preserves proxy settings from user environments of root
# equivalent users (group sudo)
#Defaults:%sudo env_keep += "http_proxy https_proxy ftp_proxy all_proxy no_proxy"
# This allows running arbitrary commands, but so does ALL, and it means
# different sudoers have their choice of editor respected.
#Defaults:%sudo env_keep += "EDITOR"
# Completely harmless preservation of a user preference.
#Defaults:%sudo env_keep += "GREP_COLOR"
# While you shouldn't normally run git as root, you need to with etckeeper
#Defaults:%sudo env_keep += "GIT_AUTHOR_* GIT_COMMITTER_*"
# Per-user preferences; root won't have sensible values for them.
#Defaults:%sudo env_keep += "EMAIL DEBEMAIL DEBFULLNAME"
# "sudo scp" or "sudo rsync" should be able to use your SSH agent.
#Defaults:%sudo env_keep += "SSH_AGENT_PID SSH_AUTH_SOCK"
# Ditto for GPG agent
#Defaults:%sudo env_keep += "GPG_AGENT_INFO"
# Host alias specification
# User alias specification
# Cmnd alias specification
# User privilege specification
root    ALL=(ALL:ALL) ALL
# Members of the admin group may gain root privileges
%admin ALL=(ALL) ALL
# Allow members of group sudo to execute any command
%sudo   ALL=(ALL:ALL) ALL
# See sudoers(5) for more information on "@include" directives:
@includedir /etc/sudoers.d
user1 ALL=(ALL) NOPASSWD: /usr/bin/dmesg

visudo: /etc/sudoers.tmp unchanged
